0d000000 A _stext
0d000000 T _vectors
0d000240 T fpuconfig
0d000268 T __start
0d0002d8 T exception_common
0d000354 t up_receive
0d000364 t up_rxint
0d00038c t up_rxflowcontrol
0d00039c t up_rxavailable
0d0003ac t up_send
0d0003b4 t up_txready
0d0003c4 t up_txempty
0d0003d8 t up_txint
0d00040c t up_set_format
0d0004a8 t up_detach
0d0004c0 t up_attach
0d0004e0 t up_interrupt
0d000510 t up_setup
0d000588 t cxd56_serial2_pm_event
0d0005a4 t up_shutdown
0d0005ec t up_ioctl
0d000764 T arm_earlyserialinit
0d000774 T arm_serialinit
0d0007a8 T up_putc
0d000808 t cxd56_uart_stop.constprop.0
0d000854 T arm_lowputc
0d00086c T cxd56_uart_reset
0d0008b0 T cxd56_uart_setup
0d000914 T cxd56_setbaud
0d000984 T cxd56_lowsetup
0d0009c4 t cxd56_uart_start.constprop.0
0d000a0c t cxd56_uart_clockchange
0d000a3c T cxd56_uart_initialize
0d000a54 T up_irqinitialize
0d000adc T up_disable_irq
0d000b84 T up_enable_irq
0d000c28 T arm_ack_irq
0d000c48 t get_mode_regaddr
0d000d80 T cxd56_pin_configs
0d000e58 T cxd56_pin_config
0d000e6c t busy_wait
0d000e7c t do_power_control
0d000eb0 t enable_pwd
0d000ef0 t disable_pwd
0d000f20 t enable_apwd
0d000f54 t disable_apwd
0d000f84 t cxd56_img_clock_enable
0d000fa4 t cxd56_scu_clock_ctrl
0d000ff8 t cxd56_scu_peri_clock_disable
0d001040 t cxd56_get_clock
0d0010ac t cxd56_img_clock_disable
0d0010f0 t clock_semgive.constprop.0
0d001108 t clock_semtake.constprop.0
0d001120 T cxd56_rcosc_enable
0d001128 t cxd56_scu_clock_enable.part.0
0d001184 t cxd56_scu_peri_clock_enable
0d0011f4 T cxd56_usb_clock_enable
0d001240 T cxd56_usb_clock_disable
0d001278 T cxd56_sdio_clock_enable
0d0012bc T cxd56_sdio_clock_disable
0d0012ec T cxd56_i2c_clock_enable
0d001334 T cxd56_i2c_clock_gate_enable
0d001348 T cxd56_i2c_clock_gate_disable
0d00135c T cxd56_img_uart_clock_enable
0d00138c T cxd56_img_uart_clock_disable
0d0013b4 T cxd56_img_cisif_clock_enable
0d0013dc T cxd56_img_cisif_clock_disable
0d001404 T cxd56_get_sys_baseclock
0d001450 T cxd56_get_scu_baseclock
0d001490 T cxd56_get_appsmp_baseclock
0d0014dc T cxd56_get_cpu_baseclk
0d00150c T cxd56_get_img_uart_baseclock
0d001534 T cxd56_get_com_baseclock
0d001550 T cxd56_get_sdio_baseclock
0d001574 T cxd56_get_i2c_baseclock
0d001586 T cxd56_get_pwm_baseclock
0d00158c T cxd56_scuseq_clock_is_enabled
0d00159c T cxd56_scuseq_clock_enable
0d0015c4 T cxd56_scuseq_release_reset
0d0015f0 T cxd56_udmac_clock_enable
0d001600 T cxd56_lpadc_clock_enable
0d001630 T cxd56_lpadc_clock_disable
0d001648 T cxd56_hpadc_clock_enable
0d001690 T cxd56_hpadc_clock_disable
0d0016c0 T cxd56_get_rcosc_clock
0d0016c8 T up_mdelay
0d001710 T up_udelay
0d001788 t cxd56_pm_semtake
0d00178c t cxd56_pmsendmsg
0d0017a8 t cxd56_pm_checkfreqlock
0d0017ec t cxd56_pmmsghandler
0d00182c t cxd56_pm_needcallback.constprop.0
0d001884 t cxd56_pm_maintask
0d001970 T cxd56_pm_register_callback
0d0019a4 T cxd56_pm_unregister_callback
0d0019d0 T cxd56_pm_bootup
0d0019e4 T up_pm_acquire_wakelock
0d001a18 T up_pm_release_wakelock
0d001a50 T up_pm_acquire_freqlock
0d001aa4 T up_pm_release_freqlock
0d001afc T cxd56_pm_initialize
0d001bac T up_pm_get_bootcause
0d001bb4 T up_pm_sleep
0d001bd0 T up_pm_reboot
0d001bdc T up_interrupt_context
0d001bec T modifyreg32
0d001c0c T arm_doirq
0d001c30 T arm_hardfault
0d001c64 T arm_svcall
0d001cf4 T fw_pm_startcpu
0d001cf8 T fw_pm_stopcpu
0d001cfc T fw_pm_sleepcpu
0d001d00 T fw_pm_wakeupcpu
0d001d04 T fw_pm_coldsleep
0d001d08 T fw_pm_deepsleep
0d001d0c T fw_pm_reboot
0d001d10 T fw_pm_loadimage
0d001d20 T fw_pm_pmiccontrol
0d001d84 T fw_fm_rawwrite
0d001d88 T fw_fm_rawread
0d001d8c T fw_fm_rawerasesector
0d001da0 T fw_fm_rawverifywrite
0d001ea8 T fw_as_acacontrol
0d001ecc T fw_pd_pinconfigs
0d001ef0 T fw_pd_uartinit
0d001ef4 T fw_pd_uartuninit
0d001ef8 T fw_pd_uartconfiguration
0d001efc T fw_pd_uartenable
0d001f00 T fw_pd_uartdisable
0d001f04 T fw_pd_uartreceive
0d001f08 T fw_pd_uartsend
0d001f2c T fw_um_init
0d001f30 T fw_um_open
0d001f34 T fw_um_commit
0d001f38 T fw_um_close
0d001f3c T fw_um_checkpoint
0d001f40 T fw_um_doupdatesequence
0d001f44 T fw_um_abort
0d001f68 T fw_gd_start
0d001f6c T fw_gd_stop
0d001f70 T fw_gd_selectsatellitesystem
0d001f74 T fw_gd_getsatellitesystem
0d001f78 T fw_gd_setreceiverpositionellipsoidal
0d001f7c T fw_gd_setreceiverpositionorthogonal
0d001f80 T fw_gd_setoperationmode
0d001f84 T fw_gd_getoperationmode
0d001f88 T fw_gd_settcxooffset
0d001f8c T fw_gd_gettcxooffset
0d001f90 T fw_gd_settime
0d001f94 T fw_gd_getalmanac
0d001f98 T fw_gd_setalmanac
0d001f9c T fw_gd_getephemeris
0d001fa0 T fw_gd_setephemeris
0d001fa4 T fw_gd_getvarephemeris
0d001fa8 T fw_gd_setvarephemeris
0d001fac T fw_gd_startgpstest
0d001fb0 T fw_gd_stopgpstest
0d001fb4 T fw_gd_getgpstestresult
0d001fb8 T fw_gd_savebackupdata
0d001fbc T fw_gd_erasebackup
0d001fc0 T fw_gd_cepsetassistdata
0d001fc4 T fw_gd_ceperaseassistdata
0d001fc8 T fw_gd_cepcheckassistdata
0d001fcc T fw_gd_cepgetagedata
0d001fd0 T fw_gd_cepinitassistdata
0d001fd4 T fw_gd_setacquist
0d001fd8 T fw_gd_setframetime
0d001fdc T fw_gd_settaugps
0d001fe0 T fw_gd_settimegps
0d001fe4 T fw_gd_clearreceiverinfo
0d001fe8 T fw_gd_settowassist
0d001fec T fw_gd_setutcmodel
0d001ff0 T fw_gd_spectrumcontrol
0d001ff4 T fw_gd_readbuffer
0d001ff8 T fw_gd_writebuffer
0d001ffc T fw_gd_setnotifymask
0d002000 T fw_gd_geoaddregion
0d002004 T fw_gd_geomodifyregion
0d002008 T fw_gd_geodeleteregione
0d00200c T fw_gd_geodeleteallregion
0d002010 T fw_gd_geogetregiondata
0d002014 T fw_gd_geogetusedregionid
0d002018 T fw_gd_geosetopmode
0d00201c T fw_gd_geosetallrgionnotifyrequest
0d002020 T fw_gd_registergeofence
0d002024 T fw_gd_releasegeofence
0d002028 T fw_gd_registerpvtlog
0d00202c T fw_gd_releasepvtlog
0d002030 T fw_gd_pvtlogdeletelog
0d002034 T fw_gd_pvtloggetlogstatus
0d002038 T fw_gd_rtkstart
0d00203c T fw_gd_rtkstop
0d002040 T fw_gd_rtksetoutputinterval
0d002044 T fw_gd_rtkgetoutputinterval
0d002048 T fw_gd_rtksetgnss
0d00204c T fw_gd_rtkgetgnss
0d002050 T fw_gd_rtksetephnotify
0d002054 T fw_gd_rtkgetephnotify
0d002058 T fw_gd_setusecase
0d00205c T fw_gd_getusecase
0d002060 T fw_gd_set1ppsoutput
0d002064 T fw_gd_get1ppsoutput
0d002068 T cxd56_pmic_set_gpo_reg
0d002080 T cxd56_pmic_set_gpo
0d0020de T cxd56_pmic_set_gpo_hiz
0d002124 T cxd56_pmic_get_gpo
0d00216a T cxd56_pmic_set_loadswitch_reg
0d00217e T cxd56_pmic_set_loadswitch
0d0021a8 T cxd56_pmic_get_loadswitch
0d0021d4 T cxd56_pmic_set_ddc_ldo_reg
0d0021e8 T cxd56_pmic_set_ddc_ldo
0d002212 T cxd56_pmic_get_ddc_ldo
0d00223e T cxd56_pmic_read
0d002256 T cxd56_pmic_write
0d002270 t icc_sighandler
0d002298 t icc_msghandler
0d00229e t icc_rxtimeout
0d0022a4 t icc_devnew
0d0022fc t icc_irqhandler
0d002390 t icc_recv
0d002418 T cxd56_iccregisterhandler
0d002448 T cxd56_iccsend
0d002490 T cxd56_iccrecvmsg
0d0024b8 T cxd56_iccinit
0d0024e8 T cxd56_iccinitmsg
0d002518 T cxd56_iccuninitmsg
0d002554 T cxd56_iccinitialize
0d0025b8 t cxd56_farapidonehandler
0d0025f8 T farapi_main
0d002684 T cxd56_farapiinitialize
0d00270c t cpufifo_reserve
0d002738 t cpufifo_txhandler
0d00277c T cxd56_cfpush
0d0027d4 T cxd56_cfpull
0d002808 t cpufifo_rxhandler
0d002830 T cxd56_cfregrxhandler
0d002858 T cxd56_cfinitialize
0d0028b8 t file_mq_vopen
0d0029f4 t nxmq_file_close
0d002a16 T nxmq_pollnotify
0d002a50 t nxmq_file_poll
0d002ae2 T file_mq_open
0d002b00 t files_extend
0d002b52 T files_initlist
0d002b5a T files_releaselist
0d002b94 T files_allocate
0d002c92 T files_duplist
0d002d0c T fs_getfilep
0d002d68 T nx_dup2
0d002dec T nx_close
0d002e3a T close
0d002e54 T inode_initialize
0d002e78 T inode_semtake
0d002eac T inode_semgive
0d002ed0 T inode_find
0d002ef6 T inode_release
0d002f32 T inode_unlink
0d002f7a T inode_remove
0d002fa4 t inode_alloc
0d002fe0 T inode_root_reserve
0d002ff8 T inode_reserve
0d003094 T inode_nextname
0d0030b0 T inode_search
0d003180 T file_close
0d0031ac T file_dup2
0d003232 T inode_addref
0d003252 T inode_free
0d003270 T cxd56_boardinitialize
0d003274 T __aeabi_ldivmod
0d003314 T __aeabi_uldivmod
0d003344 T __udivmoddi4
0d003608 W __aeabi_idiv0
0d003608 W __aeabi_ldiv0
0d00360c T getenv
0d003654 T nx_start
0d0037e4 t nx_start_task
0d00380c T nx_bringup
0d003848 T irq_attach
0d00388c T irq_dispatch
0d0038c8 T irq_unexpected_isr
0d0038e0 T file_mq_send
0d003970 T nxmq_verify_send
0d003998 T nxmq_alloc_msg
0d0039e0 T nxmq_wait_send
0d003a30 T nxmq_do_send
0d003b1c T file_mq_receive
0d003b82 T nxmq_verify_receive
0d003ba4 T nxmq_wait_receive
0d003c14 T nxmq_do_receive
0d003c78 W nxmq_initialize
0d003cd4 T nxmq_free_msg
0d003d18 T nxmq_alloc_msgq
0d003d52 T nxmq_free_msgq
0d003d70 T nxsched_get_files
0d003d80 T sched_lock
0d003d9c T sched_unlock
0d003e04 T nxsem_destroy
0d003e1a T sem_destroy
0d003e34 T nxsem_wait
0d003e88 T nxsem_wait_uninterruptible
0d003e98 T sem_wait
0d003eb4 T nxsem_trywait
0d003ef4 T sem_trywait
0d003f10 T nxsem_post
0d003f70 T sem_post
0d003f8c T nxsig_queue
0d003fd4 T nxsig_notification
0d004024 T nxsig_tcbdispatch
0d0041f8 T nxsig_dispatch
0d004220 T nxsig_deliver
0d0042d4 t nxthread_create
0d004324 T nxtask_create
0d00433a T task_create
0d00435a T kthread_create
0d004370 T nxtask_init
0d00442c t nxtask_assign_pid
0d004488 t nxthread_setup_scheduler.part.0
0d004530 T nxtask_setup_scheduler
0d00455c T pthread_setup_scheduler
0d004588 T nxtask_setup_arguments
0d004658 T nxtask_activate
0d004670 T nxtask_start
0d0046b4 T getpid
0d0046d0 T _exit
0d0046d8 T exit
0d004700 T wd_start
0d0047ac T wd_timer
0d0047f4 T wd_cancel
0d00485c t work_hpthread
0d004870 T work_start_highpri
0d0048b8 t work_lpthread
0d0048f4 T work_start_lowpri
0d004958 T env_findvar
0d004990 T setenv
0d004a40 T unsetenv
0d004aa4 T group_allocate
0d004ae4 T group_initialize
0d004b38 T group_leave
0d004bfc T group_findbypid
0d004c28 T group_setupidlefiles
0d004c68 T group_setuptaskfiles
0d004ca0 t group_kill_children_handler
0d004cd0 T group_kill_children
0d004cf4 t group_signal_handler
0d004d88 T group_signal
0d004dd4 W task_initialize
0d004df4 T group_alloc_child
0d004e0c T group_free_child
0d004e20 T group_add_child
0d004e28 T group_find_child
0d004e3a T group_remove_children
0d004e50 T tls_set_taskdata
0d004e5c W irq_initialize
0d004e80 T nxmq_wait_irq
0d004ec0 T pthread_cancel
0d004f10 T pthread_destroyjoin
0d004f5c T pthread_completejoin
0d004ff2 T pthread_findjoininfo
0d005004 T pthread_release
0d005034 T pthread_mutex_inconsistent
0d005074 T nxsched_get_tcb
0d0050ac T nxsched_release_tcb
0d005104 T nxsem_wait_irq
0d005134 W nxsig_initialize
0d0051f4 T nxsig_procmask
0d005258 T nxsig_find_action
0d00527c T nxsig_alloc_pendingsigaction
0d0052c4 T nxsig_release_pendingsigaction
0d005308 T nxsig_unmask_pendingsignal
0d005370 T nxsig_remove_pendingsignal
0d0053ac T nxsig_release_pendingsignal
0d0053f0 T nxsig_lowest
0d00540e T nxsig_cleanup
0d005440 T nxsig_release
0d005468 T task_delete
0d0054d0 T nxtask_exithook
0d005590 T task_getgroup
0d00559c T nxtask_recover
0d0055b4 T nxnotify_cancellation
0d0055e0 T nxtask_terminate
0d005630 W wd_initialize
0d005640 T wd_recover
0d005648 T work_process
0d005714 T clock_basetime
0d005718 t clock_inittime
0d005760 W clock_initialize
0d005772 T clock_synchronize
0d00578c W clock_timer
0d00579c T clock_systime_timespec
0d00582c T env_dup
0d005888 T env_release
0d00589c T env_removevar
0d0058dc T group_setupstreams
0d005914 T group_foreachchild
0d005936 T nxmq_recover
0d005958 T pthread_exit
0d0059a0 T pthread_sem_take
0d0059c2 T pthread_sem_give
0d0059da T nxsem_timedwait
0d0059e2 T nxsem_timedwait_uninterruptible
0d0059ec T nxsem_clockwait
0d005a60 T nxsem_clockwait_uninterruptible
0d005a78 T nxsem_timeout
0d005aa0 T nxsem_recover
0d005ac8 T nxsig_release_action
0d005ad4 T nxsig_pendingset
0d005b02 t nxsig_timeout
0d005b28 T nxsig_timedwait
0d005c24 T nxsig_usleep
0d005c50 T clock_timespec_compare
0d005c6c T clock_abstime2ticks
0d005cc8 T nxsig_nanosleep
0d005d50 T clock_nanosleep
0d005db0 T clock_gettime
0d005e40 T clock_time2ticks
0d005e78 T clock_ticks2time
0d005e94 T clock_timespec_subtract
0d005ed0 t uart_putc
0d005ef2 t uart_putxmitchar
0d005f82 t uart_read
0d0060b0 t uart_open
0d00612e t uart_pollnotify
0d006180 t uart_poll
0d006248 t uart_tcdrain
0d0062e8 t uart_write
0d0063ec T uart_register
0d006478 T uart_datareceived
0d006498 T uart_datasent
0d0064b8 t uart_ioctl
0d006614 T uart_reset_sem
0d00664c t uart_close
0d0066c0 T uart_xmitchars
0d00672e T uart_recvchars
0d0067ae T syslog_initialize
0d0067b2 T _assert
0d0067be T __errno
0d0067c8 T lib_stream_initialize
0d006806 T lib_stream_release
0d00684e T lib_sem_initialize
0d006868 T lib_take_semaphore
0d006896 T lib_give_semaphore
0d0068b2 T sq_addlast
0d0068c6 T sq_addfirst
0d0068d2 T sq_addafter
0d0068ee T sq_rem
0d00691e T sq_remfirst
0d006932 T sq_remafter
0d006954 T dq_addlast
0d00696a T dq_addfirst
0d006980 T dq_rem
0d00699c T nxtask_startup
0d0069aa T nxsem_init
0d0069c0 T sem_init
0d0069e0 T nxsem_get_value
0d0069f4 T nxsem_set_protocol
0d006a08 T nxsig_addset
0d006a22 T nxsig_delset
0d006a3c T sigemptyset
0d006a44 T nxsig_ismember
0d006a58 T sprintf
0d006a86 T asprintf
0d006aa0 T snprintf
0d006ace T vasprintf
0d006b18 t memoutstream_putc
0d006b34 T lib_memoutstream
0d006b54 t nulloutstream_putc
0d006b5c T lib_nulloutstream
0d006b74 T lib_noflush
0d006b78 T lib_vsprintf
0d00738c T __ultoa_invert
0d0073e8 T __dtoa_engine
0d0075f4 T lib_flushall
0d007630 T lib_fflush
0d0076c0 T memset
0d0076d0 T strchr
0d0076e8 T strcpy
0d0076f8 T strlen
0d007708 T strnlen
0d007722 T strncpy
0d007746 T memcpy
0d00775c T vsyslog
0d00777c T syslog
0d007798 T cfsetspeed
0d0077dc T cfgetspeed
0d0077e0 T tls_get_info
0d0077f8 T stream_semtake
0d007808 T stream_semgive
0d00780c T umm_initialize
0d00781c T free
0d007828 T malloc
0d007834 T realloc
0d007844 T zalloc
0d007850 T mm_addregion
0d0078b2 T mm_initialize
0d007902 T mm_seminitialize
0d00791c T mm_trysemaphore
0d00795a T mm_takesemaphore
0d007990 T mm_givesemaphore
0d0079ac T mm_addfreechunk
0d0079e2 T mm_size2ndx
0d0079fc T mm_free
0d007ac4 T mm_malloc
0d007b7a T mm_realloc
0d007d2e T mm_zalloc
0d007d48 T mm_shrinkchunk
0d007dac T up_allocate_heap
0d007dc4 T up_idle
0d007dc8 t cxd56_timerisr
0d007dd4 t cxd56_changeclock
0d007e50 T up_timer_initialize
0d007eac T cxd56_timerisr_initialize
0d007ec4 t cxd56_rtc_interrupt
0d007f00 T cxd56_rtc_count
0d007f24 T up_rtc_gettime
0d007f58 t cxd56_rtc_initialize
0d008054 T up_rtc_initialize
0d008060 T up_rtc_settime
0d0080ac T cxd56_rtc_setalarm
0d008170 T cxd56_rtc_cancelalarm
0d0081fc t up_stackdump
0d00824c T up_assert
0d008480 T up_block_task
0d0084ec T arm_copyfullstate
0d008504 T up_create_stack
0d008554 T up_exit
0d00857c T up_initialize
0d0085a4 T up_initial_state
0d0085fc T up_release_pending
0d008644 T up_release_stack
0d008664 T up_schedule_sigaction
0d0086fc T arm_sigdeliver
0d008754 T up_stack_frame
0d00877c T up_unblock_task
0d0087cc T up_use_stack
0d00880c T arm_saveusercontext
0d008820 T arm_fullcontextrestore
0d00882a T arm_switchcontext
0d008838 t cxd56_epwrite
0d008888 t cxd56_reqcomplete
0d0088e8 t cxd56_rdrequest
0d008924 t cxd56_sysinterrupt
0d008934 t cxd56_epconfigure
0d008a04 t cxd56_epstall
0d008a4c t cxd56_getframe
0d008a68 t cxd56_wakeup
0d008a8c t cxd56_selfpowered
0d008aa0 t cxd56_pullup
0d008ad8 t cxd56_notify_signal
0d008b00 t cxd56_epfreebuffer
0d008b06 t cxd56_epfreereq
0d008b0c t cxd56_freeep
0d008b70 t cxd56_epallocbuffer
0d008b76 t cxd56_epallocreq
0d008b90 t cxd56_allocep
0d008c84 t cxd56_cancelrequests
0d008cfc t cxd56_epcancel
0d008d16 t cxd56_epdisable
0d008d3c t cxd56_vbusninterrupt
0d008da8 t cxd56_dispatchrequest.constprop.0
0d008ddc t cxd56_epfindbyaddr.constprop.0
0d008e18 t cxd56_ep0setup.constprop.0
0d008fcc t cxd56_usbinterrupt
0d009518 t cxd56_vbusinterrupt
0d0097b4 t cxd56_epsubmit
0d0098b4 T usbdev_unregister
0d009928 T arm_usbuninitialize
0d0099a0 T arm_usbinitialize
0d009ab4 T cxd56_usbdev_setsigno
0d009acc T board_late_initialize
0d009ad0 T fs_initialize
0d009ad4 T inode_checkflags
0d009afc t file_vopen.constprop.0
0d009bd6 t nx_vopen
0d009c08 T file_open
0d009c22 T nx_open
0d009c3c T open
0d009c68 T file_write
0d009c92 T nx_write
0d009cb8 T write
0d009cd2 T fs_fdopen
0d009da4 T register_driver
0d009de0 T block_proxy
0d009e90 T inode_stat
0d009f52 T nx_stat
0d009fca T stat
0d009fe6 T lstat
0d00a002 T nx_unlink
0d00a0d0 T unlink
0d00a0ec W spresense_main
0d00a0f0 W board_timerhook
0d00a0f4 T cxd56_bringup
0d00a208 T board_power_control
0d00a25c T board_power_setup
0d00a2e0 t board_flash_power_control.part.0
0d00a310 T board_power_monitor
0d00a344 T board_flash_power_control
0d00a380 T board_xtal_power_control
0d00a3c4 T board_lna_power_control
0d00a408 T board_reset
0d00a42c T board_power_off
0d00a478 t pwm_initialize
0d00a4ac T board_pwm_setup
0d00a4d8 t board_sdcard_enable
0d00a568 t board_sdcard_disable
0d00a594 t board_sdcard_detect_int
0d00a62c T board_sdcard_initialize
0d00a664 T board_sdcard_pin_initialize
0d00a668 T board_sdcard_pin_configuraton
0d00a6d0 T board_sdcard_pin_enable
0d00a6d2 T board_sdcard_pin_disable
0d00a6d4 T board_crashdump
0d00a81c T board_i2cdev_initialize
0d00a83c T board_isx012_power_on
0d00a874 T board_isx012_power_off
0d00a8aa T board_isx012_set_reset
0d00a8b2 T board_isx012_release_reset
0d00a8bc T board_isx012_set_sleep
0d00a8e0 T board_isx012_release_sleep
0d00a8f8 T board_isx012_initialize
0d00a958 T board_clock_initialize
0d00a964 T __aeabi_drsub
0d00a96c T __aeabi_dsub
0d00a96c T __subdf3
0d00a970 T __adddf3
0d00a970 T __aeabi_dadd
0d00abe8 T __aeabi_ui2d
0d00abe8 T __floatunsidf
0d00ac08 T __aeabi_i2d
0d00ac08 T __floatsidf
0d00ac2c T __aeabi_f2d
0d00ac2c T __extendsfdf2
0d00ac70 T __aeabi_ul2d
0d00ac70 T __floatundidf
0d00ac80 T __aeabi_l2d
0d00ac80 T __floatdidf
0d00acdc T __aeabi_dmul
0d00acdc T __muldf3
0d00af30 T __aeabi_ddiv
0d00af30 T __divdf3
0d00b100 T __gedf2
0d00b100 T __gtdf2
0d00b108 T __ledf2
0d00b108 T __ltdf2
0d00b110 T __cmpdf2
0d00b110 T __eqdf2
0d00b110 T __nedf2
0d00b18c T __aeabi_cdrcmple
0d00b19c T __aeabi_cdcmpeq
0d00b19c T __aeabi_cdcmple
0d00b1ac T __aeabi_dcmpeq
0d00b1c0 T __aeabi_dcmplt
0d00b1d4 T __aeabi_dcmple
0d00b1e8 T __aeabi_dcmpge
0d00b1fc T __aeabi_dcmpgt
0d00b210 T __aeabi_dcmpun
0d00b210 T __unorddf2
0d00b23c T __aeabi_d2ulz
0d00b23c T __fixunsdfdi
0d00b278 T __aeabi_d2uiz
0d00b278 T __fixunsdfsi
0d00b2b8 T nxsched_add_readytorun
0d00b304 T nxsched_remove_readytorun
0d00b32c T nxsched_add_prioritized
0d00b374 T nxsched_merge_pending
0d00b3cc T nxsched_add_blocked
0d00b3f4 T nxsched_remove_blocked
0d00b410 T sched_idletask
0d00b428 T nxsched_self
0d00b434 T nxsched_get_stackinfo
0d00b478 T nxsched_resume_scheduler
0d00b480 T nxsched_process_timer
0d00b4b4 T nxsem_reset
0d00b4f8 T nxtask_exit
0d00b540 t work_qqueue
0d00b588 T work_queue
0d00b5c0 t work_qcancel
0d00b5ec T work_cancel
0d00b60c T work_signal
0d00b654 T nxsched_process_roundrobin
0d00b68c T nxsig_kill
0d00b6e0 T kill
0d00b6fc T bchdev_register
0d00b730 t bch_unlink
0d00b760 t bch_ioctl
0d00b7d0 t bch_seek
0d00b820 t bch_open
0d00b84c t bch_write
0d00b890 t bch_read
0d00b8ca t bch_close
0d00b90e t bch_poll
0d00b92a t i2cdrvr_read
0d00b92e t i2cdrvr_write
0d00b932 t i2cdrvr_unlink
0d00b968 t i2cdrvr_ioctl
0d00b9ae t i2cdrvr_close
0d00b9e6 t i2cdrvr_open
0d00ba08 T i2c_register
0d00ba60 t mmsd_recv_r1
0d00ba90 t mmcsd_wrprotected
0d00baaa t mmcsd_removed
0d00bae4 t mmcsd_takesem
0d00bafe t mmcsd_givesem
0d00bb16 t mmcsd_geometry
0d00bb72 t mmcsd_close
0d00bb90 t mmcsd_open
0d00bbae t mmcsd_sendcmdpoll
0d00bbcc t mmcsd_get_r1
0d00bc0c t mmcsd_setblocklen
0d00bc34 t mmcsd_transferready
0d00bca4 t mmcsd_eventwait.constprop.0
0d00bcc6 t mmcsd_read
0d00be40 t mmcsd_probe
0d00c208 t mmcsd_ioctl
0d00c252 t mmcsd_mediachange
0d00c28a t mmcsd_write
0d00c4bc T mmcsd_slotinitialize
0d00c588 T nx_vsyslog
0d00c5ae t syslogstream_putc
0d00c5d0 T syslogstream_create
0d00c5e8 t emergstream_putc
0d00c608 T emergstream
0d00c620 T syslog_putc
0d00c650 T syslog_force
0d00c66c T syslog_flush
0d00c684 t rtc_read
0d00c688 t rtc_write
0d00c68c t rtc_destroy
0d00c6aa t rtc_unlink
0d00c6d2 t rtc_close
0d00c702 t rtc_open
0d00c724 t rtc_ioctl
0d00c8c4 t rtc_alarm_callback
0d00c8f8 T rtc_initialize
0d00c960 t pwm_read
0d00c964 t pwm_close
0d00c998 t pwm_open
0d00c9da t pwm_ioctl
0d00ca88 t pwm_write
0d00ca8c T pwm_register
0d00cac4 t isx012_replace_frameinterval_to_regval
0d00cb2c t isx012_validate_frame_setting
0d00cc08 t isx012_stop_capture
0d00cc0c t isx012_getreg
0d00cc70 t isx012_putreg
0d00ccb6 t isx012_chk_int_state
0d00cd20 t isx012_putreglist
0d00cd48 t isx012_set_value
0d00d11c t isx012_get_value
0d00d480 t isx012_get_supported_value
0d00d70c t isx012_uninit
0d00d73c t isx012_start_capture
0d00d9dc T init_isx012
0d00dcac t isx012_init
0d00dcd0 T isx012_initialize
0d00dcf8 t devnull_read
0d00dcfc t devnull_write
0d00dd00 t devnull_poll
0d00dd1c T devnull_register
0d00dd34 T bchlib_setup
0d00ddce T bchlib_teardown
0d00de00 T bchlib_read
0d00dec4 T bchlib_write
0d00dfa0 T bchlib_flushsector
0d00dfbc T bchlib_readsector
0d00dfea T bchlib_semtake
0d00dff0 T i2c_read
0d00e020 T i2c_write
0d00e050 t syslog_default_putc
0d00e058 T imgsensor_register
0d00e064 T imgdata_register
0d00e070 T strdup
0d00e094 T usleep
0d00e0c4 T memalign
0d00e0d4 T umm_heapmember
0d00e0e0 T mm_memalign
0d00e1b4 T mm_heapmember
0d00e1cc t get_gpio_regaddr
0d00e1e2 T cxd56_gpio_config
0d00e21a T cxd56_gpio_write
0d00e22e T cxd56_gpio_write_hiz
0d00e23c T cxd56_gpio_read
0d00e270 t sysctl_rxhandler
0d00e288 T cxd56_sysctlcmd
0d00e2dc t sysctl_ioctl
0d00e2e8 T cxd56_sysctlinitialize
0d00e340 t cxd56_alarm_callback
0d00e35e t cxd56_cancelalarm
0d00e370 t cxd56_setalarm
0d00e3b4 t cxd56_setrelative
0d00e40e t cxd56_settime
0d00e428 t cxd56_rdtime
0d00e454 T cxd56_rtc_lowerhalf
0d00e45c t get_pin2irq
0d00e49c t invert_irq
0d00e4c4 t gpioint_handler
0d00e54c T cxd56_gpioint_config
0d00e72c T cxd56_gpioint_enable
0d00e740 t cxd56_configwaitints
0d00e778 t cxd56_configxfrints
0d00e7a0 t cxd56_sdio_capabilities
0d00e7a4 t cxd56_sdio_status
0d00e7ac t cxd56_sdio_widebus
0d00e7c4 t cxd56_sdio_sendcmd
0d00e8f4 t cxd56_blocksetup
0d00e908 t cxd56_sdio_recvlong
0d00e984 t cxd56_sdio_recvshort
0d00e9ac t cxd56_sdio_registercallback
0d00e9bc t cxd56_sdio_admasetup
0d00ea20 t cxd56_sdio_cancel
0d00eabc t cxd56_sdio_eventwait
0d00eb50 t cxd56_endwait
0d00eb76 t cxd56_eventtimeout
0d00eb88 t cxd56_sdio_frequency
0d00ebd4 t cxd56_sdio_clock
0d00ec7c t cxd56_sdio_sdhci_reset
0d00ed04 t cxd56_sdio_waitresponse
0d00eda4 t cxd56_sdio_recvshortcrc
0d00ede0 t cxd56_sdio_callback
0d00ee8c t cxd56_sdio_callbackenable
0d00ee94 t cxd56_sdio_waitenable
0d00eeec t cxd56_sdio_attach
0d00ef1c t cxd56_sdio_lock
0d00ef38 t cxd56_sdio_dmasendsetup
0d00f020 t cxd56_endtransfer.constprop.0
0d00f0a4 t cxd56_interrupt
0d00f12c t cxd56_sdio_dmarecvsetup
0d00f1dc T cxd56_sdhci_initialize
0d00f278 T cxd56_sdhci_finalize
0d00f2b0 T cxd56_sdhci_mediachange
0d00f330 T cxd56_sdio_resetstatus
0d00f33a t cxd56_i2c_disable
0d00f366 t cxd56_i2c_timeout
0d00f388 t cxd56_i2c_setfrequency
0d00f578 t cxd56_i2c_transfer
0d00f784 t cxd56_i2c_interrupt
0d00f828 T cxd56_i2cbus_initialize
0d00f950 t pwm_shutdown
0d00f954 t pwm_stop
0d00f968 t pwm_ioctl
0d00f970 t pwm_start
0d00fa7c t pwm_setup
0d00fab8 T cxd56_pwminitialize
0d00facc t cisif_vs_int
0d00fae8 t cisif_ycc_nstorage_int
0d00fb14 t cisif_jpg_nstorage_int
0d00fb40 t cisif_ycc_err_int
0d00fb6c t cisif_jpg_err_int
0d00fb98 t cisif_intc_handler
0d00fbd4 t cisif_set_yuv_param
0d00fc0c t cxd56_cisif_stop_capture
0d00fc2c t cxd56_cisif_validate_buf
0d00fc44 t cxd56_cisif_uninit
0d00fc80 t cxd56_cisif_init
0d00fcc0 t cisif_callback_for_intlev.isra.0
0d00fd04 t cisif_jpg_axi_trdn_int
0d00fd4c t cisif_ycc_axi_trdn_int
0d00fd94 t cxd56_cisif_set_buf
0d00fe40 t cxd56_cisif_validate_frame_setting
0d00feb4 t cxd56_cisif_start_capture
0d00ffd0 T cxd56_cisif_initialize
0d00ffe0 t findzeroandset
0d01001c t bitmapclear
0d01003c t seq_setdecimation
0d010084 t seq_setbus
0d0100c0 t seq_setsignconversion
0d0100e4 t seq_setstartmode
0d010104 t seq_setstartinterval
0d010128 t seq_stopseq
0d010140 t seq_offsetgainenable
0d010168 t mathf_set_coeff
0d010174 t mathf_setiirfilter
0d0101d4 t seq_fifodmadone
0d0101e0 t seq_scuirqhandler
0d0104d8 t seq_fifoisactive.isra.0
0d0104f6 t seq_isactive.isra.0
0d01050c t seq_free
0d010534 t seq_fifofree.part.0
0d0105ec t deci_free
0d010614 t seq_alloc
0d010640 t seq_sync.isra.0
0d0106a4 T seq_open
0d01076c T seq_setsample
0d0107a4 T seq_read
0d0108a8 T seq_ioctl
0d010ffc T seq_close
0d011068 T scu_initialize
0d011254 T scufifo_memalloc
0d0112b4 T scufifo_memfree
0d0112e4 T scufifo_initialize
0d01130c t cxd56_adc_ioctl
0d01168c t cxd56_adc_read
0d01169e t cxd56_adc_close
0d0116f4 t cxd56_adc_open
0d011788 T cxd56_adc_getinterval
0d01180c T cxd56_adcinitialize
0d011908 T cxd56_udmainitialize
0d01195c T cxd56_udmachannel
0d0119d4 T cxd56_udmafree
0d0119f0 T cxd56_rxudmasetup
0d011a6c T cxd56_udmastart
0d011ab8 T cxd56_udmastop
0d011ad8 t cxd56_dmac_interrupt
0d011b28 t cxd56_start
0d011b48 t cxd56_stop
0d011b64 t cxd56_timer_interrupt
0d011bac t cxd56_getstatus
0d011be8 t cxd56_setcallback
0d011c00 t cxd56_ioctl
0d011c24 t cxd56_settimeout
0d011c74 T cxd56_timer_initialize
0d011cdc t cxd56_wdtinterrupt
0d011cec t cxd56_start
0d011d10 t cxd56_stop
0d011d2c t cxd56_keepalive
0d011d48 t cxd56_ioctl
0d011d50 t cxd56_settimeout
0d011de8 t cxd56_getstatus
0d011e40 t cxd56_capture
0d011e68 t cxd56_pm_event
0d011e88 T cxd56_wdt_initialize
0d011ed8 t cxd56_gnss_write
0d011ede t cxd56_gnss_poll
0d011f48 t cxd56_gnss_ioctl
0d011f8c t cxd56_gnss_cpufifoapi_signalhandler
0d011f9a t cxd56_gnss_get_1pps_output
0d011fb8 t cxd56_gnss_set_1pps_output
0d011fe0 t cxd56_gnss_get_usecase
0d011ffe t cxd56_gnss_set_usecase
0d012004 t cxd56_gnss_get_var_ephemeris
0d012018 t cxd56_gnss_set_var_ephemeris
0d012028 t cxd56_gnss_start_navmsg_output
0d012036 t cxd56_gnss_start_rtk_output
0d01204c t cxd56_gnss_get_pvtlog_status
0d01205a t cxd56_gnss_delete_pvtlog
0d01205e t cxd56_gnss_stop_pvtlog
0d012062 t cxd56_gnss_start_pvtlog
0d012072 t cxd56_gnss_set_signal
0d012124 t cxd56_gnss_get_test_result
0d012134 t cxd56_gnss_stop_test
0d01214e t cxd56_gnss_control_spectrum
0d012174 t cxd56_gnss_set_utc_model
0d012186 t cxd56_gnss_set_tow_assist
0d012198 t cxd56_gnss_clear_receiver_info
0d01219e t cxd56_gnss_set_time_gps
0d0121ae t cxd56_gnss_set_tau_gps
0d0121bc t cxd56_gnss_set_frametime
0d0121ce t cxd56_gnss_set_acquist_data
0d0121e0 t cxd56_gnss_get_rtk_ephemeris_enable
0d0121fe t cxd56_gnss_set_rtk_ephemeris_enable
0d012204 t cxd56_gnss_get_rtk_satellite
0d012222 t cxd56_gnss_select_rtk_satellite
0d012228 t cxd56_gnss_get_rtk_interval
0d012246 t cxd56_gnss_set_rtk_interval
0d01224c t cxd56_gnss_stop_rtk_output
0d012250 t cxd56_gnss_close_cep_data
0d012258 t cxd56_gnss_open_cep_data
0d012260 t cxd56_gnss_get_cep_age
0d012270 t cxd56_gnss_check_cep_data
0d012274 t cxd56_gnss_erase_backup_data
0d012280 t cxd56_gnss_read
0d01233c t cxd56_gnss_save_backup_data
0d0123a8 t cxd56_gnss_set_ephemeris
0d0123b8 t cxd56_gnss_get_ephemeris
0d0123d2 t cxd56_gnss_set_almanac
0d0123e2 t cxd56_gnss_get_almanac
0d0123fc t cxd56_gnss_set_time
0d012428 t cxd56_gnss_get_tcxo_offset
0d012446 t cxd56_gnss_set_tcxo_offset
0d01244c t cxd56_gnss_get_ope_mode
0d01245c t cxd56_gnss_set_ope_mode
0d01246c t cxd56_gnss_set_receiver_position_orthogonal
0d012480 t cxd56_gnss_set_receiver_position_ellipsoidal
0d012494 t cxd56_gnss_get_satellite_system
0d0124b2 t cxd56_gnss_select_satellite_system
0d0124b8 t cxd56_gnss_close
0d0124ee t cxd56_gnss_common_signalhandler
0d012540 t cxd56_gnss_default_sighandler
0d0126b4 t cxd56_gnss_start_test
0d012700 t cxd56_gnss_cpufifo_api.isra.0
0d012720 t cxd56_gnss_reset_cep_flag
0d01272a t cxd56_gnss_stop
0d012744 t cxd56_gnss_start
0d012790 t cxd56_gnss_open
0d012874 T cxd56_gnssinitialize
0d012928 t cxd56cpu1_worker
0d01295c T cxd56_cpu1sigsend
0d01297c T cxd56_cpu1sigregisterhandler
0d012990 T cxd56_cpu1siginit
0d012a30 t cxd56_geofence_open
0d012a34 t cxd56_geofence_ioctl
0d012a50 t cxd56_geofence_sighandler
0d012a88 t cxd56_geofence_poll
0d012aee t cxd56_geofence_set_mode
0d012afe t cxd56_geofence_get_all_status
0d012b02 t cxd56_geofence_get_used_id
0d012b18 t cxd56_geofence_get_region_data
0d012b32 t cxd56_geofence_delete_all_region
0d012b36 t cxd56_geofence_delete_region
0d012b46 t cxd56_geofence_modify_region
0d012b5a t cxd56_geofence_add_region
0d012b6e t cxd56_geofence_stop
0d012b72 t cxd56_geofence_start
0d012b76 t cxd56_geofence_read
0d012b90 t cxd56_geofence_close
0d012b94 T cxd56_geofenceinitialize
0d012bfc T up_backuplog_initialize
0d012c30 T up_backuplog_region
0d012cac T up_backuplog_free
0d012d64 T up_backuplog_alloc
0d012e60 T up_reprioritize_rtr
0d012ed4 T nsh_main
0d012f1c T nsh_initialize
0d012f1e T nsh_consolemain
0d012f3c t nsh_consolelinebuffer
0d012f42 t nsh_consoleredirect
0d012f86 t nsh_closeifnotclosed
0d012fe6 t nsh_consoleundirect
0d01300a t nsh_consolerelease
0d01301c t nsh_consoleexit
0d01302c t nsh_openifnotopen.part.0
0d01305c t nsh_consolewrite
0d013096 t nsh_erroroutput
0d0130c8 t nsh_consoleoutput
0d0130fc T nsh_newconsole
0d01317c t nsh_consoleclone
0d013184 T nsh_session
0d01327c t readline_getc
0d0132ac T readline
0d0132cc T readline_common
0d013364 t nsh_strchr
0d013388 t nsh_dequote
0d0133b2 t nsh_cmdenabled
0d0133f4 t nsh_releaseargs
0d01342e t nsh_child
0d01344a t nsh_saveresult
0d0134c0 t nsh_execute
0d013670 t nsh_memlist_free.part.0
0d013694 t nsh_strcat
0d0136e8 t nsh_argument
0d013b98 t nsh_parse_command
0d0141e4 T nsh_parse
0d014274 T cmd_break
0d0142a0 T nsh_script
0d0143bc t cmd_unrecognized
0d0143d0 t cmd_true
0d0143d4 t cmd_false
0d0143da t cmd_exit
0d0143e4 t help_showcmd
0d01440c t help_cmd
0d01445c t cmd_help
0d014650 T nsh_command
0d0146b8 t nsh_getdirpath
0d014710 t unlink_recursive
0d0147dc t ls_specialdir
0d014804 t ls_handler
0d01498c t ls_recursive
0d014a04 T cmd_basename
0d014a4c T cmd_dirname
0d014a68 T cmd_cat
0d014ac4 T cmd_cp
0d014ca0 T cmd_ls
0d014e14 T cmd_mkdir
0d014e68 T cmd_mkfatfs
0d014f98 T cmd_mkfifo
0d014fec T cmd_mkrd
0d0150f4 T cmd_mv
0d01517c T cmd_rm
0d0151fc T cmd_rmdir
0d01524c T cmd_source
0d015254 T cmd_cmp
0d015394 T cmd_dd
0d01562c T cmd_exec
0d015674 T cmd_kill
0d015710 T cmd_sleep
0d01574c T cmd_usleep
0d015788 T cmd_time
0d015840 T cmd_date
0d015a40 T nsh_getcwd
0d015a5c T nsh_getfullpath
0d015b04 T nsh_freefullpath
0d015b0c T cmd_cd
0d015bd4 T cmd_echo
0d015c44 T cmd_pwd
0d015c60 T cmd_set
0d015d78 T cmd_unset
0d015db4 T cmd_poweroff
0d015dfc T cmd_reboot
0d015e44 T cmd_uname
0d015fa0 T nsh_dumpbuffer
0d01605c T cmd_xd
0d0160b4 T cmd_hexdump
0d016240 T nsh_catfile
0d016344 T nsh_foreach_direntry
0d0163a0 T nsh_trimdir
0d0163c4 T nsh_trimspaces
0d016400 T cmd_mount
0d016558 T cmd_umount
0d0165ac t expression
0d0168c8 T cmd_test
0d0168d0 T cmd_lbracket
0d016910 T mkfatfs
0d0169f8 T mkfatfs_configfatfs
0d016db4 t mkfatfs_initmbr
0d016f18 t mkfatfs_devwrite.isra.0
0d016f70 T mkfatfs_writefatfs
0d017144 T file_vioctl
0d017160 t nx_vioctl
0d0171e2 T ioctl
0d01720e T file_seek
0d01724e T nx_seek
0d01726c T lseek
0d017286 T mkdir
0d017326 T file_read
0d017350 T nx_read
0d01736e T read
0d017388 T rename
0d017620 T rmdir
0d0176ce T unregister_driver
0d0176ea T register_blockdriver
0d017724 T open_blockdriver
0d017766 T close_blockdriver
0d017790 T mtd_proxy
0d017838 T closedir
0d01789a T opendir
0d017974 T readdir
0d017a50 T nx_mount
0d017b60 T mount
0d017b80 T nx_umount2
0d017c3e T umount2
0d017c58 t fat_ioctl
0d017c94 t fat_stat_file
0d017d16 t fat_rename
0d017de8 t fat_rmdir
0d017e18 t fat_unlink
0d017e48 t fat_rewinddir
0d017eb0 t fat_opendir
0d017f2e t fat_fstat
0d017f7e t fat_mkdir
0d0180ee t fat_statfs
0d018146 t fat_bind
0d0181ac t fat_readdir
0d018248 t fat_truncate
0d0182d6 t fat_dup
0d018362 t fat_sync
0d018414 t fat_close
0d018468 t fat_seek
0d0185ba t fat_write
0d018760 t fat_read
0d0188ac t fat_open
0d0189f4 t fat_stat
0d018a56 t fat_unbind
0d018ac6 t fat_putsfdirentry
0d018b14 T fat_finddirentry
0d018c90 T fat_allocatedirentry
0d018d5a T fat_freedirentry
0d018d78 T fat_dirname2path
0d018de0 T fat_dirnamewrite
0d018dfe T fat_dirwrite
0d018e02 T fat_dircreate
0d018e24 T fat_remove
0d018ef8 t fat_checkbootrecord
0d01900e T fat_getuint32
0d019024 T fat_semtake
0d01902a T fat_semgive
0d019030 T fat_systime2fattime
0d019034 T fat_fattime2systime
0d019038 T fat_checkmount
0d019070 T fat_hwread
0d019096 T fat_hwwrite
0d0190bc T fat_cluster2sector
0d0190d6 T fat_fscacheflush
0d01912c T fat_fscacheread
0d019158 T fat_mount
0d019290 T fat_getcluster
0d019350 T fat_nextdirentry
0d0193ae T fat_putcluster
0d0194a8 T fat_removechain
0d0194f0 T fat_extendchain
0d019580 T fat_dirshrink
0d0195f6 T fat_dirtruncate
0d019632 T fat_ffcacheflush
0d01965e T fat_ffcacheread
0d01969c T fat_ffcacheinvalidate
0d0196c4 T fat_updatefsinfo
0d019734 T fat_nfreeclusters
0d0197c4 T fat_currentsector
0d0197fa T fat_dirextend
0d0198ee t file_vfcntl
0d01995c T nx_fcntl
0d019986 T find_blockdriver
0d0199fc T find_mtddriver
0d019a52 T file_dup
0d019a90 T clock_settime
0d019b00 t pthread_start
0d019b5c T pthread_create
0d019d54 T pthread_detach
0d019d9c T nxsched_get_streams
0d019dac T nxsched_set_param
0d019df0 T sched_setparam
0d019e0c T nxsched_set_priority
0d019e94 T nxsched_get_param
0d019edc T sched_getparam
0d019ef8 T nxsched_get_scheduler
0d019f1c T group_bind
0d019f2c T group_join
0d019f7a t ftl_open
0d019f86 t ftl_read
0d019fa6 t ftl_geometry
0d019fc6 t ftl_ioctl
0d019fee t ftl_unlink
0d01a00c t ftl_close
0d01a030 t ftl_write
0d01a1b8 T ftl_initialize_by_path
0d01a21c t wdog_read
0d01a220 t wdog_ioctl
0d01a2b8 t wdog_close
0d01a2dc t wdog_open
0d01a30c t wdog_write
0d01a310 T watchdog_register
0d01a368 t timer_read
0d01a36c t timer_close
0d01a38e t timer_open
0d01a3bc t timer_notifier
0d01a3d4 t timer_write
0d01a3d8 T timer_register
0d01a42c T timer_setcallback
0d01a444 t timer_ioctl
0d01a4e8 T boardctl
0d01a558 T iscntrl
0d01a56a T isgraph
0d01a576 T islower
0d01a582 T isspace
0d01a596 T toupper
0d01a5a4 T basename
0d01a5f0 T dirname
0d01a644 T uname
0d01a6c0 T mkfifo
0d01a6e0 T pthread_attr_init
0d01a6f8 T pthread_attr_setschedpolicy
0d01a70a T pthread_attr_setschedparam
0d01a71a T sched_get_priority_max
0d01a71e T sched_get_priority_min
0d01a722 T lib_mode2oflags
0d01a7d4 T fdopen
0d01a802 T fopen
0d01a84c T fclose
0d01a914 T fseek
0d01a950 T ftell
0d01a99e T fgets
0d01a9ba t consume_eol
0d01a9da T lib_fgets
0d01aa5a T fwrite
0d01aa74 T lib_fwrite
0d01ab26 T fflush
0d01ab52 T lib_rdflush
0d01abac T lib_wrflush
0d01abc2 T fputs
0d01ac20 T fprintf
0d01ac3a T vfprintf
0d01ac72 t stdoutstream_flush
0d01ac7a t stdoutstream_putc
0d01aca0 T lib_stdoutstream
0d01acd4 T atoi
0d01acdc T strtol
0d01ad50 T strtoul
0d01ae0a T lib_checkbase
0d01ae68 T lib_isbasedigit
0d01aeb4 T memcmp
0d01aed8 T lib_skipspace
0d01aef0 T strcat
0d01af10 T strcmp
0d01af28 T strcspn
0d01af44 T strncasecmp
0d01af70 T strncmp
0d01af90 T strrchr
0d01afb4 T strtok_r
0d01b00e T strlcpy
0d01b048 T strftime
0d01b210 T clock_daysbeforemonth
0d01b228 T clock_isleapyear
0d01b254 T mktime
0d01b280 T gmtime_r
0d01b394 T getopt
0d01b3a6 T getoptargp
0d01b3ae T getoptindp
0d01b3b8 T sleep
0d01b3f0 T chdir
0d01b468 T gethostname
0d01b48c T fgetc
0d01b4ac T fputc
0d01b4ea T clock_calendar2utc
0d01b51a T clock_dayoftheweek
0d01b562 t getopt_long_option
0d01b644 T getopt_common
0d01b798 T getoptvars
0d01b7a2 T lib_fread
0d01b8b4 T board_app_initialize
0d01b8b8 T board_ioctl
0d01b8cc T board_uniqueid
0d01b8e0 T nx_mkfifo
0d01b914 t pipecommon_pollnotify
0d01b958 T pipecommon_allocdev
0d01b9a6 T pipecommon_freedev
0d01b9c4 T pipecommon_close
0d01ba6e T pipecommon_open
0d01bb18 T pipecommon_read
0d01bbdc T pipecommon_write
0d01bcd4 T pipecommon_poll
0d01bd88 T pipecommon_ioctl
0d01be00 T pipecommon_unlink
0d01be26 T mkrd
0d01be66 t rd_open
0d01be72 t rd_geometry
0d01be94 t rd_ioctl
0d01beae t rd_close
0d01bed2 t rd_write
0d01bf0c t rd_read
0d01bf3e t rd_unlink
0d01bf60 T ramdisk_register
0d01bfc0 T cxd56_get_uniqueid
0d01c008 t g_uart2_ops
0d01c03c t g_uart_ops
0d01c0a0 t g_uartdevs
0d01c0ac t CSWTCH.51
0d01c0af T g_scuhpadc
0d01c0b3 T g_scui2c0
0d01c0b7 T g_sculpadc
0d01c112 t __FUNCTION__.6934
0d01c192 t __FUNCTION__.7182
0d01c1b8 t g_nxmq_fileops
0d01c1e0 t g_idlename
0d01c1ec T g_tasklisttable
0d01c25c t g_noname
0d01c27c t g_serialops
0d01c2a4 t g_nullstring
0d01c2b0 T g_dtoa_round
0d01c330 T g_dtoa_scale_down
0d01c378 T g_dtoa_scale_up
0d01c3c0 t g_baud_table
0d01c4b8 T g_idle_topstack
0d01c6a6 t __FUNCTION__.7804
0d01c6b3 t __FUNCTION__.7812
0d01c6c3 t __FUNCTION__.7822
0d01c6d0 t __FUNCTION__.7832
0d01c6f0 t g_devops
0d01c70c t g_epinfo
0d01c738 t g_epops
0d01c864 T bch_fops
0d01c890 t i2cdrvr_fops
0d01c8c0 t g_bops
0d01c8e8 t rtc_fops
0d01c908 t g_pwmops
0d01c937 t CSWTCH.47
0d01c93b t CSWTCH.48
0d01c950 t g_isx012_colorfx_regval
0d01c957 t g_isx012_cxc_grb_data
0d01ca14 t g_isx012_cxc_rgb_data
0d01cad2 t g_isx012_def_init
0d01cb9e t g_isx012_iso_regval
0d01cbb1 t g_isx012_photometry_regval
0d01cbb5 t g_isx012_presetwb_regval
0d01cbbc t g_isx012_presleep
0d01cbce t g_isx012_shd_b2_data
0d01cc68 t g_isx012_shd_grb_data
0d01cd91 t g_isx012_shd_r1_data
0d01ce2b t g_isx012_shd_r2_data
0d01cec5 t g_isx012_shd_rgb_data
0d01cfee t g_isx012_shd_thresholds
0d01d01e t g_isx012_shd_wb
0d01d054 t devnull_fops
0d01d074 t g_default_channel_ops
0d01d08c t g_sysctlfops
0d01d0ac t g_rtc_ops
0d01d0cc t CSWTCH.46
0d01d120 t CSWTCH.14
0d01d130 t g_pwmops
0d01d144 T g_cxd56_cisif_ops
0d01d160 T g_intcomp_func
0d01d1d4 t g_caddrs
0d01d264 T scu_isopprog_array
0d01ef34 t g_adcops
0d01ef68 t g_tmrops
0d01ef94 t g_wdgops
0d01efe8 t devsig_table.9331
0d01f040 t g_cmdlist
0d01f118 t g_gnssfops
0d01f148 t g_cmdlist
0d01f174 t g_geofencefops
0d01f298 t g_arg_separator
0d01f29b t g_exitstatus
0d01f29d t g_failure
0d01f29f T g_fmtarginvalid
0d01f2ba T g_fmtargrange
0d01f2d7 T g_fmtargrequired
0d01f2fe T g_fmtcmdfailed
0d01f316 T g_fmtcmdnotfound
0d01f332 T g_fmtcmdoutofmemory
0d01f34a T g_fmtcontext
0d01f36e T g_fmtdeepnesting
0d01f389 T g_fmtinternalerror
0d01f3a2 T g_fmtnomatching
0d01f3bb T g_fmtnosuch
0d01f3d4 T g_fmtsignalrecvd
0d01f3f4 T g_fmtsyntax
0d01f40b T g_fmttoomanyargs
0d01f428 t g_line_separator
0d01f42d T g_nshgreeting
0d01f44c T g_nshprompt
0d01f452 t g_nullstring
0d01f453 t g_redirect1
0d01f455 t g_redirect2
0d01f458 t g_success
0d01f45a t g_token_separator
0d01f8e8 t g_cmdmap
0d01fc39 t g_dd
0d01fcbd t format.7370
0d01fcd4 t g_datemontab
0d01fd2a t g_home
0d01fd2c t g_oldpwd
0d01fd33 t g_pwd
0d01fd54 t g_unknown
0d01fe10 t g_bdfsmap
0d01fe20 T fat_operations
0d01fe80 T g_default_pthread_attr
0d01fe8c t g_bops
0d01fea8 t g_wdogops
0d01fec8 t g_timerops
0d020018 t g_abbrev_monthname
0d020048 t g_abbrev_wdayname
0d020064 t g_monthname
0d020094 t g_wdayname
0d0200b0 t g_daysbeforemonth
0d0200d4 t fifo_fops
0d020100 t g_bops
0d02011c T _image_modlist_base
0d02011c T _modulelist_power_mgr
0d02012c T _modulelist_flash_mgr
0d02013c T _modulelist_rtc_mgr
0d02014c T _modulelist_gnss_pwr
0d02015c T _modulelist_aca
0d02016c T _modulelist_pinconfig
0d02017c T _modulelist_uart
0d02018c T _modulelist_update_mgr
0d02019c T _modulelist_gnss
0d0201ac T _modulelist_gnss_geofence
0d0201bc T _modulelist_gnss_pvtlog
0d0201cc A _einit
0d0201cc A _etext
0d0201cc A __exidx_start
0d0201cc A _sinit
0d0201cc T _image_modlist_limit
0d0201d4 A _eronly
0d0201d4 A __exidx_end
2d0201e0 A _sdata
2d0201e0 d g_uart1port
2d020220 d g_uart1priv
2d02023c d g_uart2port
2d02027c d g_uart2priv
2d020298 d g_clockexc
2d02029c d g_wlock
2d0202a8 d g_wlock
2d0202b4 D g_syslog_mask
2d0202b8 d g_hv_lock
2d0202c8 d g_wake_lock
2d0202d4 d g_devno_sem
2d0202d8 d g_hv_lock
2d0202e8 d g_ltsem
2d0202ea d g_used_tcxo
2d0202ec d g_hv_lock
2d0202fc d g_hv_lock
2d02030c d g_isx012_colorfx_actual
2d020328 d g_isx012_iso_actual
2d020374 d g_isx012_ops
2d020394 d g_isx012_photometry_actual
2d0203a4 d g_isx012_presetwb_actual
2d0203bc d g_default_channel
2d0203c0 D g_syslog_channel
2d0203c4 d g_rtc_lowerhalf
2d0203d0 D g_sdhcdev
2d0204a8 D cxd56_i2c_ops
2d0204ac d g_i2c0dev
2d0204ec d g_i2c2dev
2d02052c d g_pwm_ch0
2d020534 d g_pwm_ch1
2d02053c d g_pwm_ch2
2d020544 d g_pwm_ch3
2d02054c d g_hpadc0priv
2d020574 d g_hpadc1priv
2d02059c d g_lpadc0priv
2d0205c4 d g_lpadc1priv
2d0205ec d g_lpadc2priv
2d020614 d g_lpadc3priv
2d02063c d g_hold_lock
2d02064c d g_lv_lock
2d02065c d g_bootcodeblob
2d0206de d g_devno_sem
2d0206e0 A _edata
2d0206e0 A _sbss
2d0206e0 B g_intstackalloc
2d020ee0 B g_intstackbase
2d020ee0 b g_uart1rxbuffer
2d0212e0 b g_uart1txbuffer
2d0216e0 b g_uart2rxbuffer
2d0217e0 b g_uart2txbuffer
2d0218e0 b g_cr
2d0218e4 b g_lcr
2d0218e8 b g_active_imgdevs
2d0218ec b g_analog
2d0218fc b g_digital
2d02190c b rcosc_clock
2d021910 b g_bootsync
2d021914 b g_cbqueue
2d02191c b g_clockcange_start
2d021920 b g_freqlock
2d021924 b g_freqlock_flag
2d021928 b g_freqlockqueue
2d021930 b g_freqlockwait
2d021934 b g_queuedesc
2d021944 b g_regcblock
2d021948 b g_target_id_table
2d021960 b g_wakelockqueue
2d021968 b g_cpumsg
2d021988 b g_protocol
2d0219c8 b g_farlock
2d0219ca b g_farwait
2d0219cc b g_cfrxhandler
2d0219d0 b g_emptyqueue
2d0219d8 b g_pushbuffer
2d021a38 b g_pushqueue
2d021a40 b g_inode_sem
2d021a48 B g_root_inode
2d021a4c b g_idleargv
2d021a54 b g_idletcb
2d021bd8 b g_child_pool
2d021edc B g_system_timer
2d021ee0 b g_systrvr
2d021ee4 b g_alarmcb
2d021eec B g_rtc_enabled
2d021ef0 b g_rtc_save
2d021ef4 b s_retry.7903
2d021ef8 b s_wdog.7902
2d021f0c b s_last_regs
2d021fe0 b g_ep0in
2d021ff0 b g_ep0out
2d022000 b g_ep0outbuffer
2d022040 b g_ep0setup
2d022050 b g_usbdev
2d02227c b g_devno
2d022280 b g_used_lna
2d022281 b initialized.6988
2d022284 b g_sdcard_work
2d02229c b g_sdhci
2d0222a4 b g_isx012_private
2d0222b4 b g_video_data_ops
2d0222b8 b g_video_sensor_ops
2d0222bc b g_errcode
2d0222c0 b g_exc
2d0222c2 b g_sync
2d0222c4 b g_bothedge
2d0222c8 b g_isr
2d0222f8 b cxd56_sdhci_adma_dscr
2d022378 b wostop.7913
2d02237c b g_cxd56_cisif_complete_capture
2d022380 b g_errint_receive
2d022384 b g_jpg_notify_callback_func
2d022388 b g_jpgint_receive
2d022389 b g_state
2d02238c b g_storage_addr
2d022390 b g_ycc_notify_callback_func
2d022394 b adc_active
2d022400 b g_descriptors
2d022600 b g_dmac
2d022604 b g_dmach
2d022804 b g_tmrdevs
2d02283c b g_wdtdev
2d022850 b g_cpu1_info
2d022924 b g_devno
2d022928 b g_retchar
2d02292a b g_retchar
2d02292c B g_hostname
2d022950 B g_current_regs
2d022954 B g_waitingformqnotempty
2d02295c B g_waitingforsemaphore
2d022964 B g_readytorun
2d02296c B g_waitingformqnotfull
2d022974 B g_inactivetasks
2d02297c B g_waitingforsignal
2d022984 B g_pidhash
2d022a84 B g_pendingtasks
2d022a8c B g_lastpid
2d022a8e B g_nx_initstate
2d022a90 B g_running_tasks
2d022a94 B g_msgfree
2d022a9c B g_msgfreeirq
2d022aa4 B g_hpwork
2d022ab0 B g_lpwork
2d022ac4 B g_grouphead
2d022ac8 B g_irqvector
2d022f48 B g_sigfreeaction
2d022f50 B g_sigpendingaction
2d022f58 B g_sigpendingirqaction
2d022f60 B g_sigpendingirqsignal
2d022f68 B g_sigpendingsignal
2d022f70 B g_wdactivelist
2d022f78 B g_basetime
2d022f80 B g_mmheap
2d022f84 B i2c
2d022f88 B g_scudev
2d0230b8 B g_fifomem
2d023134 A _ebss
2d180000 A __stack
