000c0000 A __reserved_ramsize
0d000000 A _stext
0d000000 T _vectors
0d000240 T fpuconfig
0d000268 T __start
0d0002d8 T exception_common
0d000354 t up_receive
0d000364 t up_rxint
0d00038e t up_rxflowcontrol
0d00039e t up_rxavailable
0d0003ae t up_send
0d0003b6 t up_txready
0d0003c6 t up_txempty
0d0003da t up_txint
0d00040c t up_set_format
0d0004a8 t up_detach
0d0004c0 t up_attach
0d0004e0 t up_interrupt
0d000510 t up_setup
0d000588 t cxd56_serial2_pm_event
0d0005a4 t up_shutdown
0d0005ec t up_ioctl
0d000760 T up_earlyserialinit
0d000770 T up_serialinit
0d0007a4 T up_putc
0d000804 t cxd56_uart_stop.constprop.4
0d000850 T up_lowputc
0d000868 T cxd56_uart_reset
0d0008ac T cxd56_uart_setup
0d000910 T cxd56_setbaud
0d000978 T cxd56_lowsetup
0d0009b8 t cxd56_uart_start.constprop.3
0d000a00 t cxd56_uart_clockchange
0d000a34 T cxd56_uart_initialize
0d000a4c T up_irqinitialize
0d000adc T up_disable_irq
0d000b84 T up_enable_irq
0d000c28 T up_ack_irq
0d000c48 t get_mode_regaddr
0d000d80 T cxd56_pin_configs
0d000e54 T cxd56_pin_config
0d000e6c t busy_wait
0d000e7c t do_power_control
0d000eb0 t enable_pwd
0d000ef0 t disable_pwd
0d000f20 t enable_apwd
0d000f54 t disable_apwd
0d000f84 t cxd56_img_clock_enable
0d000fa4 t cxd56_get_clock
0d00101c t cxd56_img_clock_disable
0d00105c t cxd56_scu_clock_ctrl
0d0010b0 t cxd56_scu_peri_clock_disable.isra.3
0d0010f0 t clock_semgive.constprop.12
0d001108 t clock_semtake.constprop.13
0d001128 T cxd56_rcosc_enable
0d001130 t cxd56_scu_clock_enable.part.7
0d00118c t cxd56_scu_peri_clock_enable.isra.8
0d0011f4 T cxd56_usb_clock_enable
0d001240 T cxd56_usb_clock_disable
0d001278 T cxd56_sdio_clock_enable
0d0012bc T cxd56_sdio_clock_disable
0d0012ec T cxd56_i2c_clock_enable
0d001334 T cxd56_i2c_clock_gate_enable
0d001348 T cxd56_i2c_clock_gate_disable
0d00135c T cxd56_img_uart_clock_enable
0d00138c T cxd56_img_uart_clock_disable
0d0013b4 T cxd56_img_cisif_clock_enable
0d0013dc T cxd56_img_cisif_clock_disable
0d001404 T cxd56_get_sys_baseclock
0d001450 T cxd56_get_scu_baseclock
0d001490 T cxd56_get_appsmp_baseclock
0d0014dc T cxd56_get_cpu_baseclk
0d001508 T cxd56_get_img_uart_baseclock
0d00152c T cxd56_get_com_baseclock
0d001548 T cxd56_get_sdio_baseclock
0d00156c T cxd56_get_i2c_baseclock
0d00157e T cxd56_get_pwm_baseclock
0d001584 T cxd56_scuseq_clock_is_enabled
0d001594 T cxd56_scuseq_clock_enable
0d0015bc T cxd56_scuseq_release_reset
0d0015e8 T cxd56_udmac_clock_enable
0d0015f8 T cxd56_lpadc_clock_enable
0d001628 T cxd56_lpadc_clock_disable
0d001640 T cxd56_hpadc_clock_enable
0d00168c T cxd56_hpadc_clock_disable
0d0016bc T cxd56_get_rcosc_clock
0d0016c4 T up_pmramctrl
0d001798 T up_mdelay
0d0017e0 T up_udelay
0d001858 t cxd56_pm_semtake
0d00186e t cxd56_pmsendmsg
0d00188c t cxd56_pm_checkfreqlock
0d0018d0 t cxd56_pmmsghandler
0d001914 t cxd56_pm_needcallback.constprop.3
0d00196c t cxd56_pm_maintask
0d001a50 T cxd56_pm_register_callback
0d001a84 T cxd56_pm_unregister_callback
0d001ab0 T cxd56_pm_bootup
0d001ac4 T up_pm_acquire_wakelock
0d001af8 T up_pm_release_wakelock
0d001b2c T up_pm_acquire_freqlock
0d001b80 T up_pm_release_freqlock
0d001bd8 T cxd56_pm_initialize
0d001c88 T up_pm_get_bootcause
0d001c90 T up_pm_sleep
0d001cac T up_pm_reboot
0d001cb8 T up_interrupt_context
0d001cc8 T modifyreg32
0d001ce8 T up_doirq
0d001d0c T up_hardfault
0d001d40 T up_svcall
0d001dd4 T fw_pm_startcpu
0d001dd8 T fw_pm_stopcpu
0d001ddc T fw_pm_sleepcpu
0d001de0 T fw_pm_wakeupcpu
0d001de4 T fw_pm_coldsleep
0d001de8 T fw_pm_deepsleep
0d001dec T fw_pm_reboot
0d001df0 T fw_pm_loadimage
0d001e00 T fw_pm_pmiccontrol
0d001e64 T fw_fm_rawwrite
0d001e68 T fw_fm_rawread
0d001e6c T fw_fm_rawerasesector
0d001e80 T fw_fm_rawverifywrite
0d001f88 T fw_as_acacontrol
0d001fac T fw_pd_pinconfigs
0d001fd0 T fw_pd_uartinit
0d001fd4 T fw_pd_uartuninit
0d001fd8 T fw_pd_uartconfiguration
0d001fdc T fw_pd_uartenable
0d001fe0 T fw_pd_uartdisable
0d001fe4 T fw_pd_uartreceive
0d001fe8 T fw_pd_uartsend
0d00200c T fw_um_init
0d002010 T fw_um_open
0d002014 T fw_um_commit
0d002018 T fw_um_close
0d00201c T fw_um_checkpoint
0d002020 T fw_um_doupdatesequence
0d002024 T fw_um_abort
0d002048 T fw_gd_start
0d00204c T fw_gd_stop
0d002050 T fw_gd_selectsatellitesystem
0d002054 T fw_gd_getsatellitesystem
0d002058 T fw_gd_setreceiverpositionellipsoidal
0d00205c T fw_gd_setreceiverpositionorthogonal
0d002060 T fw_gd_setoperationmode
0d002064 T fw_gd_getoperationmode
0d002068 T fw_gd_settcxooffset
0d00206c T fw_gd_gettcxooffset
0d002070 T fw_gd_settime
0d002074 T fw_gd_getalmanac
0d002078 T fw_gd_setalmanac
0d00207c T fw_gd_getephemeris
0d002080 T fw_gd_setephemeris
0d002084 T fw_gd_getvarephemeris
0d002088 T fw_gd_setvarephemeris
0d00208c T fw_gd_startgpstest
0d002090 T fw_gd_stopgpstest
0d002094 T fw_gd_getgpstestresult
0d002098 T fw_gd_savebackupdata
0d00209c T fw_gd_erasebackup
0d0020a0 T fw_gd_cepsetassistdata
0d0020a4 T fw_gd_ceperaseassistdata
0d0020a8 T fw_gd_cepcheckassistdata
0d0020ac T fw_gd_cepgetagedata
0d0020b0 T fw_gd_cepinitassistdata
0d0020b4 T fw_gd_setacquist
0d0020b8 T fw_gd_setframetime
0d0020bc T fw_gd_settaugps
0d0020c0 T fw_gd_settimegps
0d0020c4 T fw_gd_clearreceiverinfo
0d0020c8 T fw_gd_settowassist
0d0020cc T fw_gd_setutcmodel
0d0020d0 T fw_gd_spectrumcontrol
0d0020d4 T fw_gd_readbuffer
0d0020d8 T fw_gd_writebuffer
0d0020dc T fw_gd_setnotifymask
0d0020e0 T fw_gd_geoaddregion
0d0020e4 T fw_gd_geomodifyregion
0d0020e8 T fw_gd_geodeleteregione
0d0020ec T fw_gd_geodeleteallregion
0d0020f0 T fw_gd_geogetregiondata
0d0020f4 T fw_gd_geogetusedregionid
0d0020f8 T fw_gd_geosetopmode
0d0020fc T fw_gd_geosetallrgionnotifyrequest
0d002100 T fw_gd_registergeofence
0d002104 T fw_gd_releasegeofence
0d002108 T fw_gd_registerpvtlog
0d00210c T fw_gd_releasepvtlog
0d002110 T fw_gd_pvtlogdeletelog
0d002114 T fw_gd_pvtloggetlogstatus
0d002118 T fw_gd_rtkstart
0d00211c T fw_gd_rtkstop
0d002120 T fw_gd_rtksetoutputinterval
0d002124 T fw_gd_rtkgetoutputinterval
0d002128 T fw_gd_rtksetgnss
0d00212c T fw_gd_rtkgetgnss
0d002130 T fw_gd_rtksetephnotify
0d002134 T fw_gd_rtkgetephnotify
0d002138 T fw_gd_setusecase
0d00213c T fw_gd_getusecase
0d002140 T fw_gd_set1ppsoutput
0d002144 T fw_gd_get1ppsoutput
0d002148 T cxd56_pmic_set_gpo_reg
0d002160 T cxd56_pmic_set_gpo
0d0021be T cxd56_pmic_set_gpo_hiz
0d002204 T cxd56_pmic_get_gpo
0d002248 T cxd56_pmic_set_loadswitch_reg
0d00225c T cxd56_pmic_set_loadswitch
0d002286 T cxd56_pmic_get_loadswitch
0d0022b0 T cxd56_pmic_set_ddc_ldo_reg
0d0022c4 T cxd56_pmic_set_ddc_ldo
0d0022ee T cxd56_pmic_get_ddc_ldo
0d002318 T cxd56_pmic_read
0d002330 T cxd56_pmic_write
0d002348 t icc_msghandler
0d00234e t icc_rxtimeout
0d002362 t icc_devnew
0d0023c0 t icc_irqhandler
0d002454 t icc_sighandler
0d00247c t icc_recv
0d00251c T cxd56_iccregisterhandler
0d00254c T cxd56_iccsend
0d002598 T cxd56_iccrecvmsg
0d0025c0 T cxd56_iccinit
0d0025f0 T cxd56_iccinitmsg
0d002620 T cxd56_iccuninitmsg
0d002658 T cxd56_iccinitialize
0d0026bc t cxd56_farapidonehandler
0d0026fc T farapi_main
0d00279c T cxd56_farapiinitialize
0d002824 t up_stackdump
0d002874 T up_assert
0d002ac0 T up_saveusercontext
0d002ad4 T up_allocate_heap
0d002aec t cpufifo_reserve
0d002b18 t cpufifo_txhandler
0d002b5c T cxd56_cfpush
0d002bb4 T cxd56_cfpull
0d002be8 t cpufifo_rxhandler
0d002c10 T cxd56_cfregrxhandler
0d002c38 T cxd56_cfinitialize
0d002c98 T mq_open
0d002da8 T inode_initialize
0d002dd4 T inode_semtake
0d002e0c T inode_semgive
0d002e30 T inode_find
0d002e52 T inode_release
0d002e8c t inode_alloc
0d002ec8 T inode_reserve
0d002f78 T inode_nextname
0d002f98 T inode_search
0d00303c T inode_free
0d00305a T cxd56_boardinitialize
0d00305c T board_crashdump
0d0031bc T __aeabi_ldivmod
0d00325c T __aeabi_uldivmod
0d00328c T __udivmoddi4
0d003558 W __aeabi_idiv0
0d003558 W __aeabi_ldiv0
0d00355c T clock_gettime
0d0035ec T clock_systimespec
0d00367c T get_errno_ptr
0d0036a0 T nx_start
0d003854 t nx_start_task
0d00387c T nx_bringup
0d0038a8 T irq_attach
0d0038ec T irq_dispatch
0d003928 T irq_unexpected_isr
0d003940 T nxmq_send
0d0039b6 T mq_send
0d0039d0 T nxmq_verify_send
0d0039fc T nxmq_alloc_msg
0d003a44 T nxmq_wait_send
0d003aa4 T nxmq_do_send
0d003b88 T nxmq_receive
0d003bd6 T mq_receive
0d003bf0 T nxmq_verify_receive
0d003c18 T nxmq_wait_receive
0d003c80 T nxmq_do_receive
0d003ce4 T nxmq_alloc_desblock
0d003d18 W nxmq_initialize
0d003d84 T nxmq_create_des
0d003dcc T nxmq_free_msg
0d003e10 T nxmq_alloc_msgq
0d003e4a T nxmq_free_msgq
0d003e66 T sched_signal_free
0d003e6c T sched_ufree
0d003eb0 T sched_lock
0d003ecc T sched_unlock
0d003f34 T sched_self
0d003f40 T nxsem_wait
0d003f94 T sem_wait
0d003fb0 T nxsem_trywait
0d003ff0 T sem_trywait
0d00400c T nxsem_post
0d004054 T sem_post
0d004070 T nxsig_queue
0d0040b8 T sigqueue
0d0040d4 T nxsig_notification
0d004124 T nxsig_tcbdispatch
0d0042dc T nxsig_dispatch
0d004304 T nxsig_deliver
0d0043b8 t nxthread_create
0d004458 T nxtask_create
0d00446e T task_create
0d00448e T kthread_create
0d0044a4 t nxtask_assignpid
0d0044fc t nxthread_schedsetup.part.0
0d004594 T nxtask_schedsetup
0d0045c2 T pthread_schedsetup
0d0045f0 T nxtask_argsetup
0d0046bc T task_activate
0d0046d8 T nxtask_start
0d004704 T getpid
0d004720 T exit
0d00473c T wd_create
0d004798 T wd_start
0d004870 T wd_timer
0d0048bc T wd_cancel
0d004924 T wd_delete
0d004974 T work_signal
0d0049c0 t work_hpthread
0d0049d4 T work_hpstart
0d004a1c t work_lpthread
0d004a68 T work_lpstart
0d004acc T clock_basetime
0d004ad0 t clock_inittime
0d004b24 W clock_initialize
0d004b32 T clock_synchronize
0d004b4c W clock_timer
0d004b5c T clock_ticks2time
0d004b78 T group_allocate
0d004c0c T group_initialize
0d004c60 T group_findby_grpid
0d004c88 T group_findbypid
0d004cb0 T group_setupidlefiles
0d004cfc T group_setuptaskfiles
0d004d48 t group_signal_handler
0d004dd4 T group_signal
0d004e20 W task_initialize
0d004e44 T group_allocchild
0d004e5c T group_freechild
0d004e70 T group_addchild
0d004e78 T group_findchild
0d004e8a T group_exitchild
0d004e9a T group_removechild
0d004ec6 T group_removechildren
0d004edc W irq_initialize
0d004f00 T nxmq_wait_irq
0d004f40 T sched_garbage_collection
0d004f70 T sched_gettcb
0d004fa8 T sched_releasetcb
0d004ffc T nxsem_wait_irq
0d00502c T nxsig_alloc_actionblock
0d005054 W nxsig_initialize
0d00511c T nxsig_procmask
0d005180 T nxsig_kill
0d0051d4 T kill
0d0051ee T nxsig_find_action
0d005210 T nxsig_alloc_pendingsigaction
0d005258 T nxsig_release_pendingsigaction
0d00529c T nxsig_unmask_pendingsignal
0d005300 T nxsig_remove_pendingsignal
0d00533c T nxsig_release_pendingsignal
0d005380 T nxsig_lowest
0d00539e T nxtask_exithook
0d005466 T nxtask_recover
0d005480 W wd_initialize
0d0054bc T wd_recover
0d0054e4 T work_process
0d0055b0 T env_dup
0d00560c T group_leave
0d0056dc T group_setupstreams
0d005708 T group_foreachchild
0d005732 T nxmq_release
0d005746 T nxmq_recover
0d005766 T pthread_release
0d005796 T nxsem_destroy
0d0057ac T sem_destroy
0d0057c6 T nxsem_recover
0d0057ec T nxsig_pendingset
0d00581e t nxsig_timeout
0d005844 T nxsig_timedwait
0d00594c T nxsig_cleanup
0d00597e T nxsig_release
0d0059a8 T nxsig_usleep
0d0059d4 T env_release
0d0059e8 T nxsig_release_action
0d0059f4 T nxsig_nanosleep
0d005a78 T clock_nanosleep
0d005ad8 T clock_time2ticks
0d005b1c T clock_timespec_subtract
0d005b58 t uart_putc
0d005b78 t nxsem_wait_uninterruptible
0d005b8e t uart_putxmitchar
0d005c20 t uart_read
0d005d2e t uart_open
0d005daa t uart_pollnotify
0d005dfc t uart_poll
0d005ec8 t uart_tcdrain
0d005f68 t uart_write
0d00606c T uart_register
0d0060f8 T uart_datareceived
0d006116 T uart_datasent
0d006134 t uart_ioctl
0d006290 T uart_reset_sem
0d0062c8 t uart_close
0d006336 T uart_xmitchars
0d0063a6 T uart_recvchars
0d006428 T syslog_flush
0d006434 T syslog_initialize
0d006440 T syslog_console_channel
0d006468 t syslog_default_flush
0d00646c T syslog_channel
0d006480 t syslog_dev_takesem
0d0064ac T syslog_dev_initialize
0d006510 t syslog_dev_outputready
0d006570 T syslog_dev_write
0d00663c T syslog_dev_putc
0d00669c T syslog_dev_flush
0d0066a0 T lib_stream_initialize
0d0066dc T lib_stream_release
0d006714 T lib_sem_initialize
0d00672e T lib_take_semaphore
0d00675a T lib_give_semaphore
0d006776 T sq_addlast
0d00678a T sq_addfirst
0d006798 T sq_addafter
0d0067b4 T sq_rem
0d0067e0 T sq_remfirst
0d0067f4 T sq_remafter
0d006816 T dq_addlast
0d00682e T dq_addfirst
0d006846 T dq_rem
0d006862 T nxsem_init
0d006878 T sem_init
0d006898 T nxsem_getvalue
0d0068ac T nxsem_setprotocol
0d0068c2 T sigaddset
0d0068e6 T sigdelset
0d00690c T sigemptyset
0d006914 T sigismember
0d006926 T snprintf
0d006954 t memoutstream_putc
0d006970 T lib_memoutstream
0d006990 t nulloutstream_putc
0d006998 T lib_nulloutstream
0d0069b0 T lib_noflush
0d0069b4 T lib_vsprintf
0d0071a0 T __ultoa_invert
0d0071e8 T __dtoa_engine
0d0073d4 T lib_flushall
0d007416 T lib_fflush
0d0074a0 T memset
0d0074b0 T strcpy
0d0074c0 T strdup
0d0074e2 T strlen
0d0074f2 T strnlen
0d00750a T strncpy
0d00752e T memcpy
0d007544 T vsyslog
0d007564 T syslog
0d00757e T cfgetspeed
0d007582 T cfsetspeed
0d007588 T stream_semtake
0d007598 T stream_semgive
0d00759c T umm_initialize
0d0075ac T umm_trysemaphore
0d0075b8 T umm_givesemaphore
0d0075c4 T free
0d0075d0 T malloc
0d0075dc T zalloc
0d0075e8 T mm_addregion
0d007634 T mm_initialize
0d007676 T mm_seminitialize
0d00768e T mm_trysemaphore
0d0076ba T mm_takesemaphore
0d0076e4 T mm_givesemaphore
0d0076fe T mm_addfreechunk
0d007734 T mm_size2ndx
0d00774e T mm_free
0d0077e4 T mm_malloc
0d007862 T mm_zalloc
0d00787a T up_idle
0d007880 t cxd56_rtc_interrupt
0d0078bc T cxd56_rtc_count
0d0078f0 T up_rtc_gettime
0d007930 t cxd56_rtc_initialize
0d007a44 T up_rtc_initialize
0d007a54 T up_rtc_settime
0d007aa8 T cxd56_rtc_setalarm
0d007b80 T cxd56_rtc_cancelalarm
0d007c0c T up_backuplog_initialize
0d007c40 T up_backuplog_region
0d007cb8 T up_backuplog_free
0d007d7c T up_backuplog_alloc
0d007e88 T up_block_task
0d007ef4 T up_copyfullstate
0d007f0c T up_create_stack
0d007f50 T _exit
0d007f78 T up_initialize
0d007fb0 T up_initial_state
0d007ff0 T up_release_pending
0d008038 T up_release_stack
0d008058 T up_schedule_sigaction
0d0080ec T up_sigdeliver
0d008138 T up_stack_frame
0d008160 T up_unblock_task
0d0081b0 T up_fullcontextrestore
0d0081ba T up_switchcontext
0d0081c6 t cxd56_timerisr
0d0081d0 t cxd56_changeclock
0d008248 T arm_timer_initialize
0d0082a4 T cxd56_timerisr_initialize
0d0082bc t cxd56_epwrite
0d008308 t cxd56_reqcomplete
0d008368 t cxd56_rdrequest
0d0083a0 t cxd56_sysinterrupt
0d0083b0 t cxd56_epconfigure
0d00847c t cxd56_epstall
0d0084c4 t cxd56_getframe
0d0084e0 t cxd56_wakeup
0d008504 t cxd56_selfpowered
0d008518 t cxd56_pullup
0d008550 t cxd56_usbdev_stat
0d008560 t cxd56_epallocbuffer
0d008568 t cxd56_allocep
0d008664 t cxd56_usbdev_dup
0d008688 t cxd56_usbdev_read
0d0086e0 t cxd56_usbdev_close
0d0086f0 t cxd56_epfreebuffer
0d0086f6 t cxd56_epfreereq
0d0086fc t cxd56_freeep
0d008760 t cxd56_usbdev_open
0d008786 t cxd56_epallocreq
0d0087a0 t cxd56_notify_signal
0d0087c0 t cxd56_cancelrequests
0d008838 t cxd56_epcancel
0d008852 t cxd56_epdisable
0d008878 t cxd56_vbusninterrupt
0d0088e4 t cxd56_dispatchrequest.constprop.12
0d008918 t cxd56_epfindbyaddr.constprop.11
0d008950 t cxd56_ep0setup.constprop.10
0d008af8 t cxd56_usbinterrupt
0d009034 t cxd56_vbusinterrupt
0d0092c8 t cxd56_epsubmit
0d0093c8 T usbdev_unregister
0d00943c T up_usbuninitialize
0d0094b8 T up_usbinitialize
0d0095c8 T cxd56_usbdev_setsigno
0d0095e0 T cxd56_usbdev_procfs_register
0d0095ec T board_late_initialize
0d0095fa T asmp_initialize
0d00960c T mptask_initialize
0d009618 T mpshm_initialize
0d009660 T mpmutex_initialize
0d00967c T tile_initialize
0d0096e4 T net_initlist
0d0096ec T net_releaselist
0d00970e T sockfd_allocate
0d00975a T psock_release
0d009790 T sockfd_socket
0d0097b0 T sockfd_release
0d0097c2 T psock_close
0d0097f6 T net_close
0d009804 T net_initialize
0d009816 T devif_initialize
0d00981c t devif_callback_free
0d00987c T devif_callback_init
0d0098a4 T devif_callback_alloc
0d0098f8 T devif_conn_callback_free
0d009918 T devif_conn_event
0d009962 T devif_dev_event
0d0099ac T usrsock_alloc
0d009a00 T usrsock_free
0d009a54 T usrsock_nextconn
0d009a64 T usrsock_connidx
0d009a78 T usrsock_active
0d009a8e T usrsock_setup_request_callback
0d009af2 T usrsock_setup_data_request_callback
0d009afe T usrsock_teardown_request_callback
0d009b2a T usrsock_setup_datain
0d009b4c T usrsock_initialize
0d009bac t nxsem_wait_uninterruptible
0d009bc2 t usrsockdev_open
0d009be6 t iovec_do
0d009c88 t usrsockdev_close
0d009d44 t usrsockdev_handle_datareq_response
0d009dee t usrsockdev_handle_response
0d009e14 t usrsockdev_write
0d009f6c t usrsockdev_pollnotify.constprop.3
0d009f86 t usrsockdev_poll
0d00a000 t usrsockdev_seek
0d00a05a t usrsockdev_read
0d00a0ac T usrsockdev_do_request
0d00a12c T usrsockdev_register
0d00a180 T usrsock_event
0d00a1f8 T net_lockinitialize
0d00a208 T net_lock
0d00a254 T net_unlock
0d00a280 T net_breaklock
0d00a2d0 T net_restorelock
0d00a308 t _net_timedwait
0d00a388 T net_timedwait
0d00a390 T net_lockedwait
0d00a396 T net_timedwait_uninterruptible
0d00a39e T net_lockedwait_uninterruptible
0d00a3a4 T netdev_verify
0d00a3cc T fs_initialize
0d00a3d0 t _files_close
0d00a3fa t nxsem_wait_uninterruptible
0d00a410 W files_initialize
0d00a412 T files_initlist
0d00a41a T files_releaselist
0d00a43a T file_dup2
0d00a4ce T files_allocate
0d00a51c T files_close
0d00a550 T files_release
0d00a57a T inode_addref
0d00a594 T file_open
0d00a5ce T file_detach
0d00a624 T close
0d00a654 T fs_dupfd2
0d00a6a4 T fs_getfilep
0d00a6d2 T file_ioctl
0d00a6ec T ioctl
0d00a72e T inode_checkflags
0d00a756 T nx_vopen
0d00a816 T nx_open
0d00a830 T open
0d00a85c T inode_stat
0d00a8d6 T stat_recursive
0d00a940 T stat
0d00a990 T file_write
0d00a9b4 T nx_write
0d00a9e6 T write
0d00aa00 T fs_fdopen
0d00aaee T register_driver
0d00ab20 T block_proxy
0d00abc8 T mq_inode_release
0d00ac0c T nxmq_close_group
0d00ac34 t procfs_enum
0d00ac46 t procfs_read
0d00ac50 t procfs_write
0d00ac60 t procfs_ioctl
0d00ac66 t procfs_dup
0d00ac70 t procfs_rewinddir
0d00ac86 t procfs_unbind
0d00ac8c t procfs_statfs
0d00acb4 t procfs_fstat
0d00acdc t procfs_open
0d00ad3c t procfs_readdir
0d00aec8 t procfs_closedir
0d00aeda t procfs_close
0d00aeec t procfs_opendir
0d00afbc t procfs_stat
0d00b048 t procfs_initialize.part.1
0d00b07c t procfs_bind
0d00b090 T procfs_register
0d00b0ec T procfs_memcpy
0d00b11a t proc_rewinddir
0d00b124 t proc_findnode
0d00b14c t proc_stat
0d00b1dc t proc_readdir
0d00b230 t proc_closedir
0d00b242 t proc_close
0d00b254 t proc_opendir
0d00b310 t proc_open
0d00b3a4 t proc_dup
0d00b3c8 t proc_read
0d00b9ec t uptime_stat
0d00ba18 t uptime_dup
0d00ba3c t uptime_read
0d00baa4 t uptime_close
0d00bab4 t uptime_open
0d00baf0 t meminfo_stat
0d00bb1c t meminfo_dup
0d00bb40 t meminfo_read
0d00bbc4 t meminfo_close
0d00bbd4 t meminfo_open
0d00bc10 T unlink
0d00bcce t mount_stat
0d00bce6 t mount_dup
0d00bd0c t mount_read
0d00bd78 t mount_sprintf
0d00bdbc t usage_entry
0d00befc t blocks_entry
0d00bf50 t mount_entry
0d00bf7c t mount_close
0d00bf8c t mount_open
0d00bfec T fs_gettype
0d00c044 t smartfs_read
0d00c07c t smartfs_write
0d00c0b4 t smartfs_rewinddir
0d00c0bc t smartfs_status_read
0d00c150 t smartfs_debug_write
0d00c180 t smartfs_find_dirref
0d00c258 t smartfs_stat
0d00c2b4 t smartfs_readdir
0d00c340 t smartfs_closedir
0d00c352 t smartfs_close
0d00c362 t smartfs_opendir
0d00c392 t smartfs_open
0d00c3c8 t smartfs_dup
0d00c3ec T inode_unlink
0d00c434 T inode_remove
0d00c460 t mountpoint_filter
0d00c4d4 T foreach_mountpoint
0d00c4ec T smartfs_semtake
0d00c500 T smartfs_semgive
0d00c506 T smartfs_rdle32
0d00c51c T smartfs_mount
0d00c5cc T smartfs_unmount
0d00c63c T smartfs_finddirentry
0d00c900 T smartfs_createentry
0d00cb48 T smartfs_deleteentry
0d00cce4 T smartfs_countdirentries
0d00cd6e T smartfs_sync_internal
0d00cdd2 T smartfs_seek_internal
0d00ced2 T smartfs_shrinkfile
0d00cffc T smartfs_extendfile
0d00d0c0 T smartfs_get_first_mount
0d00d0cc t foreach_inodelevel
0d00d144 T foreach_inode
0d00d188 T binfmt_initialize
0d00d18a W spresense_main
0d00d18e W board_timerhook
0d00d190 T cxd56_bringup
0d00d2d0 T board_power_control
0d00d324 T board_power_setup
0d00d398 t board_flash_power_control.part.0
0d00d3c8 T board_power_monitor
0d00d3fc T board_flash_power_control
0d00d438 T board_xtal_power_control
0d00d488 T board_lna_power_control
0d00d4d8 T board_reset
0d00d4fc T board_power_off
0d00d548 t pwm_initialize
0d00d57c T board_pwm_setup
0d00d5a8 t board_sdcard_enable
0d00d634 t board_sdcard_disable
0d00d660 t board_sdcard_detect_int
0d00d6f8 T board_sdcard_initialize
0d00d730 T board_sdcard_pin_initialize
0d00d734 T board_sdcard_pin_configuraton
0d00d79c T board_sdcard_pin_enable
0d00d79e T board_sdcard_pin_disable
0d00d7a0 T board_i2cdev_initialize
0d00d7ba T board_isx012_power_on
0d00d7f2 T board_isx012_power_off
0d00d828 T board_isx012_set_reset
0d00d830 T board_isx012_release_reset
0d00d838 T board_isx012_set_sleep
0d00d85c T board_isx012_release_sleep
0d00d874 T board_isx012_initialize
0d00d8d4 T board_clock_initialize
0d00d8e0 T __aeabi_drsub
0d00d8e8 T __aeabi_dsub
0d00d8e8 T __subdf3
0d00d8ec T __adddf3
0d00d8ec T __aeabi_dadd
0d00db64 T __aeabi_ui2d
0d00db64 T __floatunsidf
0d00db84 T __aeabi_i2d
0d00db84 T __floatsidf
0d00dba8 T __aeabi_f2d
0d00dba8 T __extendsfdf2
0d00dbec T __aeabi_ul2d
0d00dbec T __floatundidf
0d00dbfc T __aeabi_l2d
0d00dbfc T __floatdidf
0d00dc58 T __aeabi_dmul
0d00dc58 T __muldf3
0d00deac T __aeabi_ddiv
0d00deac T __divdf3
0d00e07c T __gedf2
0d00e07c T __gtdf2
0d00e084 T __ledf2
0d00e084 T __ltdf2
0d00e08c T __cmpdf2
0d00e08c T __eqdf2
0d00e08c T __nedf2
0d00e108 T __aeabi_cdrcmple
0d00e118 T __aeabi_cdcmpeq
0d00e118 T __aeabi_cdcmple
0d00e128 T __aeabi_dcmpeq
0d00e13c T __aeabi_dcmplt
0d00e150 T __aeabi_dcmple
0d00e164 T __aeabi_dcmpge
0d00e178 T __aeabi_dcmpgt
0d00e18c T __aeabi_dcmpun
0d00e18c T __unorddf2
0d00e1b8 T __aeabi_d2ulz
0d00e1b8 T __fixunsdfdi
0d00e1fc T __aeabi_d2uiz
0d00e1fc T __fixunsdfsi
0d00e23c T nxmq_desclose_group
0d00e278 T sched_getfiles
0d00e288 T sched_addreadytorun
0d00e2d4 T sched_removereadytorun
0d00e2fc T sched_addprioritized
0d00e344 T sched_mergepending
0d00e39c T sched_addblocked
0d00e3c4 T sched_removeblocked
0d00e3e0 T sched_getsockets
0d00e3f0 T sched_foreach
0d00e428 T sched_idletask
0d00e440 T sched_resume_scheduler
0d00e448 T nxsched_process_timer
0d00e47c T nxsem_timedwait
0d00e520 T nxsem_timeout
0d00e548 T nxsem_reset
0d00e58c T nxtask_exit
0d00e5d8 T nxtask_terminate
0d00e62c t work_qqueue
0d00e674 T work_queue
0d00e6ac t work_qcancel
0d00e6d8 T work_cancel
0d00e6f8 T clock_abstime2ticks
0d00e750 T sched_roundrobin_process
0d00e788 T bchdev_register
0d00e7bc t bch_unlink
0d00e7ec t bch_ioctl
0d00e858 t bch_seek
0d00e8a4 t bch_open
0d00e8cc t bch_write
0d00e90a t bch_read
0d00e93e t bch_close
0d00e984 t bch_poll
0d00e9a0 t i2cdrvr_read
0d00e9a4 t i2cdrvr_write
0d00e9a8 t i2cdrvr_unlink
0d00e9de t i2cdrvr_ioctl
0d00ea1e t i2cdrvr_close
0d00ea56 t i2cdrvr_open
0d00ea78 T i2c_register
0d00ead0 t mmcsd_sendcmdpoll
0d00eaec t mmcsd_recvR1
0d00eb1c t mmcsd_getR1
0d00eb5c t mmcsd_wrprotected
0d00eb76 t mmcsd_removed
0d00ebb8 t mmcsd_takesem
0d00ebd8 t mmcsd_givesem
0d00ebf0 t mmcsd_geometry
0d00ec48 t mmcsd_close
0d00ec62 t mmcsd_open
0d00ec7c t mmcsd_setblocklen
0d00eca4 t mmcsd_transferready
0d00ed14 t mmcsd_eventwait.constprop.7
0d00ed36 t mmcsd_read
0d00eea4 t mmcsd_probe
0d00f26c t mmcsd_ioctl
0d00f2b2 t mmcsd_mediachange
0d00f2e4 t mmcsd_write
0d00f510 T mmcsd_slotinitialize
0d00f5d8 T nx_vsyslog
0d00f5fe t syslogstream_putc
0d00f620 T syslogstream_create
0d00f638 t emergstream_putc
0d00f658 T emergstream
0d00f670 T syslog_putc
0d00f69c T syslog_force
0d00f6a8 t rtc_read
0d00f6ac t rtc_write
0d00f6b0 t rtc_destroy
0d00f6ce t rtc_unlink
0d00f6f6 t rtc_close
0d00f726 t rtc_open
0d00f748 t rtc_ioctl
0d00f8e8 t rtc_alarm_callback
0d00f918 T rtc_initialize
0d00f980 t pwm_read
0d00f984 t pwm_close
0d00f9b8 t pwm_open
0d00f9fa t pwm_ioctl
0d00faa4 t pwm_write
0d00faa8 T pwm_register
0d00fae0 t get_video_type_inf
0d00faf4 t is_sem_waited
0d00fb0c T video_common_notify_dma_done
0d00fbd4 T video_framebuff_get_dma_container
0d00fbec T video_framebuff_dma_done
0d00fc0a T video_framebuff_pop_curr_container
0d00fc44 t search_snparam_tbl
0d00fc68 t isx012_get_buftype
0d00fc7c t isx012_check_fmt
0d00fcbc t isx012_get_format
0d00fcf0 t isx012_get_maximum_fps
0d00fddc t isx012_get_range_of_frameinterval
0d00fe36 t isx012_getreg
0d00fe9a t isx012_putreg
0d00fee0 t isx012_chk_int_state
0d00ff50 t isx012_putreglist
0d00ff78 t isx012_set_mode_param
0d010088 t isx012_set_sceneparam
0d010260 t isx012_get_sceneparam
0d0103d0 t isx012_set_frameinterval
0d0104c8 t isx012_get_ctrlval
0d01085c t isx012_get_range_of_ctrlval
0d010dac t isx012_get_range_of_sceneparam
0d010df0 t isx012_close
0d010e20 t isx012_get_range_of_framesize
0d010ec8 t isx012_try_format
0d010f90 t isx012_get_menu_of_ctrlval
0d011050 t isx012_get_menu_of_sceneparam
0d011080 t isx012_refresh
0d011118 t isx012_set_format
0d0111c8 t isx012_get_range_of_fmt
0d01123c t isx012_set_ctrlval
0d0118e8 t isx012_change_camera_mode.constprop.9
0d0119b8 t isx012_do_halfpush
0d0119e4 t isx012_set_buftype
0d011ab4 T init_isx012
0d011dc4 t isx012_open
0d011de8 T isx012_register
0d011e04 T isx012_initialize
0d011e0c t devnull_read
0d011e10 t devnull_write
0d011e14 t devnull_poll
0d011e30 T devnull_register
0d011e48 T bchlib_setup
0d011ee0 T bchlib_teardown
0d011f12 T bchlib_read
0d011fd6 T bchlib_write
0d0120b2 T bchlib_flushsector
0d0120ce T bchlib_readsector
0d0120fc T bchlib_semtake
0d012112 T i2c_read
0d012142 T i2c_write
0d012174 t match_one
0d012254 T match
0d01228e T dq_remfirst
0d0122aa T sprintf
0d0122d8 T vsnprintf
0d012302 T strtol
0d012376 T strtoul
0d012418 T lib_checkbase
0d012476 T lib_isbasedigit
0d0124c4 T memmove
0d0124f2 T lib_skipspace
0d012508 T strchr
0d012520 T strcmp
0d012536 T strcspn
0d012554 T strncmp
0d012574 T time
0d012594 T usleep
0d0125c4 T mallinfo
0d0125e8 T realloc
0d0125f8 T umm_heapmember
0d012604 T mm_mallinfo
0d012658 T mm_realloc
0d0127f4 T mm_heapmember
0d01280a T mm_shrinkchunk
0d012870 t get_gpio_regaddr
0d012886 T cxd56_gpio_config
0d0128d6 T cxd56_gpio_write
0d0128ea T cxd56_gpio_write_hiz
0d0128f8 T cxd56_gpio_read
0d012930 t sysctl_rxhandler
0d012948 T cxd56_sysctlcmd
0d0129a8 t sysctl_ioctl
0d0129c0 T cxd56_sysctlinitialize
0d012a18 t cxd56_alarm_callback
0d012a36 t cxd56_cancelalarm
0d012a48 t cxd56_setalarm
0d012a8c t cxd56_setrelative
0d012ae6 t cxd56_settime
0d012b00 t cxd56_rdtime
0d012b2c T cxd56_rtc_lowerhalf
0d012b34 t get_pin2irq
0d012b74 t invert_irq
0d012b9c t gpioint_handler
0d012c28 T cxd56_gpioint_config
0d012e00 T cxd56_gpioint_enable
0d012e14 t cxd56_configwaitints
0d012e4c t cxd56_configxfrints
0d012e74 t cxd56_sdio_capabilities
0d012e78 t cxd56_sdio_status
0d012e80 t cxd56_sdio_widebus
0d012e98 t cxd56_sdio_sendcmd
0d012fc0 t cxd56_blocksetup
0d012fd4 t cxd56_sdio_recvlong
0d013050 t cxd56_sdio_recvshort
0d013078 t cxd56_sdio_waitenable
0d0130b0 t cxd56_sdio_registercallback
0d0130c0 t cxd56_sdio_admasetup
0d013114 t cxd56_sdio_cancel
0d0131a8 t cxd56_endwait
0d0131cc t cxd56_eventtimeout
0d0131e0 t cxd56_sdio_frequency
0d01322c t cxd56_sdio_clock
0d0132e4 t cxd56_sdio_sdhci_reset
0d01336c t cxd56_sdio_waitresponse
0d013414 t cxd56_sdio_recvshortcrc
0d013450 t cxd56_sdio_callback
0d0134f8 t cxd56_sdio_callbackenable
0d013500 t cxd56_sdio_eventwait
0d0135ac t cxd56_sdio_attach
0d0135dc t cxd56_sdio_lock
0d0135f8 t cxd56_sdio_dmasendsetup
0d0136e0 t cxd56_endtransfer.part.5.constprop.11
0d01375c t cxd56_sdio_dmarecvsetup
0d013808 t cxd56_interrupt
0d0138a8 T cxd56_sdhci_initialize
0d01393c T cxd56_sdhci_finalize
0d013978 T cxd56_sdhci_mediachange
0d0139f8 T cxd56_sdio_resetstatus
0d013a02 t sph_open
0d013a14 t sph_trylock
0d013a5c t cxd56_sphirqhandler
0d013a84 t sph_ioctl
0d013b4c T cxd56_sphinitialize
0d013bec t cxd56_i2c_disable
0d013c18 t cxd56_i2c_timeout
0d013c48 t cxd56_i2c_setfrequency
0d013e6c t cxd56_i2c_interrupt
0d013f10 t cxd56_i2c_transfer
0d01410c T cxd56_i2cbus_initialize
0d01423c t pwm_shutdown
0d014240 t pwm_stop
0d014254 t pwm_ioctl
0d01425c t pwm_start
0d014364 t pwm_setup
0d0143a4 T cxd56_pwminitialize
0d0143b8 t cisif_vs_int
0d0143d4 t cisif_ycc_nstorage_int
0d014400 t cisif_jpg_nstorage_int
0d01442c t cisif_intc_handler
0d014468 t cisif_set_yuv_param
0d0144a0 t cxd56_cisif_cancel_dma
0d0144c0 t cxd56_cisif_chk_pixelformat
0d0144f4 t cisif_jpg_err_int
0d014520 t cisif_ycc_err_int
0d01454c t cxd56_cisif_close
0d014590 t cxd56_cisif_open
0d0145d8 t cxd56_cisif_get_range_of_framesize
0d014668 t cisif_callback_for_intlev.isra.2.part.3
0d0146a4 t cisif_ycc_axi_trdn_int
0d014700 t cisif_set_intlev_sarea
0d01473c t cxd56_cisif_set_dmabuf
0d0147bc t cxd56_cisif_try_format
0d014834 t cisif_jpg_axi_trdn_int
0d014890 t cxd56_cisif_start_dma
0d014a34 T cxd56_cisif_initialize
0d014a3c t findzeroandset
0d014a78 t bitmapclear
0d014a98 t seq_setdecimation
0d014ae0 t seq_setbus
0d014b1c t seq_setsignconversion
0d014b40 t seq_setstartmode
0d014b5c t seq_setstartinterval
0d014b80 t seq_stopseq
0d014b98 t seq_offsetgainenable
0d014bc0 t mathf_set_coeff
0d014bcc t mathf_setiirfilter
0d014c2c t seq_semtake
0d014c42 t seq_fifodmadone
0d014c4c t seq_scuirqhandler
0d014f30 t seq_fifoisactive.isra.2
0d014f4e t seq_isactive.isra.3
0d014f64 t seq_free
0d014f8c t seq_fifofree.part.9
0d015044 t deci_free
0d01506c t seq_alloc
0d015098 t seq_sync.isra.8
0d0150fc T seq_open
0d0151c4 T seq_setsample
0d0151fc T seq_read
0d0152f4 T seq_ioctl
0d015a50 T seq_close
0d015abc T scu_initialize
0d015ca8 T scufifo_memalloc
0d015d08 T scufifo_memfree
0d015d38 T scufifo_initialize
0d015d68 t cxd56_adc_ioctl
0d0160dc t cxd56_adc_read
0d0160f0 t cxd56_adc_open
0d01618c t cxd56_adc_close
0d0161e8 T cxd56_adc_getinterval
0d01626c T cxd56_adcinitialize
0d016368 T cxd56_udmainitialize
0d0163b4 T cxd56_udmachannel
0d016428 T cxd56_udmafree
0d016444 T cxd56_rxudmasetup
0d0164bc T cxd56_udmastart
0d016508 T cxd56_udmastop
0d016528 t cxd56_dmac_interrupt
0d01657c t cxd56_start
0d01659c t cxd56_stop
0d0165b8 t cxd56_timer_interrupt
0d016600 t cxd56_getstatus
0d01663c t cxd56_setcallback
0d016654 t cxd56_ioctl
0d016678 t cxd56_settimeout
0d0166c8 T cxd56_timer_initialize
0d016730 t cxd56_wdtinterrupt
0d016740 t cxd56_start
0d016764 t cxd56_stop
0d016784 t cxd56_keepalive
0d0167a0 t cxd56_ioctl
0d0167a8 t cxd56_settimeout
0d016840 t cxd56_getstatus
0d016898 t cxd56_capture
0d0168c0 t cxd56_pm_event
0d0168e0 T cxd56_wdt_initialize
0d016930 t cxd56_gnss_write
0d016936 t cxd56_gnss_poll
0d01699c t cxd56_gnss_ioctl
0d0169e0 t cxd56_gnss_cpufifoapi_signalhandler
0d0169ee t cxd56_gnss_get_1pps_output
0d016a0c t cxd56_gnss_set_1pps_output
0d016a34 t cxd56_gnss_get_usecase
0d016a52 t cxd56_gnss_set_usecase
0d016a58 t cxd56_gnss_get_var_ephemeris
0d016a6c t cxd56_gnss_set_var_ephemeris
0d016a7c t cxd56_gnss_start_navmsg_output
0d016a8a t cxd56_gnss_start_rtk_output
0d016aa0 t cxd56_gnss_get_pvtlog_status
0d016aae t cxd56_gnss_delete_pvtlog
0d016ab2 t cxd56_gnss_stop_pvtlog
0d016ab6 t cxd56_gnss_start_pvtlog
0d016ac6 t cxd56_gnss_set_signal
0d016b78 t cxd56_gnss_get_test_result
0d016b88 t cxd56_gnss_stop_test
0d016ba2 t cxd56_gnss_control_spectrum
0d016bc6 t cxd56_gnss_set_utc_model
0d016bd8 t cxd56_gnss_set_tow_assist
0d016bea t cxd56_gnss_clear_receiver_info
0d016bf0 t cxd56_gnss_set_time_gps
0d016c00 t cxd56_gnss_set_tau_gps
0d016c0e t cxd56_gnss_set_frametime
0d016c20 t cxd56_gnss_set_acquist_data
0d016c32 t cxd56_gnss_get_rtk_ephemeris_enable
0d016c50 t cxd56_gnss_set_rtk_ephemeris_enable
0d016c56 t cxd56_gnss_get_rtk_satellite
0d016c74 t cxd56_gnss_select_rtk_satellite
0d016c7a t cxd56_gnss_get_rtk_interval
0d016c98 t cxd56_gnss_set_rtk_interval
0d016c9e t cxd56_gnss_stop_rtk_output
0d016ca2 t cxd56_gnss_close_cep_data
0d016caa t cxd56_gnss_open_cep_data
0d016cb2 t cxd56_gnss_get_cep_age
0d016cc2 t cxd56_gnss_check_cep_data
0d016cc8 t cxd56_gnss_erase_backup_data
0d016cd4 t cxd56_gnss_read
0d016d90 t cxd56_gnss_save_backup_data
0d016e00 t cxd56_gnss_set_ephemeris
0d016e10 t cxd56_gnss_get_ephemeris
0d016e2a t cxd56_gnss_set_almanac
0d016e3a t cxd56_gnss_get_almanac
0d016e54 t cxd56_gnss_set_time
0d016e80 t cxd56_gnss_get_tcxo_offset
0d016e9e t cxd56_gnss_set_tcxo_offset
0d016ea4 t cxd56_gnss_get_ope_mode
0d016eb4 t cxd56_gnss_set_ope_mode
0d016ec4 t cxd56_gnss_set_receiver_position_orthogonal
0d016ed8 t cxd56_gnss_set_receiver_position_ellipsoidal
0d016eec t cxd56_gnss_get_satellite_system
0d016f0a t cxd56_gnss_select_satellite_system
0d016f10 t cxd56_gnss_close
0d016f46 t cxd56_gnss_common_signalhandler
0d016f98 t cxd56_gnss_default_sighandler
0d017140 t cxd56_gnss_start_test
0d01718c t cxd56_gnss_cpufifo_api.isra.2
0d0171ac t cxd56_gnss_reset_cep_flag
0d0171b6 t cxd56_gnss_stop
0d0171d0 t cxd56_gnss_start
0d01721c t cxd56_gnss_open
0d017300 T cxd56_gnssinitialize
0d0173b4 t cxd56cpu1_worker
0d0173e6 T cxd56_cpu1sigsend
0d017404 T cxd56_cpu1sigregisterhandler
0d017418 T cxd56_cpu1siginit
0d0174cc t cxd56_geofence_open
0d0174d0 t cxd56_geofence_ioctl
0d0174ec t cxd56_geofence_sighandler
0d017524 t cxd56_geofence_poll
0d01758a t cxd56_geofence_set_mode
0d01759a t cxd56_geofence_get_all_status
0d01759e t cxd56_geofence_get_used_id
0d0175b4 t cxd56_geofence_get_region_data
0d0175cc t cxd56_geofence_delete_all_region
0d0175d0 t cxd56_geofence_delete_region
0d0175e0 t cxd56_geofence_modify_region
0d0175f4 t cxd56_geofence_add_region
0d017608 t cxd56_geofence_stop
0d01760c t cxd56_geofence_start
0d017610 t cxd56_geofence_read
0d01762a t cxd56_geofence_close
0d017630 T cxd56_geofenceinitialize
0d017698 T up_reprioritize_rtr
0d01770c T nsh_main
0d017754 T up_cxxinitialize
0d017784 T nsh_initialize
0d0177ac t nsh_strchr
0d0177d0 t nsh_dequote
0d0177fa t nsh_cmdenabled
0d017844 t nsh_releaseargs
0d017880 t nsh_strcat
0d0178d4 t nsh_child
0d0178f0 t nsh_saveresult
0d01796a t nsh_memlist_free.part.1
0d017990 t nsh_execute
0d017b5c t nsh_argument
0d018018 t nsh_parse_command
0d018690 T nsh_parse
0d01872c T cmd_break
0d018758 t cmd_unrecognized
0d01876c t cmd_true
0d018770 t cmd_false
0d018776 t cmd_exit
0d018780 t help_showcmd
0d0187a8 t help_cmd
0d018804 t cmd_help
0d018aa8 T nsh_command
0d018b1c T nsh_extmatch_count
0d018b58 T nsh_extmatch_getname
0d018b64 t nsh_getdirpath
0d018bb8 t ls_specialdir
0d018be0 t ls_handler
0d018d78 t ls_recursive
0d018dec T cmd_basename
0d018e34 T cmd_dirname
0d018e50 T cmd_cat
0d018ea8 T cmd_cp
0d019058 T cmd_ls
0d0191bc T cmd_mkdir
0d019210 T cmd_mkfatfs
0d019338 T cmd_mkfifo
0d01938c T cmd_mkrd
0d019494 T cmd_mksmartfs
0d0195a4 T cmd_mv
0d019628 T cmd_rm
0d019678 T cmd_rmdir
0d0196c8 T cmd_sh
0d0196d0 T cmd_cmp
0d019804 T cmd_dd
0d019aa0 t ps_callback
0d019e18 T cmd_exec
0d019e60 T cmd_ps
0d019f14 T cmd_kill
0d019fac T cmd_sleep
0d019fe8 T cmd_usleep
0d01a024 T cmd_free
0d01a034 T cmd_time
0d01a0f4 T cmd_date
0d01a2fc T nsh_getcwd
0d01a318 T nsh_getfullpath
0d01a3c0 T nsh_freefullpath
0d01a3c8 T cmd_cd
0d01a490 T cmd_echo
0d01a500 T cmd_pwd
0d01a51c T cmd_set
0d01a628 T cmd_unset
0d01a664 T cmd_poweroff
0d01a6ac T cmd_reboot
0d01a6f4 T cmd_uname
0d01a858 t mem_parse.isra.0
0d01a8a8 T cmd_mb
0d01a940 T cmd_mh
0d01a9d8 T cmd_mw
0d01aa50 T nsh_dumpbuffer
0d01ab14 T cmd_xd
0d01ab6c T cmd_hexdump
0d01acf0 t isspace
0d01ad04 T nsh_catfile
0d01ae04 T nsh_readfile
0d01aea8 T nsh_foreach_direntry
0d01af08 T nsh_trimdir
0d01af2a T nsh_trimspaces
0d01af68 T nsh_builtin
0d01b024 t ifconfig_callback
0d01b050 t nsh_foreach_netdev.constprop.1
0d01b0c8 T cmd_ifup
0d01b118 T cmd_ifdown
0d01b168 T cmd_ifconfig
0d01b2a4 T cmd_df
0d01b2d8 T cmd_mount
0d01b414 T cmd_umount
0d01b464 T nsh_consolemain
0d01b478 t expression
0d01b790 T cmd_test
0d01b798 T cmd_lbracket
0d01b7d8 T exec_builtin
0d01b8ac t tab_completion
0d01bae0 T readline_prompt
0d01baf0 T readline_extmatch
0d01bb00 T readline_common
0d01bcec T netlib_ethaddrconv
0d01bd66 T netlib_ifup
0d01bdbc T netlib_ifdown
0d01be12 T netlib_setmacaddr
0d01be6c T netinit_bringup
0d01be7c T issmartfs
0d01bebe T mksmartfs
0d01bf58 T mkfatfs
0d01c040 T mkfatfs_configfatfs
0d01c35c t mkfatfs_initmbr
0d01c4c4 t mkfatfs_devwrite.isra.1
0d01c51c T mkfatfs_writefatfs
0d01c6f0 t nsh_consolelinebuffer
0d01c6f6 t nsh_consoleredirect
0d01c73a t nsh_closeifnotclosed
0d01c79a t nsh_consoleundirect
0d01c7be t nsh_consolerelease
0d01c7d0 t nsh_consoleexit
0d01c7e0 t nsh_openifnotopen.part.1
0d01c810 t nsh_consolewrite
0d01c848 t nsh_erroroutput
0d01c87a t nsh_consoleoutput
0d01c8ac T nsh_newconsole
0d01c92c t nsh_consoleclone
0d01c934 T nsh_script
0d01ca40 T nsh_session
0d01cad0 t readline_write
0d01cad6 t readline_putc
0d01cafc t readline_getc
0d01cb2c T readline
0d01cb60 T psock_send
0d01cb86 T nx_send
0d01cba0 T psock_socket
0d01cc18 T socket
0d01cc5e T net_sockif
0d01cc62 T net_checksd
0d01cc80 t netdev_ifr_dev
0d01cc88 T net_ioctl_arglen
0d01ccf0 T netdev_ifup
0d01cd0c T netdev_ifdown
0d01cd38 T psock_ioctl
0d01ce3c T netdev_ioctl
0d01ce54 T netdev_findbyname
0d01ce84 T netdev_count
0d01cea4 t netprocfs_rewinddir
0d01ceac t netprocfs_stat
0d01cefc t netprocfs_closedir
0d01cf0e t netprocfs_close
0d01cf1e t netprocfs_readdir
0d01cf68 t netprocfs_open
0d01cfb8 t netprocfs_opendir
0d01cffc t netprocfs_dup
0d01d020 t netprocfs_read
0d01d040 T netprocfs_read_linegen
0d01d0cc t netprocfs_blank_line
0d01d0d4 t netprocfs_linklayer
0d01d150 T netprocfs_read_devstats
0d01d168 t usrsock_sockif_sockcaps
0d01d16c t usrsock_sockif_addref
0d01d176 t usrsock_sockif_send
0d01d186 t usrsock_sockif_close
0d01d1b4 t usrsock_sockif_setup
0d01d1de t accept_event
0d01d260 T usrsock_accept
0d01d478 t listen_event
0d01d4b0 T usrsock_listen
0d01d560 t ioctl_event
0d01d5ac T usrsock_ioctl
0d01d664 T netdev_findbyindex
0d01d68c t close_event
0d01d6c8 T usrsock_close
0d01d74c t bind_event
0d01d784 T usrsock_bind
0d01d810 t connect_event
0d01d848 T usrsock_connect
0d01d91c t getpeername_event
0d01d968 T usrsock_getpeername
0d01da28 t getsockname_event
0d01da74 T usrsock_getsockname
0d01db34 t poll_event
0d01db8c T usrsock_poll
0d01dc8c t recvfrom_event
0d01dd0c T usrsock_recvfrom
0d01df1c t sendto_event
0d01df88 T usrsock_sendto
0d01e12c t socket_event
0d01e16c T usrsock_socket
0d01e238 T file_seek
0d01e278 T lseek
0d01e2a8 T mkdir
0d01e328 T file_read
0d01e352 T nx_read
0d01e382 T read
0d01e39c T rename
0d01e600 T rmdir
0d01e68e T unregister_driver
0d01e6a6 T register_blockdriver
0d01e6dc T open_blockdriver
0d01e71e T close_blockdriver
0d01e748 T mtd_proxy
0d01e7f0 T closedir
0d01e854 T opendir
0d01e9b0 T readdir
0d01ea6c T mount
0d01eb88 T umount2
0d01ec4a t fat_ioctl
0d01ec82 t fat_stat_file
0d01ed04 t fat_rename
0d01edd0 t fat_rmdir
0d01edfc t fat_unlink
0d01ee28 t fat_rewinddir
0d01ee8c t fat_opendir
0d01ef06 t fat_fstat
0d01ef52 t fat_mkdir
0d01f0bc t fat_statfs
0d01f110 t fat_unbind
0d01f17c t fat_bind
0d01f1e2 t fat_readdir
0d01f28e t fat_truncate
0d01f318 t fat_dup
0d01f39a t fat_sync
0d01f42e t fat_close
0d01f482 t fat_seek
0d01f5cc t fat_write
0d01f768 t fat_read
0d01f8a4 t fat_open
0d01f9d0 t fat_stat
0d01fa2e t fat_lfnchecksum
0d01fa4c t fat_cmplfnchunk
0d01fa78 t fat_getlfnchunk
0d01fa94 t fat_findsfnentry
0d01fb10 t fat_initlfname
0d01fb2a t fat_putlfnchunk
0d01fb48 t fat_putlfname
0d01fecc T fat_finddirentry
0d020218 T fat_allocatedirentry
0d0203a4 T fat_freedirentry
0d02041a T fat_dirname2path
0d0205b8 T fat_dirnamewrite
0d0205f0 T fat_dirwrite
0d020656 T fat_dircreate
0d020678 T fat_remove
0d02074a t fat_checkbootrecord
0d020864 T fat_getuint16
0d02086e T fat_getuint32
0d020884 T fat_putuint16
0d02088e T fat_semtake
0d0208a4 T fat_semgive
0d0208aa T fat_systime2fattime
0d0208ae T fat_fattime2systime
0d0208b2 T fat_checkmount
0d0208ea T fat_hwread
0d020910 T fat_hwwrite
0d020936 T fat_cluster2sector
0d020950 T fat_fscacheflush
0d0209a6 T fat_fscacheread
0d0209d0 T fat_mount
0d020b04 T fat_getcluster
0d020bb4 T fat_nextdirentry
0d020c12 T fat_putcluster
0d020d0a T fat_removechain
0d020d52 T fat_extendchain
0d020de2 T fat_dirshrink
0d020e58 T fat_dirtruncate
0d020e98 T fat_ffcacheflush
0d020ec2 T fat_ffcacheread
0d020f00 T fat_ffcacheinvalidate
0d020f28 T fat_updatefsinfo
0d020f98 T fat_nfreeclusters
0d021026 T fat_currentsector
0d02105c T fat_dirextend
0d021150 t romfs_ioctl
0d021176 t romfs_rewinddir
0d02119a t romfs_seek
0d0211ee t romfs_stat
0d021276 t romfs_statfs
0d0212c2 t romfs_close
0d0212e4 t romfs_bind
0d021366 t romfs_readdir
0d0213d6 t romfs_opendir
0d02142a t romfs_dup
0d021492 t romfs_read
0d02154c t romfs_open
0d02160e t romfs_unbind
0d02166e t romfs_fstat
0d0216e0 t romfs_devread32
0d0216fc T romfs_semtake
0d021712 T romfs_semgive
0d021718 T romfs_hwread
0d021772 T romfs_devcacheread
0d0217ac t romfs_followhardlinks
0d0217f2 T romfs_filecacheread
0d02181e T romfs_hwconfigure
0d0218cc T romfs_fsconfigure
0d021914 T romfs_fileconfigure
0d021942 T romfs_checkmount
0d021986 T romfs_parsedirentry
0d0219ea T romfs_parsefilename
0d021a5e T romfs_finddirentry
0d021b58 T romfs_datastart
0d021ba2 t smartfs_ioctl
0d021ba8 t smartfs_dup
0d021bb6 t smartfs_rewinddir
0d021bc2 t smartfs_opendir
0d021c14 t smartfs_statfs
0d021c80 t smartfs_rename
0d021d88 t smartfs_mkdir
0d021dfc t smartfs_rmdir
0d021e66 t smartfs_unlink
0d021eb8 t smartfs_bind
0d021f38 t smartfs_readdir
0d022014 t smartfs_truncate
0d022058 t smartfs_sync
0d02207a t smartfs_close
0d0220e2 t smartfs_seek
0d022116 t smartfs_write
0d0222b2 t smartfs_read
0d022370 t smartfs_open
0d0224ce t smartfs_stat
0d02255c t smartfs_unbind
0d02259c t smartfs_fstat
0d0225fe T find_blockdriver
0d022658 T find_mtddriver
0d022698 T clock_settime
0d022708 T getenv
0d022750 T setenv
0d022800 T unsetenv
0d022864 t pthread_start
0d0228c0 T pthread_create
0d022ab0 T pthread_exit
0d022af8 T pthread_detach
0d022b40 W pthread_initialize
0d022b42 T pthread_sem_take
0d022b82 T pthread_sem_give
0d022b9a T pthread_destroyjoin
0d022be2 T pthread_completejoin
0d022c78 T pthread_findjoininfo
0d022c8a T pthread_mutex_inconsistent
0d022cd0 T sched_getstreams
0d022ce0 T nxsched_setparam
0d022d24 T sched_setparam
0d022d40 T nxsched_setpriority
0d022dc4 T nxsched_getparam
0d022e0c T sched_getparam
0d022e28 T nxsched_getscheduler
0d022e4c T sched_getscheduler
0d022e68 T waitpid
0d022f8c T task_getgroup
0d022f98 t nxtask_spawn_exec
0d022ff8 t nxtask_spawn_proxy
0d023034 T task_spawn
0d0230e8 T env_findvar
0d02311e T env_removevar
0d023160 T group_bind
0d023170 T group_join
0d0231be T task_reparent
0d02325a T spawn_semtake
0d02326e T spawn_execattrs
0d0232ba T spawn_proxyattrs
0d023340 T nxsched_setscheduler
0d0233a6 t ftl_open
0d0233b2 t ftl_read
0d0233d2 t ftl_geometry
0d0233f2 t ftl_ioctl
0d02341a t ftl_unlink
0d023438 t ftl_close
0d02345c t ftl_write
0d0235d4 T ftl_initialize_by_path
0d023638 t wdog_read
0d02363c t wdog_ioctl
0d0236d0 t wdog_close
0d0236f4 t wdog_open
0d023724 t wdog_write
0d023728 T watchdog_register
0d023780 t timer_read
0d023784 t timer_close
0d0237a6 t timer_open
0d0237d4 t timer_notifier
0d0237ec t timer_write
0d0237f0 T timer_register
0d023844 T timer_setcallback
0d02385c t timer_ioctl
0d023900 T boardctl
0d023970 T builtin_getname
0d02397c T builtin_isavail
0d0239a4 T builtin_for_index
0d0239c0 T basename
0d023a0c T dirname
0d023a60 T uname
0d023ae4 T mkfifo
0d023aec T ether_ntoa
0d023b1c T pthread_attr_init
0d023b34 T pthread_attr_setschedpolicy
0d023b46 T pthread_attr_setschedparam
0d023b56 T sched_get_priority_max
0d023b5a T sched_get_priority_min
0d023b5e T posix_spawn_file_actions_addopen
0d023ba4 T posix_spawn_file_actions_destroy
0d023bba T posix_spawn_file_actions_init
0d023bc2 T posix_spawnattr_init
0d023bfc T posix_spawnattr_setflags
0d023c02 T posix_spawnattr_setschedparam
0d023c0a T posix_spawnattr_setschedpolicy
0d023c10 T task_spawnattr_setstacksize
0d023c16 T asprintf
0d023c30 T vasprintf
0d023c78 T lib_mode2oflags
0d023d1c T fdopen
0d023d3a T fopen
0d023d74 T fclose
0d023dea T fread
0d023e02 T lib_fread
0d023f02 T fseek
0d023f3c T ftell
0d023f86 T fgets
0d023fa2 t consume_eol
0d023fc2 T lib_fgets
0d024048 T fwrite
0d024060 T lib_fwrite
0d024116 T fflush
0d024142 T lib_rdflush
0d024198 T lib_wrflush
0d0241ac T fputs
0d024206 T fprintf
0d024220 T vfprintf
0d024256 t stdoutstream_flush
0d02425e t stdoutstream_putc
0d024284 T lib_stdoutstream
0d0242b0 T ferror
0d0242b8 T clearerr
0d0242be T memcmp
0d0242e2 T strcat
0d024302 T strncasecmp
0d024338 T strrchr
0d02435c T strtok_r
0d0243bc T strftime
0d024590 T clock_daysbeforemonth
0d0245a8 T clock_isleapyear
0d0245d4 T mktime
0d024600 T gmtime_r
0d0246ec T getopt
0d02481c T sleep
0d024854 T chdir
0d0248cc T gethostname
0d0248f0 T add_file_action
0d02490a T fgetc
0d02492a T fputc
0d024964 T clock_calendar2utc
0d024994 T up_use_stack
0d0249c2 T psock_recvfrom
0d024a0e T nx_recvfrom
0d024a32 T dup2
0d024a62 T board_app_initialize
0d024a66 T board_ioctl
0d024a7a T board_uniqueid
0d024a8c T mkfifo2
0d024acc t nxsem_wait_uninterruptible
0d024ae2 t pipecommon_pollnotify
0d024b26 T pipecommon_allocdev
0d024b74 T pipecommon_freedev
0d024b92 T pipecommon_close
0d024c30 T pipecommon_open
0d024cda T pipecommon_read
0d024da0 T pipecommon_write
0d024e88 T pipecommon_poll
0d024f30 T pipecommon_ioctl
0d024fa6 T pipecommon_unlink
0d024fcc T mkrd
0d02500c t rd_open
0d025018 t rd_geometry
0d02503a t rd_ioctl
0d025054 t rd_close
0d025078 t rd_write
0d0250b2 t rd_read
0d0250e4 t rd_unlink
0d025104 T ramdisk_register
0d025164 T cxd56_get_uniqueid
0d025188 T net_dupsd2
0d0251d4 T net_clone
0d02521c t g_uart2_ops
0d025250 t g_uart_ops
0d0252d8 t g_uartdevs
0d025303 t __FUNCTION__.7174
0d025357 t __FUNCTION__.7246
0d0253cf t __FUNCTION__.8067
0d0253dc t __FUNCTION__.8075
0d0253ec t __FUNCTION__.8085
0d0253f9 t __FUNCTION__.8097
0d0255dc T g_idle_topstack
0d0255f5 t g_idlename
0d025600 T g_tasklisttable
0d025670 t g_noname
0d025688 t g_serialops
0d0256a8 t g_syslog_console_channel
0d0256b8 T g_default_channel
0d0256c8 t g_syscrlf
0d0256ca t g_nullstring
0d0256e0 T g_dtoa_round
0d025760 T g_dtoa_scale_down
0d0257a8 T g_dtoa_scale_up
0d025804 T cxd56_usbdev_operations
0d025854 t g_devops
0d025870 t g_epinfo
0d02589c t g_epops
0d0258c0 t g_procfs_usbdev
0d0258ec t g_usrsockdevops
0d02592c t g_base_entries
0d0259bc T procfs_operations
0d025a50 t g_cmdline
0d025a5c t g_group
0d025a68 t g_groupfd
0d025a74 t g_groupinfo
0d025a7c t g_groupstatus
0d025a88 t g_level0info
0d025a98 t g_level0node
0d025aa4 t g_nodeinfo
0d025abc t g_policy
0d025acc t g_stack
0d025ad8 t g_statenames
0d025afc t g_status
0d025b08 t g_ttypenames
0d025b18 T proc_operations
0d025d4c T uptime_operations
0d025d7c T meminfo_operations
0d025e4f t labels.7699
0d025e64 T mount_procfsoperations
0d025f08 t g_direntry
0d025f34 T smartfs_procfsoperations
0d02616c T bch_fops
0d026198 t i2cdrvr_fops
0d0261b8 t g_bops
0d0261e4 t rtc_fops
0d026210 t g_pwmops
0d026230 t CSWTCH.47
0d026233 t CSWTCH.52
0d026248 t g_isx012_cxc_grb_data
0d026305 t g_isx012_cxc_rgb_data
0d0263c2 t g_isx012_def_init
0d02651e t g_isx012_exptime_addr
0d026524 t g_isx012_gamma_addr
0d02652a t g_isx012_hue_addr
0d026530 t g_isx012_iso_addr
0d026536 t g_isx012_meter_addr
0d02653c t g_isx012_presleep
0d02654e t g_isx012_sat_addr
0d026554 t g_isx012_shd_b2_data
0d0265ee t g_isx012_shd_grb_data
0d026717 t g_isx012_shd_r1_data
0d0267b1 t g_isx012_shd_r2_data
0d02684b t g_isx012_shd_rgb_data
0d026974 t g_isx012_shd_thresholds
0d0269a4 t g_isx012_shd_wb
0d0269ce t g_isx012_shrp_addr
0d0269d4 t g_isx012_supported_colorfx
0d026a0c t g_isx012_supported_iso
0d026aa4 t g_isx012_supported_photometry
0d026ac4 t g_isx012_supported_presetwb
0d026af4 t g_isx012_wb_addr
0d026cd4 t devnull_fops
0d026d0c t g_sysctlfops
0d026d2c t g_rtc_ops
0d026d58 t sph_fops
0d026dbc t CSWTCH.11
0d026dcc t g_pwmops
0d026de0 T g_cxd56_cisif_ops
0d026e00 T g_intcomp_func
0d026e74 t g_caddrs
0d026f04 T scu_isopprog_array
0d028bd4 t g_adcops
0d028c08 t g_tmrops
0d028c34 t g_wdgops
0d028c90 t devsig_table.9465
0d028ce8 t g_cmdlist
0d028dc0 t g_gnssfops
0d028de0 t g_cmdlist
0d028e0c t g_geofencefops
0d028e54 t g_nsh_extmatch
0d028e5c t g_arg_separator
0d028e5f t g_exitstatus
0d028e61 t g_failure
0d028e63 T g_fmtarginvalid
0d028e7e T g_fmtargrange
0d028e9b T g_fmtargrequired
0d028ec2 T g_fmtcmdfailed
0d028eda T g_fmtcmdnotfound
0d028ef6 T g_fmtcmdoutofmemory
0d028f0e T g_fmtcontext
0d028f32 T g_fmtdeepnesting
0d028f4d T g_fmtinternalerror
0d028f66 T g_fmtnomatching
0d028f7f T g_fmtnosuch
0d028f98 T g_fmtsignalrecvd
0d028fb8 T g_fmtsyntax
0d028fcf T g_fmttoomanyargs
0d028fec t g_line_separator
0d028ff1 T g_nshgreeting
0d02900d T g_nshprompt
0d029013 t g_nullstring
0d029014 t g_redirect1
0d029016 t g_redirect2
0d029019 t g_success
0d02901b t g_token_separator
0d0291a0 t g_cmdmap
0d029aa2 t g_dd
0d029af6 t g_flags
0d029afd t g_groupid
0d029b04 t g_priority
0d029b0e t g_scheduler
0d029b19 t g_sigmask
0d029b22 t g_stacksize
0d029b2d t g_state
0d029b34 t g_type
0d029beb t format.7645
0d029c00 t g_datemontab
0d029c77 t g_home
0d029c79 t g_oldpwd
0d029c80 t g_pwd
0d029cb0 t g_unknown
0d029e35 t g_erasetoeol
0d029e94 T net_procfsoperations
0d029ebc t g_netstat_linegen
0d029f10 T g_usrsock_sockif
0d029f5c t g_bdfsmap
0d029f7c t g_nonbdfsmap
0d029f8c T fat_operations
0d029fe4 T romfs_operations
0d02a048 T smartfs_operations
0d02a0a8 T g_default_pthread_attr
0d02a0b4 t g_pthreadname
0d02a0d4 t g_bops
0d02a0f0 t g_wdogops
0d02a110 t g_timerops
0d02a190 t g_abbrev_monthname
0d02a1c0 t g_monthname
0d02a296 t g_daysbeforemonth
0d02a2b8 T g_builtin_count
0d02a2bc T g_builtins
0d02a2e0 t fifo_fops
0d02a300 t g_bops
0d02a327 T Image$$MODLIST$$Base
0d02a328 T _modulelist_power_mgr
0d02a338 T _modulelist_flash_mgr
0d02a348 T _modulelist_rtc_mgr
0d02a358 T _modulelist_gnss_pwr
0d02a368 T _modulelist_aca
0d02a378 T _modulelist_pinconfig
0d02a388 T _modulelist_uart
0d02a398 T _modulelist_update_mgr
0d02a3a8 T _modulelist_gnss
0d02a3b8 T _modulelist_gnss_geofence
0d02a3c8 T _modulelist_gnss_pvtlog
0d02a3d8 A _einit
0d02a3d8 A _etext
0d02a3d8 A __exidx_start
0d02a3d8 A _sinit
0d02a3d8 T Image$$MODLIST$$Limit
0d02a3e0 A _eronly
0d02a3e0 A __exidx_end
0d02a3e0 A _sdata
0d02a3e0 d g_uart1port
0d02a41c d g_uart1priv
0d02a438 d g_uart2port
0d02a474 d g_uart2priv
0d02a490 d g_clockexc
0d02a494 d g_wlock
0d02a4a0 d g_wlock
0d02a4ac D g_syslog_channel
0d02a4b0 D g_syslog_mask
0d02a4b4 d g_hv_lock
0d02a4c4 d g_wake_lock
0d02a4d0 d g_holder
0d02a4d2 d g_devno_sem
0d02a4d4 d g_hv_lock
0d02a4e4 d g_ltsem
0d02a4e6 d g_used_tcxo
0d02a4e8 d g_hv_lock
0d02a4f8 d g_hv_lock
0d02a508 d g_isx012_contrast
0d02a50a d g_isx012_scene_params
0d02a7b0 d g_isx012_sensctrl_ops
0d02a804 d g_rtc_lowerhalf
0d02a810 D g_sdhcdev
0d02a8d8 D cxd56_i2c_ops
0d02a8dc d g_i2c0dev
0d02a90c d g_i2c2dev
0d02a93c d g_pwm_ch0
0d02a944 d g_pwm_ch1
0d02a94c d g_pwm_ch2
0d02a954 d g_pwm_ch3
0d02a95c d g_hpadc0priv
0d02a984 d g_hpadc1priv
0d02a9ac d g_lpadc0priv
0d02a9d4 d g_lpadc1priv
0d02a9fc d g_lpadc2priv
0d02aa24 d g_lpadc3priv
0d02aa4c d g_hold_lock
0d02aa5c d g_lv_lock
0d02aa6c d g_cmd_history_head
0d02aa70 d g_cmd_history_steps_from_head
0d02aa74 d g_bootcodeblob
0d02aaf6 d g_devno_sem
0d02aaf8 D g_spawn_parmsem
0d02aafc D optind
0d02ab00 D optopt
0d02ab04 A _edata
0d02ac00 A _sbss
0d02ac00 B g_intstackalloc
0d02b400 B g_intstackbase
0d02b400 b g_uart1rxbuffer
0d02b800 b g_uart1txbuffer
0d02bc00 b g_uart2rxbuffer
0d02bd00 b g_uart2txbuffer
0d02be00 b g_cr
0d02be04 b g_lcr
0d02be08 b g_active_imgdevs
0d02be0c b g_analog
0d02be1c b g_digital
0d02be2c b rcosc_clock
0d02be30 b g_bootsync
0d02be34 b g_cbqueue
0d02be3c b g_clockcange_start
0d02be40 b g_freqlock
0d02be44 b g_freqlock_flag
0d02be48 b g_freqlockqueue
0d02be50 b g_freqlockwait
0d02be54 b g_queuedesc
0d02be58 b g_regcblock
0d02be5c b g_target_id_table
0d02be74 b g_wakelockqueue
0d02be7c b g_cpumsg
0d02be9c b g_protocol
0d02bedc b g_farlock
0d02bede b g_farwait
0d02bee0 b s_last_regs
0d02bfb4 b g_cfrxhandler
0d02bfb8 b g_emptyqueue
0d02bfc0 b g_pushbuffer
0d02c020 b g_pushqueue
0d02c028 b g_inode_sem
0d02c030 B g_root_inode
0d02c034 b g_irqerrno
0d02c038 b g_idleargv
0d02c040 b g_idletcb
0d02c1c0 b g_desalloc
0d02c1c8 b g_grpid_counter
0d02c1cc b g_child_pool
0d02c4d0 b g_wdpool
0d02c650 b g_syslog_dev
0d02c66c b g_alarmcb
0d02c674 B g_rtc_enabled
0d02c678 b g_rtc_save
0d02c67c b s_retry.7964
0d02c680 b s_wdog.7963
0d02c684 b g_systrvr
0d02c688 b g_ep0in
0d02c698 b g_ep0out
0d02c6a8 b g_ep0outbuffer
0d02c6e8 b g_ep0setup
0d02c6f8 b g_usbdev
0d02c924 b g_freecpus
0d02c928 b g_freemutexes
0d02c92c b g_cbfreelist
0d02c930 b g_cbprealloc
0d02ca70 b g_active_usrsock_connections
0d02ca78 b g_free_sem
0d02ca7c b g_free_usrsock_connections
0d02ca84 b g_usrsock_connections
0d02cbbc b g_usrsockdev
0d02cbdc b g_count
0d02cbe0 b g_netlock
0d02cbe4 B g_netdevices
0d02cbe8 b g_devno
0d02cbec b g_procfs_entries
0d02cbf0 b g_procfs_entrycount
0d02cbf4 b g_mounthead
0d02cbf8 b g_used_lna
0d02cbf9 b initialized.7078
0d02cbfc b g_sdcard_work
0d02cc14 b g_sdhci
0d02cc1c b g_isx012_brightness
0d02cc20 b g_isx012_private
0d02cc50 b g_isx012_scene
0d02cc54 b g_errcode
0d02cc58 b g_exc
0d02cc5a b g_sync
0d02cc5c b g_bothedge
0d02cc60 b g_isr
0d02cc90 b cxd56_sdhci_adma_dscr
0d02cd10 b g_cpuid
0d02cd14 b g_sphdev
0d02cd94 b wostop.8173
0d02cd98 b g_cisif_video_private
0d02cd9c b g_errint_receive
0d02cda0 b g_jpg_notify_callback_func
0d02cda4 b g_jpgint_receive
0d02cda5 b g_state
0d02cda8 b g_storage_addr
0d02cdac b g_ycc_notify_callback_func
0d02cdb0 b adc_active
0d02d000 b g_descriptors
0d02d200 b g_dmac
0d02d204 b g_dmach
0d02d404 b g_tmrdevs
0d02d43c b g_wdtdev
0d02d450 b g_cpu1_info
0d02d524 b g_cmd_history
0d02df24 b g_cmd_history_len
0d02df28 b g_extmatch_vtbl
0d02df2c b g_readline_prompt
0d02df30 b g_devno
0d02df34 b g_sem
0d02df36 b g_seminitialized
0d02df37 b g_retchar
0d02df39 b g_retchar
0d02df3b b buffer.7012
0d02df50 b g_argc
0d02df54 b g_argv
0d02df58 b g_binitialized
0d02df5c b g_optptr
0d02df60 B g_hostname
0d02df84 B g_current_regs
0d02df88 B g_waitingformqnotempty
0d02df90 B g_waitingforsemaphore
0d02df98 B g_readytorun
0d02dfa0 B g_waitingformqnotfull
0d02dfa8 B g_inactivetasks
0d02dfb0 B g_waitingforsignal
0d02dfb8 B g_pidhash
0d02e0b8 B g_pendingtasks
0d02e0c0 B g_lastpid
0d02e0c2 B g_nx_initstate
0d02e0c4 B g_delayed_kufree
0d02e0cc B g_running_tasks
0d02e0d0 B g_msgfree
0d02e0d8 B g_msgfreeirq
0d02e0e0 B g_desfree
0d02e0e8 B g_hpwork
0d02e0f4 B g_lpwork
0d02e108 B g_system_timer
0d02e10c B g_basetime
0d02e114 B g_grouphead
0d02e118 B g_irqvector
0d02e598 B g_sigfreeaction
0d02e5a0 B g_sigpendingaction
0d02e5a8 B g_sigpendingirqaction
0d02e5b0 B g_sigpendingirqsignal
0d02e5b8 B g_sigpendingsignal
0d02e5c0 B g_wdfreelist
0d02e5c8 B g_wdnfree
0d02e5cc B g_wdactivelist
0d02e5d4 B g_mmheap
0d02e718 B g_tileinfo
0d02e71c B i2c
0d02e720 B g_video_sensctrl_ops
0d02e724 B g_video_imgdata_ops
0d02e728 B g_scudev
0d02e858 B g_fifomem
0d02e8d4 B g_spawn_parms
0d02e8f0 B optarg
0d02e8f4 A _ebss
0d0c0000 A __stack
