0d000000 A _stext
0d000000 T _vectors
0d000240 T fpuconfig
0d000268 T __start
0d0002d8 T exception_common
0d000354 t up_receive
0d000364 t up_rxint
0d00038c t up_rxflowcontrol
0d00039c t up_rxavailable
0d0003ac t up_send
0d0003b4 t up_txready
0d0003c4 t up_txempty
0d0003d8 t up_txint
0d00040c t up_set_format
0d0004a8 t up_detach
0d0004c0 t up_attach
0d0004e0 t up_interrupt
0d000510 t up_setup
0d000588 t cxd56_serial2_pm_event
0d0005a4 t up_shutdown
0d0005ec t up_ioctl
0d000764 T arm_earlyserialinit
0d000774 T arm_serialinit
0d0007a8 T up_putc
0d000808 t cxd56_uart_stop.constprop.0
0d000854 T arm_lowputc
0d00086c T cxd56_uart_reset
0d0008b0 T cxd56_uart_setup
0d000914 T cxd56_setbaud
0d000984 T cxd56_lowsetup
0d0009c4 t cxd56_uart_start.constprop.0
0d000a0c t cxd56_uart_clockchange
0d000a3c T cxd56_uart_initialize
0d000a54 T up_irqinitialize
0d000adc T up_disable_irq
0d000b84 T up_enable_irq
0d000c28 T arm_ack_irq
0d000c48 t get_mode_regaddr
0d000d80 T cxd56_pin_configs
0d000e58 T cxd56_pin_config
0d000e6a T cxd56_pin_status
0d000ee0 t busy_wait
0d000ef0 t do_power_control
0d000f24 t enable_pwd
0d000f64 t disable_pwd
0d000f94 t enable_apwd
0d000fc8 t disable_apwd
0d000ff8 t cxd56_img_clock_enable
0d001018 t cxd56_scu_clock_ctrl
0d00106c t cxd56_scu_peri_clock_disable
0d0010b4 t cxd56_get_clock
0d001120 t cxd56_img_clock_disable
0d001164 t clock_semgive.constprop.0
0d00117c t clock_semtake.constprop.0
0d001194 T cxd56_rcosc_enable
0d00119c t cxd56_scu_clock_enable.part.0
0d0011f8 t cxd56_scu_peri_clock_enable
0d001268 T cxd56_usb_clock_enable
0d0012b4 T cxd56_usb_clock_disable
0d0012ec T cxd56_sdio_clock_enable
0d001330 T cxd56_sdio_clock_disable
0d001360 T cxd56_audio_clock_enable
0d0013bc T cxd56_audio_clock_disable
0d0013f4 T cxd56_i2c_clock_enable
0d00143c T cxd56_i2c_clock_gate_enable
0d001450 T cxd56_i2c_clock_gate_disable
0d001464 T cxd56_img_uart_clock_enable
0d001494 T cxd56_img_uart_clock_disable
0d0014bc T cxd56_img_cisif_clock_enable
0d0014e4 T cxd56_img_cisif_clock_disable
0d00150c T cxd56_get_sys_baseclock
0d001558 T cxd56_get_scu_baseclock
0d001598 T cxd56_get_appsmp_baseclock
0d0015e4 T cxd56_get_cpu_baseclk
0d001614 T cxd56_get_img_uart_baseclock
0d00163c T cxd56_get_com_baseclock
0d001658 T cxd56_get_sdio_baseclock
0d00167c T cxd56_get_i2c_baseclock
0d00168e T cxd56_get_pwm_baseclock
0d001694 T cxd56_scuseq_clock_is_enabled
0d0016a4 T cxd56_scuseq_clock_enable
0d0016cc T cxd56_scuseq_release_reset
0d0016f8 T cxd56_udmac_clock_enable
0d001708 T cxd56_lpadc_clock_enable
0d001738 T cxd56_lpadc_clock_disable
0d001750 T cxd56_hpadc_clock_enable
0d001798 T cxd56_hpadc_clock_disable
0d0017c8 T cxd56_get_rcosc_clock
0d0017d0 T up_mdelay
0d001818 T up_udelay
0d001890 t cxd56_pm_semtake
0d001894 t cxd56_pmsendmsg
0d0018b0 t cxd56_pm_checkfreqlock
0d0018f4 t cxd56_pmmsghandler
0d001934 t cxd56_pm_needcallback.constprop.0
0d00198c t cxd56_pm_maintask
0d001a78 T cxd56_pm_register_callback
0d001aac T cxd56_pm_unregister_callback
0d001ad8 T cxd56_pm_bootup
0d001aec T up_pm_acquire_wakelock
0d001b20 T up_pm_release_wakelock
0d001b58 T up_pm_acquire_freqlock
0d001bac T up_pm_release_freqlock
0d001c04 T cxd56_pm_initialize
0d001cb4 T up_pm_get_bootcause
0d001cbc T up_pm_sleep
0d001cd8 T up_pm_reboot
0d001ce4 T up_interrupt_context
0d001cf4 T modifyreg32
0d001d14 T arm_doirq
0d001d38 T arm_hardfault
0d001d6c T arm_svcall
0d001dfc T fw_pm_startcpu
0d001e00 T fw_pm_stopcpu
0d001e04 T fw_pm_sleepcpu
0d001e08 T fw_pm_wakeupcpu
0d001e0c T fw_pm_coldsleep
0d001e10 T fw_pm_deepsleep
0d001e14 T fw_pm_reboot
0d001e18 T fw_pm_loadimage
0d001e28 T fw_pm_pmiccontrol
0d001e8c T fw_fm_rawwrite
0d001e90 T fw_fm_rawread
0d001e94 T fw_fm_rawerasesector
0d001ea8 T fw_fm_rawverifywrite
0d001fb0 T fw_as_acacontrol
0d001fd4 T fw_pd_pinconfigs
0d001ff8 T fw_pd_uartinit
0d001ffc T fw_pd_uartuninit
0d002000 T fw_pd_uartconfiguration
0d002004 T fw_pd_uartenable
0d002008 T fw_pd_uartdisable
0d00200c T fw_pd_uartreceive
0d002010 T fw_pd_uartsend
0d002034 T fw_um_init
0d002038 T fw_um_open
0d00203c T fw_um_commit
0d002040 T fw_um_close
0d002044 T fw_um_checkpoint
0d002048 T fw_um_doupdatesequence
0d00204c T fw_um_abort
0d002070 T fw_gd_start
0d002074 T fw_gd_stop
0d002078 T fw_gd_selectsatellitesystem
0d00207c T fw_gd_getsatellitesystem
0d002080 T fw_gd_setreceiverpositionellipsoidal
0d002084 T fw_gd_setreceiverpositionorthogonal
0d002088 T fw_gd_setoperationmode
0d00208c T fw_gd_getoperationmode
0d002090 T fw_gd_settcxooffset
0d002094 T fw_gd_gettcxooffset
0d002098 T fw_gd_settime
0d00209c T fw_gd_getalmanac
0d0020a0 T fw_gd_setalmanac
0d0020a4 T fw_gd_getephemeris
0d0020a8 T fw_gd_setephemeris
0d0020ac T fw_gd_getvarephemeris
0d0020b0 T fw_gd_setvarephemeris
0d0020b4 T fw_gd_startgpstest
0d0020b8 T fw_gd_stopgpstest
0d0020bc T fw_gd_getgpstestresult
0d0020c0 T fw_gd_savebackupdata
0d0020c4 T fw_gd_erasebackup
0d0020c8 T fw_gd_cepsetassistdata
0d0020cc T fw_gd_ceperaseassistdata
0d0020d0 T fw_gd_cepcheckassistdata
0d0020d4 T fw_gd_cepgetagedata
0d0020d8 T fw_gd_cepinitassistdata
0d0020dc T fw_gd_setacquist
0d0020e0 T fw_gd_setframetime
0d0020e4 T fw_gd_settaugps
0d0020e8 T fw_gd_settimegps
0d0020ec T fw_gd_clearreceiverinfo
0d0020f0 T fw_gd_settowassist
0d0020f4 T fw_gd_setutcmodel
0d0020f8 T fw_gd_spectrumcontrol
0d0020fc T fw_gd_readbuffer
0d002100 T fw_gd_writebuffer
0d002104 T fw_gd_setnotifymask
0d002108 T fw_gd_geoaddregion
0d00210c T fw_gd_geomodifyregion
0d002110 T fw_gd_geodeleteregione
0d002114 T fw_gd_geodeleteallregion
0d002118 T fw_gd_geogetregiondata
0d00211c T fw_gd_geogetusedregionid
0d002120 T fw_gd_geosetopmode
0d002124 T fw_gd_geosetallrgionnotifyrequest
0d002128 T fw_gd_registergeofence
0d00212c T fw_gd_releasegeofence
0d002130 T fw_gd_registerpvtlog
0d002134 T fw_gd_releasepvtlog
0d002138 T fw_gd_pvtlogdeletelog
0d00213c T fw_gd_pvtloggetlogstatus
0d002140 T fw_gd_rtkstart
0d002144 T fw_gd_rtkstop
0d002148 T fw_gd_rtksetoutputinterval
0d00214c T fw_gd_rtkgetoutputinterval
0d002150 T fw_gd_rtksetgnss
0d002154 T fw_gd_rtkgetgnss
0d002158 T fw_gd_rtksetephnotify
0d00215c T fw_gd_rtkgetephnotify
0d002160 T fw_gd_setusecase
0d002164 T fw_gd_getusecase
0d002168 T fw_gd_set1ppsoutput
0d00216c T fw_gd_get1ppsoutput
0d002170 T cxd56_pmic_set_gpo_reg
0d002188 T cxd56_pmic_set_gpo
0d0021e6 T cxd56_pmic_set_gpo_hiz
0d00222c T cxd56_pmic_get_gpo
0d002272 T cxd56_pmic_set_loadswitch_reg
0d002286 T cxd56_pmic_set_loadswitch
0d0022b0 T cxd56_pmic_get_loadswitch
0d0022dc T cxd56_pmic_set_ddc_ldo_reg
0d0022f0 T cxd56_pmic_set_ddc_ldo
0d00231a T cxd56_pmic_get_ddc_ldo
0d002346 T cxd56_pmic_read
0d00235e T cxd56_pmic_write
0d002378 t icc_sighandler
0d0023a0 t icc_msghandler
0d0023a6 t icc_rxtimeout
0d0023ac t icc_devnew
0d002404 t icc_irqhandler
0d002498 t icc_recv
0d002520 T cxd56_iccregisterhandler
0d002550 T cxd56_iccsend
0d002598 T cxd56_iccrecvmsg
0d0025c0 T cxd56_iccinit
0d0025f0 T cxd56_iccinitmsg
0d002620 T cxd56_iccuninitmsg
0d00265c T cxd56_iccinitialize
0d0026c0 t cxd56_farapidonehandler
0d002700 T farapi_main
0d00278c T cxd56_farapiinitialize
0d002814 t cpufifo_reserve
0d002840 t cpufifo_txhandler
0d002884 T cxd56_cfpush
0d0028dc T cxd56_cfpull
0d002910 t cpufifo_rxhandler
0d002938 T cxd56_cfregrxhandler
0d002960 T cxd56_cfinitialize
0d0029c0 t file_mq_vopen
0d002afc t nxmq_file_close
0d002b1e T nxmq_pollnotify
0d002b58 t nxmq_file_poll
0d002bea T file_mq_open
0d002c08 T file_mq_close
0d002c0c T file_mq_unlink
0d002cbc t files_extend
0d002d0e T files_initlist
0d002d16 T files_releaselist
0d002d50 T files_allocate
0d002e4e T files_duplist
0d002ec8 T fs_getfilep
0d002f24 T nx_dup2
0d002fa8 T nx_close
0d002ff6 T close
0d003010 T inode_initialize
0d003034 T inode_semtake
0d003068 T inode_semgive
0d00308c T inode_find
0d0030b2 T inode_release
0d0030ee T inode_unlink
0d003136 T inode_remove
0d003160 t inode_alloc
0d00319c T inode_root_reserve
0d0031b4 T inode_reserve
0d003250 T inode_nextname
0d00326c T inode_search
0d00333c T file_close
0d003368 T file_dup2
0d0033ee T inode_addref
0d00340e T inode_free
0d00342c T cxd56_boardinitialize
0d003430 T __aeabi_ldivmod
0d0034d0 T __aeabi_uldivmod
0d003500 T __udivmoddi4
0d0037c4 W __aeabi_idiv0
0d0037c4 W __aeabi_ldiv0
0d0037c8 T getenv
0d003810 T nx_start
0d0039a0 t nx_start_task
0d0039c8 T nx_bringup
0d003a04 T irq_attach
0d003a48 T irq_dispatch
0d003a84 T irq_unexpected_isr
0d003a9c T file_mq_send
0d003b2c T nxmq_verify_send
0d003b54 T nxmq_alloc_msg
0d003b9c T nxmq_wait_send
0d003bec T nxmq_do_send
0d003cd8 T file_mq_receive
0d003d3e T nxmq_verify_receive
0d003d60 T nxmq_wait_receive
0d003dd0 T nxmq_do_receive
0d003e34 W nxmq_initialize
0d003e90 T nxmq_free_msg
0d003ed4 T nxmq_alloc_msgq
0d003f0e T nxmq_free_msgq
0d003f2c T nxsched_get_files
0d003f3c T sched_lock
0d003f58 T sched_unlock
0d003fc0 T nxsem_destroy
0d003fd6 T sem_destroy
0d003ff0 T nxsem_wait
0d004044 T nxsem_wait_uninterruptible
0d004054 T sem_wait
0d004070 T nxsem_trywait
0d0040b0 T sem_trywait
0d0040cc T nxsem_post
0d00412c T sem_post
0d004148 T nxsig_queue
0d004190 T nxsig_notification
0d0041e0 T nxsig_tcbdispatch
0d0043b4 T nxsig_dispatch
0d0043dc T nxsig_deliver
0d004490 t nxthread_create
0d0044e0 T nxtask_create
0d0044f6 T task_create
0d004516 T kthread_create
0d00452c T nxtask_init
0d0045e8 t nxtask_assign_pid
0d004644 t nxthread_setup_scheduler.part.0
0d0046ec T nxtask_setup_scheduler
0d004718 T pthread_setup_scheduler
0d004744 T nxtask_setup_arguments
0d004814 T nxtask_activate
0d00482c T nxtask_start
0d004870 T getpid
0d00488c T _exit
0d004894 T exit
0d0048bc T wd_start
0d004968 T wd_timer
0d0049b0 T wd_cancel
0d004a18 t work_hpthread
0d004a2c T work_start_highpri
0d004a74 t work_lpthread
0d004ab0 T work_start_lowpri
0d004b14 T env_findvar
0d004b4c T setenv
0d004bfc T unsetenv
0d004c60 T group_allocate
0d004ca0 T group_initialize
0d004cf4 T group_leave
0d004db8 T group_findbypid
0d004de4 T group_setupidlefiles
0d004e24 T group_setuptaskfiles
0d004e5c t group_kill_children_handler
0d004e8c T group_kill_children
0d004eb0 t group_signal_handler
0d004f44 T group_signal
0d004f90 W task_initialize
0d004fb0 T group_alloc_child
0d004fc8 T group_free_child
0d004fdc T group_add_child
0d004fe4 T group_find_child
0d004ff6 T group_remove_children
0d00500c T tls_set_taskdata
0d005018 W irq_initialize
0d00503c T nxmq_wait_irq
0d00507c T pthread_cancel
0d0050cc T pthread_destroyjoin
0d005118 T pthread_completejoin
0d0051ae T pthread_findjoininfo
0d0051c0 T pthread_release
0d0051f0 T pthread_mutex_inconsistent
0d005230 T nxsched_get_tcb
0d005268 T nxsched_release_tcb
0d0052c0 T nxsem_wait_irq
0d0052f0 W nxsig_initialize
0d0053b0 T nxsig_procmask
0d005414 T nxsig_find_action
0d005438 T nxsig_alloc_pendingsigaction
0d005480 T nxsig_release_pendingsigaction
0d0054c4 T nxsig_unmask_pendingsignal
0d00552c T nxsig_remove_pendingsignal
0d005568 T nxsig_release_pendingsignal
0d0055ac T nxsig_lowest
0d0055ca T nxsig_cleanup
0d0055fc T nxsig_release
0d005624 T task_delete
0d00568c T nxtask_exithook
0d00574c T task_getgroup
0d005758 T nxtask_recover
0d005770 T nxnotify_cancellation
0d00579c T nxtask_terminate
0d0057ec W wd_initialize
0d0057fc T wd_recover
0d005804 T work_process
0d0058d0 T clock_basetime
0d0058d4 t clock_inittime
0d00591c W clock_initialize
0d00592e T clock_synchronize
0d005948 W clock_timer
0d005958 T clock_systime_timespec
0d0059e8 T env_dup
0d005a44 T env_release
0d005a58 T env_removevar
0d005a98 T group_setupstreams
0d005ad0 T group_foreachchild
0d005af2 T nxmq_recover
0d005b14 T pthread_exit
0d005b5c T pthread_sem_take
0d005b7e T pthread_sem_give
0d005b96 T nxsem_timedwait
0d005b9e T nxsem_timedwait_uninterruptible
0d005ba8 T nxsem_clockwait
0d005c1c T nxsem_clockwait_uninterruptible
0d005c34 T nxsem_timeout
0d005c5c T nxsem_recover
0d005c84 T nxsig_release_action
0d005c90 T nxsig_pendingset
0d005cbe t nxsig_timeout
0d005ce4 T nxsig_timedwait
0d005de0 T nxsig_usleep
0d005e0c T clock_timespec_compare
0d005e28 T clock_abstime2ticks
0d005e84 T nxsig_nanosleep
0d005f0c T clock_nanosleep
0d005f6c T clock_gettime
0d005ffc T clock_time2ticks
0d006034 T clock_ticks2time
0d006050 T clock_timespec_subtract
0d00608c t uart_putc
0d0060ae t uart_putxmitchar
0d00613e t uart_read
0d00626c t uart_open
0d0062ea t uart_pollnotify
0d00633c t uart_poll
0d006404 t uart_tcdrain
0d0064a4 t uart_write
0d0065a8 T uart_register
0d006634 T uart_datareceived
0d006654 T uart_datasent
0d006674 t uart_ioctl
0d0067d0 T uart_reset_sem
0d006808 t uart_close
0d00687c T uart_xmitchars
0d0068ea T uart_recvchars
0d00696a T syslog_initialize
0d00696e T _assert
0d00697a T __errno
0d006984 T lib_stream_initialize
0d0069c2 T lib_stream_release
0d006a0a T lib_sem_initialize
0d006a24 T lib_take_semaphore
0d006a52 T lib_give_semaphore
0d006a6e T sq_addlast
0d006a82 T sq_addfirst
0d006a8e T sq_addafter
0d006aaa T sq_rem
0d006ada T sq_remfirst
0d006aee T sq_remafter
0d006b10 T dq_addlast
0d006b26 T dq_addfirst
0d006b3c T dq_rem
0d006b58 T nxtask_startup
0d006b66 T nxsem_init
0d006b7c T sem_init
0d006b9c T nxsem_get_value
0d006bb0 T nxsem_set_protocol
0d006bc4 T nxsig_addset
0d006bde T nxsig_delset
0d006bf8 T sigemptyset
0d006c00 T nxsig_ismember
0d006c14 T sprintf
0d006c42 T asprintf
0d006c5c T snprintf
0d006c8a T vasprintf
0d006cd4 t memoutstream_putc
0d006cf0 T lib_memoutstream
0d006d10 t nulloutstream_putc
0d006d18 T lib_nulloutstream
0d006d30 T lib_noflush
0d006d34 T lib_vsprintf
0d007548 T __ultoa_invert
0d0075a0 T __dtoa_engine
0d0077ac T lib_flushall
0d0077e8 T lib_fflush
0d007878 T memset
0d007888 T strchr
0d0078a0 T strcpy
0d0078b0 T strlen
0d0078c0 T strnlen
0d0078da T strncpy
0d0078fe T memcpy
0d007914 T vsyslog
0d007934 T syslog
0d007950 T cfsetspeed
0d007994 T cfgetspeed
0d007998 T tls_get_info
0d0079b0 T stream_semtake
0d0079c0 T stream_semgive
0d0079c4 T umm_initialize
0d0079d4 T free
0d0079e0 T malloc
0d0079ec T realloc
0d0079fc T zalloc
0d007a08 T mm_addregion
0d007a6a T mm_initialize
0d007aba T mm_seminitialize
0d007ad4 T mm_trysemaphore
0d007b12 T mm_takesemaphore
0d007b48 T mm_givesemaphore
0d007b64 T mm_addfreechunk
0d007b9a T mm_size2ndx
0d007bb4 T mm_free
0d007c7c T mm_malloc
0d007d32 T mm_realloc
0d007ee6 T mm_zalloc
0d007f00 T mm_shrinkchunk
0d007f64 T up_allocate_heap
0d007f7c T up_idle
0d007f80 t cxd56_timerisr
0d007f8c t cxd56_changeclock
0d008008 T up_timer_initialize
0d008064 T cxd56_timerisr_initialize
0d00807c t cxd56_rtc_interrupt
0d0080b8 T cxd56_rtc_count
0d0080dc T up_rtc_gettime
0d008110 t cxd56_rtc_initialize
0d00820c T up_rtc_initialize
0d008218 T up_rtc_settime
0d008264 T cxd56_rtc_setalarm
0d008328 T cxd56_rtc_cancelalarm
0d0083b4 t up_stackdump
0d008404 T up_assert
0d008638 T up_block_task
0d0086a4 T arm_copyfullstate
0d0086bc T up_create_stack
0d00870c T up_exit
0d008734 T up_initialize
0d00875c T up_initial_state
0d0087b4 T up_release_pending
0d0087fc T up_release_stack
0d00881c T up_schedule_sigaction
0d0088b4 T arm_sigdeliver
0d00890c T up_stack_frame
0d008934 T up_unblock_task
0d008984 T up_use_stack
0d0089c4 T arm_saveusercontext
0d0089d8 T arm_fullcontextrestore
0d0089e2 T arm_switchcontext
0d0089f0 t cxd56_epwrite
0d008a40 t cxd56_reqcomplete
0d008aa0 t cxd56_rdrequest
0d008adc t cxd56_sysinterrupt
0d008aec t cxd56_epconfigure
0d008bbc t cxd56_epstall
0d008c04 t cxd56_getframe
0d008c20 t cxd56_wakeup
0d008c44 t cxd56_selfpowered
0d008c58 t cxd56_pullup
0d008c90 t cxd56_notify_signal
0d008cb8 t cxd56_epfreebuffer
0d008cbe t cxd56_epfreereq
0d008cc4 t cxd56_freeep
0d008d28 t cxd56_epallocbuffer
0d008d2e t cxd56_epallocreq
0d008d48 t cxd56_allocep
0d008e3c t cxd56_cancelrequests
0d008eb4 t cxd56_epcancel
0d008ece t cxd56_epdisable
0d008ef4 t cxd56_vbusninterrupt
0d008f60 t cxd56_dispatchrequest.constprop.0
0d008f94 t cxd56_epfindbyaddr.constprop.0
0d008fd0 t cxd56_ep0setup.constprop.0
0d009184 t cxd56_usbinterrupt
0d0096d0 t cxd56_vbusinterrupt
0d00996c t cxd56_epsubmit
0d009a6c T usbdev_unregister
0d009ae0 T arm_usbuninitialize
0d009b58 T arm_usbinitialize
0d009c6c T cxd56_usbdev_setsigno
0d009c84 T board_late_initialize
0d009c88 T fs_initialize
0d009c8c T inode_checkflags
0d009cb4 t file_vopen.constprop.0
0d009d8e t nx_vopen
0d009dc0 T file_open
0d009dda T nx_open
0d009df4 T open
0d009e20 T file_write
0d009e4a T nx_write
0d009e70 T write
0d009e8a T fs_fdopen
0d009f5c T register_driver
0d009f98 T block_proxy
0d00a048 T inode_stat
0d00a10a T nx_stat
0d00a182 T stat
0d00a19e T lstat
0d00a1ba T nx_unlink
0d00a288 T unlink
0d00a2a4 W spresense_main
0d00a2a8 W board_timerhook
0d00a2ac T cxd56_bringup
0d00a3c4 T board_power_control
0d00a418 T board_power_setup
0d00a49c t board_flash_power_control.part.0
0d00a4cc T board_power_monitor
0d00a500 T board_flash_power_control
0d00a53c T board_xtal_power_control
0d00a580 T board_lna_power_control
0d00a5c4 T board_reset
0d00a5e8 T board_power_off
0d00a634 t pwm_initialize
0d00a668 T board_pwm_setup
0d00a694 t board_sdcard_enable
0d00a724 t board_sdcard_disable
0d00a750 t board_sdcard_detect_int
0d00a7e8 T board_sdcard_initialize
0d00a820 T board_sdcard_pin_initialize
0d00a824 T board_sdcard_pin_configuraton
0d00a88c T board_sdcard_pin_enable
0d00a88e T board_sdcard_pin_disable
0d00a890 T board_aca_power_control
0d00a93c T board_aca_power_monitor
0d00a974 T board_external_amp_mute_control
0d00a9ac T board_audio_i2s_enable
0d00a9c8 T board_audio_i2s_disable
0d00a9f8 T board_audio_initialize
0d00aa28 T board_audio_finalize
0d00aa5c T board_audio_initialize_driver
0d00aac4 T board_crashdump
0d00ac0c T board_i2cdev_initialize
0d00ac2c T board_isx012_power_on
0d00ac64 T board_isx012_power_off
0d00ac9a T board_isx012_set_reset
0d00aca2 T board_isx012_release_reset
0d00acac T board_isx012_set_sleep
0d00acd0 T board_isx012_release_sleep
0d00ace8 T board_isx012_initialize
0d00ad48 T board_clock_initialize
0d00ad54 T __aeabi_drsub
0d00ad5c T __aeabi_dsub
0d00ad5c T __subdf3
0d00ad60 T __adddf3
0d00ad60 T __aeabi_dadd
0d00afd8 T __aeabi_ui2d
0d00afd8 T __floatunsidf
0d00aff8 T __aeabi_i2d
0d00aff8 T __floatsidf
0d00b01c T __aeabi_f2d
0d00b01c T __extendsfdf2
0d00b060 T __aeabi_ul2d
0d00b060 T __floatundidf
0d00b070 T __aeabi_l2d
0d00b070 T __floatdidf
0d00b0cc T __aeabi_dmul
0d00b0cc T __muldf3
0d00b320 T __aeabi_ddiv
0d00b320 T __divdf3
0d00b4f0 T __gedf2
0d00b4f0 T __gtdf2
0d00b4f8 T __ledf2
0d00b4f8 T __ltdf2
0d00b500 T __cmpdf2
0d00b500 T __eqdf2
0d00b500 T __nedf2
0d00b57c T __aeabi_cdrcmple
0d00b58c T __aeabi_cdcmpeq
0d00b58c T __aeabi_cdcmple
0d00b59c T __aeabi_dcmpeq
0d00b5b0 T __aeabi_dcmplt
0d00b5c4 T __aeabi_dcmple
0d00b5d8 T __aeabi_dcmpge
0d00b5ec T __aeabi_dcmpgt
0d00b600 T __aeabi_dcmpun
0d00b600 T __unorddf2
0d00b62c T __aeabi_d2ulz
0d00b62c T __fixunsdfdi
0d00b668 T __aeabi_d2uiz
0d00b668 T __fixunsdfsi
0d00b6a8 T nxsched_add_readytorun
0d00b6f4 T nxsched_remove_readytorun
0d00b71c T nxsched_add_prioritized
0d00b764 T nxsched_merge_pending
0d00b7bc T nxsched_add_blocked
0d00b7e4 T nxsched_remove_blocked
0d00b800 T sched_idletask
0d00b818 T nxsched_self
0d00b824 T nxsched_get_stackinfo
0d00b868 T nxsched_resume_scheduler
0d00b870 T nxsched_process_timer
0d00b8a4 T nxsem_reset
0d00b8e8 T nxtask_exit
0d00b930 t work_qqueue
0d00b978 T work_queue
0d00b9b0 t work_qcancel
0d00b9dc T work_cancel
0d00b9fc T work_signal
0d00ba44 T nxsched_process_roundrobin
0d00ba7c T nxsig_kill
0d00bad0 T kill
0d00baea t write_reg_addr
0d00bb1c t cxd56_get_mic_config
0d00bb54 t cxd56_getcaps
0d00bba0 t cxd56_reserve
0d00bba4 t cxd56_cancelbuffer
0d00bba8 t cxd56_ioctl
0d00bbc4 t cxd56_int_clear
0d00bbe8 t cxd56_int_unmask
0d00bc14 t cxd56_set_dma_running
0d00bc40 t cxd56_enqueuebuffer
0d00bc80 t cxd56_set_volume
0d00bcec t cxd56_power_on_analog_output
0d00bdc0 t cxd56_stop_dma
0d00be64 t cxd56_pause
0d00be76 t cxd56_stop
0d00beac t cxd56_dma_int_handler
0d00c028 t cxd56_release
0d00c030 t cxd56_start
0d00c55c t cxd56_configure
0d00cc08 t cxd56_start_dma
0d00cec8 t cxd56_resume
0d00cefa t cxd56_workerthread
0d00cfac t cxd56_shutdown
0d00d0ec T cxd56_initialize
0d00d120 T bchdev_register
0d00d154 t bch_unlink
0d00d184 t bch_ioctl
0d00d1f4 t bch_seek
0d00d244 t bch_open
0d00d270 t bch_write
0d00d2b4 t bch_read
0d00d2ee t bch_close
0d00d332 t bch_poll
0d00d34e t i2cdrvr_read
0d00d352 t i2cdrvr_write
0d00d356 t i2cdrvr_unlink
0d00d38c t i2cdrvr_ioctl
0d00d3d2 t i2cdrvr_close
0d00d40a t i2cdrvr_open
0d00d42c T i2c_register
0d00d484 t mmsd_recv_r1
0d00d4b4 t mmcsd_wrprotected
0d00d4ce t mmcsd_removed
0d00d508 t mmcsd_takesem
0d00d522 t mmcsd_givesem
0d00d53a t mmcsd_geometry
0d00d596 t mmcsd_close
0d00d5b4 t mmcsd_open
0d00d5d2 t mmcsd_sendcmdpoll
0d00d5f0 t mmcsd_get_r1
0d00d630 t mmcsd_setblocklen
0d00d658 t mmcsd_transferready
0d00d6c8 t mmcsd_eventwait.constprop.0
0d00d6ea t mmcsd_read
0d00d864 t mmcsd_probe
0d00dc2c t mmcsd_ioctl
0d00dc76 t mmcsd_mediachange
0d00dcae t mmcsd_write
0d00dee0 T mmcsd_slotinitialize
0d00dfac T nx_vsyslog
0d00dfd2 t syslogstream_putc
0d00dff4 T syslogstream_create
0d00e00c t emergstream_putc
0d00e02c T emergstream
0d00e044 T syslog_putc
0d00e074 T syslog_force
0d00e090 T syslog_flush
0d00e0a8 t rtc_read
0d00e0ac t rtc_write
0d00e0b0 t rtc_destroy
0d00e0ce t rtc_unlink
0d00e0f6 t rtc_close
0d00e126 t rtc_open
0d00e148 t rtc_ioctl
0d00e2e8 t rtc_alarm_callback
0d00e31c T rtc_initialize
0d00e384 t pwm_read
0d00e388 t pwm_close
0d00e3bc t pwm_open
0d00e3fe t pwm_ioctl
0d00e4ac t pwm_write
0d00e4b0 T pwm_register
0d00e4e8 t isx012_replace_frameinterval_to_regval
0d00e550 t isx012_validate_frame_setting
0d00e62c t isx012_stop_capture
0d00e630 t isx012_getreg
0d00e694 t isx012_putreg
0d00e6da t isx012_chk_int_state
0d00e744 t isx012_putreglist
0d00e76c t isx012_set_value
0d00eb40 t isx012_get_value
0d00eea4 t isx012_get_supported_value
0d00f130 t isx012_uninit
0d00f160 t isx012_start_capture
0d00f400 T init_isx012
0d00f6d0 t isx012_init
0d00f6f4 T isx012_initialize
0d00f71c t devnull_read
0d00f720 t devnull_write
0d00f724 t devnull_poll
0d00f740 T devnull_register
0d00f758 T bchlib_setup
0d00f7f2 T bchlib_teardown
0d00f824 T bchlib_read
0d00f8e8 T bchlib_write
0d00f9c4 T bchlib_flushsector
0d00f9e0 T bchlib_readsector
0d00fa0e T bchlib_semtake
0d00fa14 T i2c_read
0d00fa44 T i2c_write
0d00fa74 t syslog_default_putc
0d00fa7c T imgsensor_register
0d00fa88 T imgdata_register
0d00fa94 T pthread_attr_init
0d00faac T pthread_attr_setstacksize
0d00fabc T pthread_attr_setschedparam
0d00facc T dq_remlast
0d00fae8 T dq_remfirst
0d00fb04 T dq_count
0d00fb12 T sched_get_priority_max
0d00fb16 T strdup
0d00fb38 T usleep
0d00fb68 T memalign
0d00fb78 T umm_heapmember
0d00fb84 T mm_memalign
0d00fc58 T mm_heapmember
0d00fc70 t get_gpio_regaddr
0d00fc86 T cxd56_gpio_config
0d00fcbe T cxd56_gpio_write
0d00fcd2 T cxd56_gpio_write_hiz
0d00fce0 T cxd56_gpio_read
0d00fd14 t sysctl_rxhandler
0d00fd2c T cxd56_sysctlcmd
0d00fd80 t sysctl_ioctl
0d00fd8c T cxd56_sysctlinitialize
0d00fde4 t cxd56_alarm_callback
0d00fe02 t cxd56_cancelalarm
0d00fe14 t cxd56_setalarm
0d00fe58 t cxd56_setrelative
0d00feb2 t cxd56_settime
0d00fecc t cxd56_rdtime
0d00fef8 T cxd56_rtc_lowerhalf
0d00ff00 t get_pin2irq
0d00ff40 t invert_irq
0d00ff68 t gpioint_handler
0d00fff0 T cxd56_gpioint_config
0d0101d0 T cxd56_gpioint_enable
0d0101e4 t cxd56_configwaitints
0d01021c t cxd56_configxfrints
0d010244 t cxd56_sdio_capabilities
0d010248 t cxd56_sdio_status
0d010250 t cxd56_sdio_widebus
0d010268 t cxd56_sdio_sendcmd
0d010398 t cxd56_blocksetup
0d0103ac t cxd56_sdio_recvlong
0d010428 t cxd56_sdio_recvshort
0d010450 t cxd56_sdio_registercallback
0d010460 t cxd56_sdio_admasetup
0d0104c4 t cxd56_sdio_cancel
0d010560 t cxd56_sdio_eventwait
0d0105f4 t cxd56_endwait
0d01061a t cxd56_eventtimeout
0d01062c t cxd56_sdio_frequency
0d010678 t cxd56_sdio_clock
0d010720 t cxd56_sdio_sdhci_reset
0d0107a8 t cxd56_sdio_waitresponse
0d010848 t cxd56_sdio_recvshortcrc
0d010884 t cxd56_sdio_callback
0d010930 t cxd56_sdio_callbackenable
0d010938 t cxd56_sdio_waitenable
0d010990 t cxd56_sdio_attach
0d0109c0 t cxd56_sdio_lock
0d0109dc t cxd56_sdio_dmasendsetup
0d010ac4 t cxd56_endtransfer.constprop.0
0d010b48 t cxd56_interrupt
0d010bd0 t cxd56_sdio_dmarecvsetup
0d010c80 T cxd56_sdhci_initialize
0d010d1c T cxd56_sdhci_finalize
0d010d54 T cxd56_sdhci_mediachange
0d010dd4 T cxd56_sdio_resetstatus
0d010dde t cxd56_i2c_disable
0d010e0a t cxd56_i2c_timeout
0d010e30 t cxd56_i2c_setfrequency
0d011020 t cxd56_i2c_transfer
0d01122c t cxd56_i2c_interrupt
0d0112d0 T cxd56_i2cbus_initialize
0d0113f8 t pwm_shutdown
0d0113fc t pwm_stop
0d011410 t pwm_ioctl
0d011418 t pwm_start
0d011524 t pwm_setup
0d011560 T cxd56_pwminitialize
0d011574 t cisif_vs_int
0d011590 t cisif_ycc_nstorage_int
0d0115bc t cisif_jpg_nstorage_int
0d0115e8 t cisif_ycc_err_int
0d011614 t cisif_jpg_err_int
0d011640 t cisif_intc_handler
0d01167c t cisif_set_yuv_param
0d0116b4 t cxd56_cisif_stop_capture
0d0116d4 t cxd56_cisif_validate_buf
0d0116ec t cxd56_cisif_uninit
0d011728 t cxd56_cisif_init
0d011768 t cisif_callback_for_intlev.isra.0
0d0117ac t cisif_jpg_axi_trdn_int
0d0117f4 t cisif_ycc_axi_trdn_int
0d01183c t cxd56_cisif_set_buf
0d0118e8 t cxd56_cisif_validate_frame_setting
0d01195c t cxd56_cisif_start_capture
0d011a78 T cxd56_cisif_initialize
0d011a88 t findzeroandset
0d011ac4 t bitmapclear
0d011ae4 t seq_setdecimation
0d011b2c t seq_setbus
0d011b68 t seq_setsignconversion
0d011b8c t seq_setstartmode
0d011bac t seq_setstartinterval
0d011bd0 t seq_stopseq
0d011be8 t seq_offsetgainenable
0d011c10 t mathf_set_coeff
0d011c1c t mathf_setiirfilter
0d011c7c t seq_fifodmadone
0d011c88 t seq_scuirqhandler
0d011f80 t seq_fifoisactive.isra.0
0d011f9e t seq_isactive.isra.0
0d011fb4 t seq_free
0d011fdc t seq_fifofree.part.0
0d012094 t deci_free
0d0120bc t seq_alloc
0d0120e8 t seq_sync.isra.0
0d01214c T seq_open
0d012214 T seq_setsample
0d01224c T seq_read
0d012350 T seq_ioctl
0d012aa4 T seq_close
0d012b10 T scu_initialize
0d012cfc T scufifo_memalloc
0d012d5c T scufifo_memfree
0d012d8c T scufifo_initialize
0d012db4 t cxd56_adc_ioctl
0d013134 t cxd56_adc_read
0d013146 t cxd56_adc_close
0d01319c t cxd56_adc_open
0d013230 T cxd56_adc_getinterval
0d0132b4 T cxd56_adcinitialize
0d0133b0 T cxd56_udmainitialize
0d013404 T cxd56_udmachannel
0d01347c T cxd56_udmafree
0d013498 T cxd56_rxudmasetup
0d013514 T cxd56_udmastart
0d013560 T cxd56_udmastop
0d013580 t cxd56_dmac_interrupt
0d0135d0 t cxd56_start
0d0135f0 t cxd56_stop
0d01360c t cxd56_timer_interrupt
0d013654 t cxd56_getstatus
0d013690 t cxd56_setcallback
0d0136a8 t cxd56_ioctl
0d0136cc t cxd56_settimeout
0d01371c T cxd56_timer_initialize
0d013784 t cxd56_wdtinterrupt
0d013794 t cxd56_start
0d0137b8 t cxd56_stop
0d0137d4 t cxd56_keepalive
0d0137f0 t cxd56_ioctl
0d0137f8 t cxd56_settimeout
0d013890 t cxd56_getstatus
0d0138e8 t cxd56_capture
0d013910 t cxd56_pm_event
0d013930 T cxd56_wdt_initialize
0d013980 t cxd56_gnss_write
0d013986 t cxd56_gnss_poll
0d0139f0 t cxd56_gnss_ioctl
0d013a34 t cxd56_gnss_cpufifoapi_signalhandler
0d013a42 t cxd56_gnss_get_1pps_output
0d013a60 t cxd56_gnss_set_1pps_output
0d013a88 t cxd56_gnss_get_usecase
0d013aa6 t cxd56_gnss_set_usecase
0d013aac t cxd56_gnss_get_var_ephemeris
0d013ac0 t cxd56_gnss_set_var_ephemeris
0d013ad0 t cxd56_gnss_start_navmsg_output
0d013ade t cxd56_gnss_start_rtk_output
0d013af4 t cxd56_gnss_get_pvtlog_status
0d013b02 t cxd56_gnss_delete_pvtlog
0d013b06 t cxd56_gnss_stop_pvtlog
0d013b0a t cxd56_gnss_start_pvtlog
0d013b1a t cxd56_gnss_set_signal
0d013bcc t cxd56_gnss_get_test_result
0d013bdc t cxd56_gnss_stop_test
0d013bf6 t cxd56_gnss_control_spectrum
0d013c1c t cxd56_gnss_set_utc_model
0d013c2e t cxd56_gnss_set_tow_assist
0d013c40 t cxd56_gnss_clear_receiver_info
0d013c46 t cxd56_gnss_set_time_gps
0d013c56 t cxd56_gnss_set_tau_gps
0d013c64 t cxd56_gnss_set_frametime
0d013c76 t cxd56_gnss_set_acquist_data
0d013c88 t cxd56_gnss_get_rtk_ephemeris_enable
0d013ca6 t cxd56_gnss_set_rtk_ephemeris_enable
0d013cac t cxd56_gnss_get_rtk_satellite
0d013cca t cxd56_gnss_select_rtk_satellite
0d013cd0 t cxd56_gnss_get_rtk_interval
0d013cee t cxd56_gnss_set_rtk_interval
0d013cf4 t cxd56_gnss_stop_rtk_output
0d013cf8 t cxd56_gnss_close_cep_data
0d013d00 t cxd56_gnss_open_cep_data
0d013d08 t cxd56_gnss_get_cep_age
0d013d18 t cxd56_gnss_check_cep_data
0d013d1c t cxd56_gnss_erase_backup_data
0d013d28 t cxd56_gnss_read
0d013de4 t cxd56_gnss_save_backup_data
0d013e50 t cxd56_gnss_set_ephemeris
0d013e60 t cxd56_gnss_get_ephemeris
0d013e7a t cxd56_gnss_set_almanac
0d013e8a t cxd56_gnss_get_almanac
0d013ea4 t cxd56_gnss_set_time
0d013ed0 t cxd56_gnss_get_tcxo_offset
0d013eee t cxd56_gnss_set_tcxo_offset
0d013ef4 t cxd56_gnss_get_ope_mode
0d013f04 t cxd56_gnss_set_ope_mode
0d013f14 t cxd56_gnss_set_receiver_position_orthogonal
0d013f28 t cxd56_gnss_set_receiver_position_ellipsoidal
0d013f3c t cxd56_gnss_get_satellite_system
0d013f5a t cxd56_gnss_select_satellite_system
0d013f60 t cxd56_gnss_close
0d013f96 t cxd56_gnss_common_signalhandler
0d013fe8 t cxd56_gnss_default_sighandler
0d01415c t cxd56_gnss_start_test
0d0141a8 t cxd56_gnss_cpufifo_api.isra.0
0d0141c8 t cxd56_gnss_reset_cep_flag
0d0141d2 t cxd56_gnss_stop
0d0141ec t cxd56_gnss_start
0d014238 t cxd56_gnss_open
0d01431c T cxd56_gnssinitialize
0d0143d0 t cxd56cpu1_worker
0d014404 T cxd56_cpu1sigsend
0d014424 T cxd56_cpu1sigregisterhandler
0d014438 T cxd56_cpu1siginit
0d0144d8 t cxd56_geofence_open
0d0144dc t cxd56_geofence_ioctl
0d0144f8 t cxd56_geofence_sighandler
0d014530 t cxd56_geofence_poll
0d014596 t cxd56_geofence_set_mode
0d0145a6 t cxd56_geofence_get_all_status
0d0145aa t cxd56_geofence_get_used_id
0d0145c0 t cxd56_geofence_get_region_data
0d0145da t cxd56_geofence_delete_all_region
0d0145de t cxd56_geofence_delete_region
0d0145ee t cxd56_geofence_modify_region
0d014602 t cxd56_geofence_add_region
0d014616 t cxd56_geofence_stop
0d01461a t cxd56_geofence_start
0d01461e t cxd56_geofence_read
0d014638 t cxd56_geofence_close
0d01463c T cxd56_geofenceinitialize
0d0146a4 T up_backuplog_initialize
0d0146d8 T up_backuplog_region
0d014754 T up_backuplog_free
0d01480c T up_backuplog_alloc
0d014908 T up_reprioritize_rtr
0d01497c T nsh_main
0d0149c4 T nsh_initialize
0d0149c6 T nsh_consolemain
0d0149e4 t nsh_consolelinebuffer
0d0149ea t nsh_consoleredirect
0d014a2e t nsh_closeifnotclosed
0d014a8e t nsh_consoleundirect
0d014ab2 t nsh_consolerelease
0d014ac4 t nsh_consoleexit
0d014ad4 t nsh_openifnotopen.part.0
0d014b04 t nsh_consolewrite
0d014b3e t nsh_erroroutput
0d014b70 t nsh_consoleoutput
0d014ba4 T nsh_newconsole
0d014c24 t nsh_consoleclone
0d014c2c T nsh_session
0d014d24 t readline_getc
0d014d54 T readline
0d014d74 T readline_common
0d014e0c t nsh_strchr
0d014e30 t nsh_dequote
0d014e5a t nsh_cmdenabled
0d014e9c t nsh_releaseargs
0d014ed6 t nsh_child
0d014ef2 t nsh_saveresult
0d014f68 t nsh_execute
0d015118 t nsh_memlist_free.part.0
0d01513c t nsh_strcat
0d015190 t nsh_argument
0d015640 t nsh_parse_command
0d015c8c T nsh_parse
0d015d1c T cmd_break
0d015d48 T nsh_script
0d015e64 t cmd_unrecognized
0d015e78 t cmd_true
0d015e7c t cmd_false
0d015e82 t cmd_exit
0d015e8c t help_showcmd
0d015eb4 t help_cmd
0d015f04 t cmd_help
0d0160f8 T nsh_command
0d016160 t nsh_getdirpath
0d0161b8 t unlink_recursive
0d016284 t ls_specialdir
0d0162ac t ls_handler
0d016434 t ls_recursive
0d0164ac T cmd_basename
0d0164f4 T cmd_dirname
0d016510 T cmd_cat
0d01656c T cmd_cp
0d016748 T cmd_ls
0d0168bc T cmd_mkdir
0d016910 T cmd_mkfatfs
0d016a40 T cmd_mkfifo
0d016a94 T cmd_mkrd
0d016b9c T cmd_mv
0d016c24 T cmd_rm
0d016ca4 T cmd_rmdir
0d016cf4 T cmd_source
0d016cfc T cmd_cmp
0d016e3c T cmd_dd
0d0170d4 T cmd_exec
0d01711c T cmd_kill
0d0171b8 T cmd_sleep
0d0171f4 T cmd_usleep
0d017230 T cmd_time
0d0172e8 T cmd_date
0d0174e8 T nsh_getcwd
0d017504 T nsh_getfullpath
0d0175ac T nsh_freefullpath
0d0175b4 T cmd_cd
0d01767c T cmd_echo
0d0176ec T cmd_pwd
0d017708 T cmd_set
0d017820 T cmd_unset
0d01785c T cmd_poweroff
0d0178a4 T cmd_reboot
0d0178ec T cmd_uname
0d017a48 T nsh_dumpbuffer
0d017b04 T cmd_xd
0d017b5c T cmd_hexdump
0d017ce8 T nsh_catfile
0d017dec T nsh_foreach_direntry
0d017e48 T nsh_trimdir
0d017e6c T nsh_trimspaces
0d017ea8 T cmd_mount
0d018000 T cmd_umount
0d018054 t expression
0d018370 T cmd_test
0d018378 T cmd_lbracket
0d0183b8 T mkfatfs
0d0184a0 T mkfatfs_configfatfs
0d01885c t mkfatfs_initmbr
0d0189c0 t mkfatfs_devwrite.isra.0
0d018a18 T mkfatfs_writefatfs
0d018bec T file_vioctl
0d018c08 t nx_vioctl
0d018c8a T ioctl
0d018cb6 T file_seek
0d018cf6 T nx_seek
0d018d14 T lseek
0d018d2e T mkdir
0d018dce T file_read
0d018df8 T nx_read
0d018e16 T read
0d018e30 T rename
0d0190c8 T rmdir
0d019176 T unregister_driver
0d019192 T register_blockdriver
0d0191cc T open_blockdriver
0d01920e T close_blockdriver
0d019238 T mtd_proxy
0d0192e0 T closedir
0d019342 T opendir
0d01941c T readdir
0d0194f8 T nx_mount
0d019608 T mount
0d019628 T nx_umount2
0d0196e6 T umount2
0d019700 t fat_ioctl
0d01973c t fat_stat_file
0d0197be t fat_rename
0d019890 t fat_rmdir
0d0198c0 t fat_unlink
0d0198f0 t fat_rewinddir
0d019958 t fat_opendir
0d0199d6 t fat_fstat
0d019a26 t fat_mkdir
0d019b96 t fat_statfs
0d019bee t fat_bind
0d019c54 t fat_readdir
0d019cf0 t fat_truncate
0d019d7e t fat_dup
0d019e0a t fat_sync
0d019ebc t fat_close
0d019f10 t fat_seek
0d01a062 t fat_write
0d01a208 t fat_read
0d01a354 t fat_open
0d01a49c t fat_stat
0d01a4fe t fat_unbind
0d01a56e t fat_putsfdirentry
0d01a5bc T fat_finddirentry
0d01a738 T fat_allocatedirentry
0d01a802 T fat_freedirentry
0d01a820 T fat_dirname2path
0d01a888 T fat_dirnamewrite
0d01a8a6 T fat_dirwrite
0d01a8aa T fat_dircreate
0d01a8cc T fat_remove
0d01a9a0 t fat_checkbootrecord
0d01aab6 T fat_getuint32
0d01aacc T fat_semtake
0d01aad2 T fat_semgive
0d01aad8 T fat_systime2fattime
0d01aadc T fat_fattime2systime
0d01aae0 T fat_checkmount
0d01ab18 T fat_hwread
0d01ab3e T fat_hwwrite
0d01ab64 T fat_cluster2sector
0d01ab7e T fat_fscacheflush
0d01abd4 T fat_fscacheread
0d01ac00 T fat_mount
0d01ad38 T fat_getcluster
0d01adf8 T fat_nextdirentry
0d01ae56 T fat_putcluster
0d01af50 T fat_removechain
0d01af98 T fat_extendchain
0d01b028 T fat_dirshrink
0d01b09e T fat_dirtruncate
0d01b0da T fat_ffcacheflush
0d01b106 T fat_ffcacheread
0d01b144 T fat_ffcacheinvalidate
0d01b16c T fat_updatefsinfo
0d01b1dc T fat_nfreeclusters
0d01b26c T fat_currentsector
0d01b2a2 T fat_dirextend
0d01b396 t file_vfcntl
0d01b404 T nx_fcntl
0d01b42e T find_blockdriver
0d01b4a4 T find_mtddriver
0d01b4fa T file_dup
0d01b536 t audio_read
0d01b548 t audio_write
0d01b55a t audio_ioctl
0d01b670 t audio_close
0d01b6b0 t audio_callback
0d01b708 t audio_open
0d01b744 T audio_register
0d01b7cc t pcm_subsample
0d01b89e t pcm_getcaps
0d01b8ba t pcm_configure
0d01b8fa t pcm_shutdown
0d01b908 t pcm_start
0d01b910 t pcm_stop
0d01b91e t pcm_pause
0d01b926 t pcm_resume
0d01b92e t pcm_allocbuffer
0d01b936 t pcm_freebuffer
0d01b93e t pcm_enqueuebuffer
0d01b99c t pcm_cancelbuffer
0d01b9a4 t pcm_ioctl
0d01b9ac t pcm_reserve
0d01b9b4 t pcm_release
0d01b9bc t pcm_callback
0d01b9cc T pcm_decode_initialize
0d01ba64 T __aeabi_d2f
0d01ba64 T __truncdfsf2
0d01bb08 T pow
0d01be78 T __ieee754_pow
0d01ca2c T __ieee754_sqrt
0d01cbb4 T fabs
0d01cbc8 T finite
0d01cbe0 T matherr
0d01cbe8 T nan
0d01cbf8 T rint
0d01cd20 T scalbn
0d01ce44 T clock_settime
0d01ceb4 t pthread_start
0d01cf10 T pthread_create
0d01d108 T pthread_join
0d01d1bc T pthread_detach
0d01d204 T nxsched_get_streams
0d01d214 T nxsched_set_param
0d01d258 T sched_setparam
0d01d274 T nxsched_set_priority
0d01d2fc T nxsched_get_param
0d01d344 T sched_getparam
0d01d360 T nxsched_get_scheduler
0d01d384 T prctl
0d01d410 T group_bind
0d01d420 T group_join
0d01d46e t ftl_open
0d01d47a t ftl_read
0d01d49a t ftl_geometry
0d01d4ba t ftl_ioctl
0d01d4e2 t ftl_unlink
0d01d500 t ftl_close
0d01d524 t ftl_write
0d01d6ac T ftl_initialize_by_path
0d01d710 t wdog_read
0d01d714 t wdog_ioctl
0d01d7ac t wdog_close
0d01d7d0 t wdog_open
0d01d800 t wdog_write
0d01d804 T watchdog_register
0d01d85c t timer_read
0d01d860 t timer_close
0d01d882 t timer_open
0d01d8b0 t timer_notifier
0d01d8c8 t timer_write
0d01d8cc T timer_register
0d01d920 T timer_setcallback
0d01d938 t timer_ioctl
0d01d9dc T boardctl
0d01da4c T apb_alloc
0d01da9a T apb_free
0d01dace T iscntrl
0d01dae0 T isgraph
0d01daec T islower
0d01daf8 T isspace
0d01db0c T toupper
0d01db18 T basename
0d01db64 T dirname
0d01dbb8 T uname
0d01dc34 T mkfifo
0d01dc52 T pthread_attr_setschedpolicy
0d01dc64 T sched_get_priority_min
0d01dc68 T lib_mode2oflags
0d01dd1a T fdopen
0d01dd48 T fopen
0d01dd92 T fclose
0d01de5a T fseek
0d01de96 T ftell
0d01dee4 T fgets
0d01df00 t consume_eol
0d01df20 T lib_fgets
0d01dfa0 T fwrite
0d01dfba T lib_fwrite
0d01e06c T fflush
0d01e098 T lib_rdflush
0d01e0f2 T lib_wrflush
0d01e108 T fputs
0d01e166 T fprintf
0d01e180 T vfprintf
0d01e1b8 t stdoutstream_flush
0d01e1c0 t stdoutstream_putc
0d01e1e8 T lib_stdoutstream
0d01e21c T atoi
0d01e224 T strtol
0d01e298 T strtoul
0d01e352 T lib_checkbase
0d01e3b0 T lib_isbasedigit
0d01e3fc T memcmp
0d01e420 T lib_skipspace
0d01e438 T strcat
0d01e458 T strcmp
0d01e470 T strcspn
0d01e48c T strncasecmp
0d01e4b8 T strncat
0d01e4e2 T strncmp
0d01e502 T strrchr
0d01e526 T strtok_r
0d01e580 T strlcpy
0d01e5b8 T strftime
0d01e780 T clock_daysbeforemonth
0d01e798 T clock_isleapyear
0d01e7c4 T mktime
0d01e7f0 T gmtime_r
0d01e904 T getopt
0d01e916 T getoptargp
0d01e91e T getoptindp
0d01e928 T sleep
0d01e960 T chdir
0d01e9d8 T gethostname
0d01e9fc T fgetc
0d01ea1c T fputc
0d01ea5a T clock_calendar2utc
0d01ea8a T clock_dayoftheweek
0d01ead2 t getopt_long_option
0d01ebb4 T getopt_common
0d01ed08 T getoptvars
0d01ed12 T lib_fread
0d01ee24 T board_app_initialize
0d01ee28 T board_ioctl
0d01ee3c T board_uniqueid
0d01ee50 T nx_mkfifo
0d01ee84 t pipecommon_pollnotify
0d01eec8 T pipecommon_allocdev
0d01ef16 T pipecommon_freedev
0d01ef34 T pipecommon_close
0d01efde T pipecommon_open
0d01f088 T pipecommon_read
0d01f14c T pipecommon_write
0d01f244 T pipecommon_poll
0d01f2f8 T pipecommon_ioctl
0d01f370 T pipecommon_unlink
0d01f396 T mkrd
0d01f3d6 t rd_open
0d01f3e2 t rd_geometry
0d01f404 t rd_ioctl
0d01f41e t rd_close
0d01f442 t rd_write
0d01f47c t rd_read
0d01f4ae t rd_unlink
0d01f4d0 T ramdisk_register
0d01f530 T cxd56_get_uniqueid
0d01f578 t g_uart2_ops
0d01f5ac t g_uart_ops
0d01f610 t g_uartdevs
0d01f61c t CSWTCH.51
0d01f61f T g_scuhpadc
0d01f623 T g_scui2c0
0d01f627 T g_sculpadc
0d01f682 t __FUNCTION__.6934
0d01f702 t __FUNCTION__.7182
0d01f728 t g_nxmq_fileops
0d01f750 t g_idlename
0d01f75c T g_tasklisttable
0d01f7cc t g_noname
0d01f7ec t g_serialops
0d01f814 t g_nullstring
0d01f820 T g_dtoa_round
0d01f8a0 T g_dtoa_scale_down
0d01f8e8 T g_dtoa_scale_up
0d01f930 t g_baud_table
0d01fa28 T g_idle_topstack
0d01fc16 t __FUNCTION__.7804
0d01fc23 t __FUNCTION__.7812
0d01fc33 t __FUNCTION__.7822
0d01fc40 t __FUNCTION__.7832
0d01fc60 t g_devops
0d01fc7c t g_epinfo
0d01fca8 t g_epops
0d01fe3c T REG_AC_ADC_FS
0d01fe44 T REG_AC_ALC_EN
0d01fe4c T REG_AC_AU_COD_INSEL2
0d01fe54 T REG_AC_AU_COD_INSEL3
0d01fe5c T REG_AC_AU_DAT_SEL1
0d01fe64 T REG_AC_AU_DAT_SEL2
0d01fe6c T REG_AC_BLF_EN
0d01fe74 T REG_AC_CIC1IN_SEL
0d01fe7c T REG_AC_CIC1_GAIN_MODE
0d01fe84 T REG_AC_CIC1_LGAIN
0d01fe8c T REG_AC_CIC1_RGAIN
0d01fe94 T REG_AC_CIC2IN_SEL
0d01fe9c T REG_AC_CIC2_GAIN_MODE
0d01fea4 T REG_AC_CIC2_LGAIN
0d01feac T REG_AC_CIC2_RGAIN
0d01feb4 T REG_AC_CIC3IN_SEL
0d01febc T REG_AC_CIC3_LGAIN
0d01fec4 T REG_AC_CIC3_RGAIN
0d01fecc T REG_AC_CIC4IN_SEL
0d01fed4 T REG_AC_CIC4_LGAIN
0d01fedc T REG_AC_CIC4_RGAIN
0d01fee4 T REG_AC_CS_SIGN
0d01feec T REG_AC_CS_VOL
0d01fef4 T REG_AC_DAC_VOL
0d01fefc T REG_AC_DCMFS
0d01ff04 T REG_AC_DCMFS_34
0d01ff0c T REG_AC_DECIM0_EN
0d01ff14 T REG_AC_DEQ_EN
0d01ff1c T REG_AC_DIF1
0d01ff24 T REG_AC_DIGSFT
0d01ff2c T REG_AC_DNC1_MUTE
0d01ff34 T REG_AC_DNC1_START
0d01ff3c T REG_AC_DNC2_MUTE
0d01ff44 T REG_AC_DNC2_START
0d01ff4c T REG_AC_DSR_RATE
0d01ff54 T REG_AC_FS_CLK_EN
0d01ff5c T REG_AC_FS_FS
0d01ff64 T REG_AC_HPF1_MODE
0d01ff6c T REG_AC_HPF2_MODE
0d01ff74 T REG_AC_HPF3_MODE
0d01ff7c T REG_AC_HPF4_MODE
0d01ff84 T REG_AC_LR_SWAP1
0d01ff8c T REG_AC_MCK_AHBMSTR_EN
0d01ff94 T REG_AC_NSDD
0d01ff9c T REG_AC_NSPMUTE
0d01ffa4 T REG_AC_NSX2
0d01ffac T REG_AC_OUTEN_MIC1L_A
0d01ffb4 T REG_AC_OUTEN_MIC1L_B
0d01ffbc T REG_AC_OUTEN_MIC1R_A
0d01ffc4 T REG_AC_OUTEN_MIC1R_B
0d01ffcc T REG_AC_OUTEN_MIC2L_A
0d01ffd4 T REG_AC_OUTEN_MIC2L_B
0d01ffdc T REG_AC_OUTEN_MIC2R_A
0d01ffe4 T REG_AC_OUTEN_MIC2R_B
0d01ffec T REG_AC_PDM_OUT_EN
0d01fff4 T REG_AC_PDN_AMIC1
0d01fffc T REG_AC_PDN_AMIC2
0d020004 T REG_AC_PDN_AMICEXT
0d02000c T REG_AC_PDN_ANC
0d020014 T REG_AC_PDN_DMIC
0d02001c T REG_AC_PDN_DNC1
0d020024 T REG_AC_PDN_DNC2
0d02002c T REG_AC_PDN_DSPB
0d020034 T REG_AC_PDN_DSPC
0d02003c T REG_AC_PDN_DSPS1
0d020044 T REG_AC_PDN_DSPS2
0d02004c T REG_AC_PDN_SMSTR
0d020054 T REG_AC_SD1MASTER
0d02005c T REG_AC_SDCK_OUTENX
0d020064 T REG_AC_SDES_EN
0d02006c T REG_AC_SDIN1_EN
0d020074 T REG_AC_SDIN1_VOL
0d02007c T REG_AC_SDIN2_EN
0d020084 T REG_AC_SDIN2_VOL
0d02008c T REG_AC_SDOUT1_EN
0d020094 T REG_AC_SDOUT2_EN
0d02009c T REG_AC_SEL_DECIM
0d0200a4 T REG_AC_SEL_INF
0d0200ac T REG_AC_SEL_OUT1_L
0d0200b4 T REG_AC_SEL_OUT1_R
0d0200bc T REG_AC_SEL_OUT2_L
0d0200c4 T REG_AC_SEL_OUT2_R
0d0200cc T REG_AC_SEL_OUT3_L
0d0200d4 T REG_AC_SEL_OUT3_R
0d0200dc T REG_AC_SEL_OUT4_L
0d0200e4 T REG_AC_SEL_OUT4_R
0d0200ec T REG_AC_SEL_OUTF
0d0200f4 T REG_AC_SER_MODE
0d0200fc T REG_AC_SPC_EN
0d020104 T REG_AC_SRC1
0d02010c T REG_AC_SRC1IN_SEL
0d020114 T REG_AC_SRC2IN_SEL
0d02011c T REG_AC_TEST_OUT_SEL0
0d020124 T REG_CLK_EN_AHBMSTR_I2S1
0d02012c T REG_CLK_EN_AHBMSTR_MIC
0d020134 T REG_I2S1_INT_CTRL_CMB
0d02013c T REG_I2S1_INT_CTRL_ERR
0d020144 T REG_I2S1_INT_MASK_CMB
0d02014c T REG_I2S1_INT_MASK_ERR
0d020154 T REG_I2S1_OUT_BITWT
0d02015c T REG_I2S1_OUT_RTD_TRG
0d020164 T REG_I2S1_OUT_SAMPLE_NO
0d02016c T REG_I2S1_OUT_SD1_L_SEL
0d020174 T REG_I2S1_OUT_SD1_R_SEL
0d02017c T REG_I2S1_OUT_START_ADR
0d020184 T REG_I2S_ENSEL
0d02018c T REG_INT_EN1_BITS
0d020194 T REG_INT_HRESP_ERR
0d02019c T REG_INT_M_I2S1_BCL_ERR1
0d0201a4 T REG_INT_M_I2S1_BCL_ERR2
0d0201ac T REG_INT_M_OVF_SMASL
0d0201b4 T REG_INT_M_OVF_SMASR
0d0201bc T REG_MIC_CH1_SEL
0d0201c4 T REG_MIC_CH2_SEL
0d0201cc T REG_MIC_CH3_SEL
0d0201d4 T REG_MIC_CH4_SEL
0d0201dc T REG_MIC_CH5_SEL
0d0201e4 T REG_MIC_CH6_SEL
0d0201ec T REG_MIC_CH7_SEL
0d0201f4 T REG_MIC_CH8_SEL
0d0201fc T REG_MIC_INT_CTRL_CMB
0d020204 T REG_MIC_INT_CTRL_ERR
0d02020c T REG_MIC_INT_MASK_CMB
0d020214 T REG_MIC_INT_MASK_ERR
0d02021c T REG_MIC_IN_BITWT
0d020224 T REG_MIC_IN_SAMPLE_NO
0d02022c T REG_MIC_IN_START_ADR
0d020234 T REG_MIC_RTD_TRG
0d02023c t g_audioops
0d02027c T bch_fops
0d0202a8 t i2cdrvr_fops
0d0202d8 t g_bops
0d020300 t rtc_fops
0d020320 t g_pwmops
0d02034f t CSWTCH.47
0d020353 t CSWTCH.48
0d020368 t g_isx012_colorfx_regval
0d02036f t g_isx012_cxc_grb_data
0d02042c t g_isx012_cxc_rgb_data
0d0204ea t g_isx012_def_init
0d0205b6 t g_isx012_iso_regval
0d0205c9 t g_isx012_photometry_regval
0d0205cd t g_isx012_presetwb_regval
0d0205d4 t g_isx012_presleep
0d0205e6 t g_isx012_shd_b2_data
0d020680 t g_isx012_shd_grb_data
0d0207a9 t g_isx012_shd_r1_data
0d020843 t g_isx012_shd_r2_data
0d0208dd t g_isx012_shd_rgb_data
0d020a06 t g_isx012_shd_thresholds
0d020a36 t g_isx012_shd_wb
0d020a6c t devnull_fops
0d020a8c t g_default_channel_ops
0d020aa4 t g_sysctlfops
0d020ac4 t g_rtc_ops
0d020ae4 t CSWTCH.46
0d020b38 t CSWTCH.14
0d020b48 t g_pwmops
0d020b5c T g_cxd56_cisif_ops
0d020b78 T g_intcomp_func
0d020bec t g_caddrs
0d020c7c T scu_isopprog_array
0d02294c t g_adcops
0d022980 t g_tmrops
0d0229ac t g_wdgops
0d022a00 t devsig_table.9331
0d022a58 t g_cmdlist
0d022b30 t g_gnssfops
0d022b60 t g_cmdlist
0d022b8c t g_geofencefops
0d022cb0 t g_arg_separator
0d022cb3 t g_exitstatus
0d022cb5 t g_failure
0d022cb7 T g_fmtarginvalid
0d022cd2 T g_fmtargrange
0d022cef T g_fmtargrequired
0d022d16 T g_fmtcmdfailed
0d022d2e T g_fmtcmdnotfound
0d022d4a T g_fmtcmdoutofmemory
0d022d62 T g_fmtcontext
0d022d86 T g_fmtdeepnesting
0d022da1 T g_fmtinternalerror
0d022dba T g_fmtnomatching
0d022dd3 T g_fmtnosuch
0d022dec T g_fmtsignalrecvd
0d022e0c T g_fmtsyntax
0d022e23 T g_fmttoomanyargs
0d022e40 t g_line_separator
0d022e45 T g_nshgreeting
0d022e64 T g_nshprompt
0d022e6a t g_nullstring
0d022e6b t g_redirect1
0d022e6d t g_redirect2
0d022e70 t g_success
0d022e72 t g_token_separator
0d023300 t g_cmdmap
0d023651 t g_dd
0d0236d5 t format.7370
0d0236ec t g_datemontab
0d023742 t g_home
0d023744 t g_oldpwd
0d02374b t g_pwd
0d02376c t g_unknown
0d023828 t g_bdfsmap
0d023838 T fat_operations
0d02389c t g_audioops
0d0238c8 t TWO52
0d0238e0 T g_default_pthread_attr
0d0238ec t g_bops
0d023908 t g_wdogops
0d023928 t g_timerops
0d023a80 t g_abbrev_monthname
0d023ab0 t g_abbrev_wdayname
0d023acc t g_monthname
0d023afc t g_wdayname
0d023b18 t g_daysbeforemonth
0d023b3c t fifo_fops
0d023b68 t g_bops
0d023b84 T _image_modlist_base
0d023b84 T _modulelist_power_mgr
0d023b94 T _modulelist_flash_mgr
0d023ba4 T _modulelist_rtc_mgr
0d023bb4 T _modulelist_gnss_pwr
0d023bc4 T _modulelist_aca
0d023bd4 T _modulelist_pinconfig
0d023be4 T _modulelist_uart
0d023bf4 T _modulelist_update_mgr
0d023c04 T _modulelist_gnss
0d023c14 T _modulelist_gnss_geofence
0d023c24 T _modulelist_gnss_pvtlog
0d023c34 A _einit
0d023c34 A _etext
0d023c34 A __exidx_start
0d023c34 A _sinit
0d023c34 T _image_modlist_limit
0d023c3c A _eronly
0d023c3c A __exidx_end
2d023c40 A _sdata
2d023c40 d g_uart1port
2d023c80 d g_uart1priv
2d023c9c d g_uart2port
2d023cdc d g_uart2priv
2d023cf8 d g_clockexc
2d023cfc d g_wlock
2d023d08 d g_wlock
2d023d14 D g_syslog_mask
2d023d18 d g_hv_lock
2d023d28 d g_wake_lock
2d023d34 d g_devno_sem
2d023d38 d g_hv_lock
2d023d48 d g_ltsem
2d023d4a d g_used_tcxo
2d023d4c d g_hv_lock
2d023d5c d first.8226
2d023d60 d g_hv_lock
2d023d70 d g_isx012_colorfx_actual
2d023d8c d g_isx012_iso_actual
2d023dd8 d g_isx012_ops
2d023df8 d g_isx012_photometry_actual
2d023e08 d g_isx012_presetwb_actual
2d023e20 d g_default_channel
2d023e24 D g_syslog_channel
2d023e28 d g_rtc_lowerhalf
2d023e34 D g_sdhcdev
2d023f0c D cxd56_i2c_ops
2d023f10 d g_i2c0dev
2d023f50 d g_i2c2dev
2d023f90 d g_pwm_ch0
2d023f98 d g_pwm_ch1
2d023fa0 d g_pwm_ch2
2d023fa8 d g_pwm_ch3
2d023fb0 d g_hpadc0priv
2d023fd8 d g_hpadc1priv
2d024000 d g_lpadc0priv
2d024028 d g_lpadc1priv
2d024050 d g_lpadc2priv
2d024078 d g_lpadc3priv
2d0240a0 d g_hold_lock
2d0240b0 d g_lv_lock
2d0240c0 d g_bootcodeblob
2d024142 d g_devno_sem
2d024144 D __fdlib_version
2d024148 A _edata
2d024148 A _sbss
2d024148 B g_intstackalloc
2d024948 B g_intstackbase
2d024948 b g_uart1rxbuffer
2d024d48 b g_uart1txbuffer
2d025148 b g_uart2rxbuffer
2d025248 b g_uart2txbuffer
2d025348 b g_cr
2d02534c b g_lcr
2d025350 b g_active_imgdevs
2d025354 b g_analog
2d025364 b g_digital
2d025374 b rcosc_clock
2d025378 b g_bootsync
2d02537c b g_cbqueue
2d025384 b g_clockcange_start
2d025388 b g_freqlock
2d02538c b g_freqlock_flag
2d025390 b g_freqlockqueue
2d025398 b g_freqlockwait
2d02539c b g_queuedesc
2d0253ac b g_regcblock
2d0253b0 b g_target_id_table
2d0253c8 b g_wakelockqueue
2d0253d0 b g_cpumsg
2d0253f0 b g_protocol
2d025430 b g_farlock
2d025432 b g_farwait
2d025434 b g_cfrxhandler
2d025438 b g_emptyqueue
2d025440 b g_pushbuffer
2d0254a0 b g_pushqueue
2d0254a8 b g_inode_sem
2d0254b0 B g_root_inode
2d0254b4 b g_idleargv
2d0254bc b g_idletcb
2d025640 b g_child_pool
2d025944 B g_system_timer
2d025948 b g_systrvr
2d02594c b g_alarmcb
2d025954 B g_rtc_enabled
2d025958 b g_rtc_save
2d02595c b s_retry.7903
2d025960 b s_wdog.7902
2d025974 b s_last_regs
2d025a48 b g_ep0in
2d025a58 b g_ep0out
2d025a68 b g_ep0outbuffer
2d025aa8 b g_ep0setup
2d025ab8 b g_usbdev
2d025ce4 b g_devno
2d025ce8 b g_used_lna
2d025ce9 b initialized.6988
2d025cec b g_sdcard_work
2d025d04 b g_sdhci
2d025d0c b avdd_on.8227
2d025d0d b dvdd_on.8228
2d025d10 b g_cxd56_lower
2d025d18 b g_codec_start_count
2d025d1c b g_dev
2d025d24 b g_isx012_private
2d025d34 b g_video_data_ops
2d025d38 b g_video_sensor_ops
2d025d3c b g_errcode
2d025d40 b g_exc
2d025d42 b g_sync
2d025d44 b g_bothedge
2d025d48 b g_isr
2d025d78 b cxd56_sdhci_adma_dscr
2d025df8 b wostop.7913
2d025dfc b g_cxd56_cisif_complete_capture
2d025e00 b g_errint_receive
2d025e04 b g_jpg_notify_callback_func
2d025e08 b g_jpgint_receive
2d025e09 b g_state
2d025e0c b g_storage_addr
2d025e10 b g_ycc_notify_callback_func
2d025e14 b adc_active
2d026000 b g_descriptors
2d026200 b g_dmac
2d026204 b g_dmach
2d026404 b g_tmrdevs
2d02643c b g_wdtdev
2d026450 b g_cpu1_info
2d026524 b g_devno
2d026528 b dev_audio_created.7629
2d026529 b g_retchar
2d02652b b g_retchar
2d02652d B g_hostname
2d026550 B g_current_regs
2d026554 B g_waitingformqnotempty
2d02655c B g_waitingforsemaphore
2d026564 B g_readytorun
2d02656c B g_waitingformqnotfull
2d026574 B g_inactivetasks
2d02657c B g_waitingforsignal
2d026584 B g_pidhash
2d026684 B g_pendingtasks
2d02668c B g_lastpid
2d02668e B g_nx_initstate
2d026690 B g_running_tasks
2d026694 B g_msgfree
2d02669c B g_msgfreeirq
2d0266a4 B g_hpwork
2d0266b0 B g_lpwork
2d0266c4 B g_grouphead
2d0266c8 B g_irqvector
2d026b48 B g_sigfreeaction
2d026b50 B g_sigpendingaction
2d026b58 B g_sigpendingirqaction
2d026b60 B g_sigpendingirqsignal
2d026b68 B g_sigpendingsignal
2d026b70 B g_wdactivelist
2d026b78 B g_basetime
2d026b80 B g_mmheap
2d026b84 B i2c
2d026b88 B g_scudev
2d026cb8 B g_fifomem
2d026d34 A _ebss
2d180000 A __stack
